{"unit_id": "attrs-boundary-09--forward", "build": "ok", "head": "e38e597fa1c3"}
{"unit_id": "click-boundary-07--forward", "build": "ok", "head": "03615435644f"}
{"unit_id": "itsdangerous-boundary-07--forward", "build": "ok", "head": "502b884fc977"}
{"unit_id": "jinja-boundary-09--forward", "build": "ok", "head": "1dbed902253d"}
{"unit_id": "more-itertools-boundary-08--forward", "build": "ok", "head": "e522c9d56b93"}
{"unit_id": "packaging-boundary-08--forward", "build": "ok", "head": "35f140098658"}
{"unit_id": "python-dotenv-boundary-06--forward", "build": "ok", "head": "1a8b1f41e379"}
{"unit_id": "urllib3-boundary-07--forward", "build": "ok", "head": "a92fb6724249"}
{"unit_id": "attrs-guard_raise-03--forward", "build": "ok", "head": "56fe6a640bc0"}
{"unit_id": "click-boundary-10--forward", "build": "ok", "head": "33406e678d2f"}
{"unit_id": "itsdangerous-guard_raise-01--forward", "build": "ok", "head": "fa3afc35ddfb"}
{"unit_id": "jinja-boundary-12--forward", "build": "ok", "head": "0e0446a04778"}
{"unit_id": "more-itertools-boundary-10--forward", "build": "ok", "head": "b60cd078f65e"}
{"unit_id": "packaging-boundary-11--forward", "build": "ok", "head": "7cc72bd5b02a"}
{"unit_id": "python-dotenv-boundary-08--forward", "build": "ok", "head": "52953c526819"}
{"unit_id": "urllib3-guard_raise-03--forward", "build": "ok", "head": "4e65e55a6776"}
{"unit_id": "attrs-none_guard-14--forward", "build": "ok", "head": "364ae9db3a02"}
{"unit_id": "click-guard_raise-03--forward", "build": "ok", "head": "f661022b5777"}
{"unit_id": "itsdangerous-guard_raise-04--forward", "build": "ok", "head": "fc8d22125ef5"}
{"unit_id": "jinja-guard_raise-01--forward", "build": "ok", "head": "61029417bfda"}
{"unit_id": "more-itertools-guard_raise-04--forward", "build": "ok", "head": "f30e6ac8b7c8"}
{"unit_id": "packaging-guard_raise-01--forward", "build": "ok", "head": "03d6af4d0584"}
{"unit_id": "python-dotenv-guard_raise-01--forward", "build": "ok", "head": "0a67e9dd32f3"}
{"unit_id": "urllib3-guard_raise-04--forward", "build": "ok", "head": "d5058bfd7ef3"}
{"unit_id": "attrs-none_guard-15--forward", "build": "ok", "head": "ba29c715f3f7"}
{"unit_id": "click-guard_raise-05--forward", "build": "ok", "head": "bb1231f13224"}
{"unit_id": "itsdangerous-guard_raise-05--forward", "build": "ok", "head": "dbdc2c93aa8c"}
{"unit_id": "jinja-none_guard-13--forward", "build": "ok", "head": "24c7bc1bcbd8"}
{"unit_id": "more-itertools-guard_raise-05--forward", "build": "ok", "head": "686502f12dbb"}
{"unit_id": "packaging-guard_raise-06--forward", "build": "ok", "head": "4f0a5c209d2d"}
{"unit_id": "python-dotenv-guard_raise-02--forward", "build": "ok", "head": "3773758961ba"}
{"unit_id": "urllib3-none_guard-15--forward", "build": "ok", "head": "9ea5546359b0"}
{"unit_id": "attrs-none_guard-17--forward", "build": "ok", "head": "463b45b4ba93"}
{"unit_id": "click-none_guard-15--forward", "build": "ok", "head": "0a968e548b93"}
{"unit_id": "itsdangerous-guard_raise-06--forward", "build": "ok", "head": "bec5a8b94114"}
{"unit_id": "jinja-none_guard-14--forward", "build": "ok", "head": "fbc3fd4d1b25"}
{"unit_id": "more-itertools-none_guard-17--forward", "build": "ok", "head": "7d2a6c781463"}
{"unit_id": "packaging-none_guard-13--forward", "build": "ok", "head": "a486be6575ea"}
{"unit_id": "python-dotenv-guard_raise-04--forward", "build": "ok", "head": "dd825dae086b"}
{"unit_id": "urllib3-none_guard-18--forward", "build": "ok", "head": "bb697e26d8d1"}
built 40 of 40 sampled cases
