{"protocol_sha256": "8b828f45cbddc024750ca71136e5802ca3331fb35db1f28180f4fe1f167a8ffb", "freeze_at": "2026-09-12T19:56:56.220064+00:00", "population": ["python-babel/babel", "pyparsing/pyparsing", "Delgan/loguru", "mahmoud/boltons", "tkem/cachetools", "marshmallow-code/marshmallow"], "sampled_units": 24, "trials_recorded": 0, "reserved_usd": 3.7, "headroom_usd": 28.566803999999994}
{"reservation_usd": 1.0, "history_cases": 0, "ceiling_usd": 1.0}
{"unit_id": "Delgan/loguru#1510", "task_id": "20260912-202853-24b53c62", "recorded_at": "2026-09-12T20:28:53.802780+00:00", "candidates": 3, "eligible": 1, "attempted": 1, "certified": 0, "would_publish": [], "behavior_changes_verified": 0, "behavior_changes_intent_unknown": 0, "failure_categories": {"no difference at the change": 1}, "units_read": 1, "units_planned": 1, "budget_limited": false, "deferred_reason": null, "spend_usd": 0.122249, "elapsed_s": 42.68, "executor_profile": "linux-container-v1"}
{"unit_id": "Delgan/loguru#1510", "lines": {"red": 0, "value": 0, "gate": 0, "impact": 0}}
{"unit_id": "mahmoud/boltons#481", "task_id": "20260912-202937-934dcc56", "recorded_at": "2026-09-12T20:29:37.418933+00:00", "candidates": 6, "eligible": 6, "attempted": 5, "certified": 0, "would_publish": [], "behavior_changes_verified": 0, "behavior_changes_intent_unknown": 4, "failure_categories": {"other": 5}, "units_read": 1, "units_planned": 2, "budget_limited": true, "deferred_reason": null, "spend_usd": 0.280597, "elapsed_s": 63.891, "executor_profile": "linux-container-v1"}
{"unit_id": "mahmoud/boltons#481", "lines": {"red": 0, "value": 0, "gate": 0, "impact": 0}}
{"unit_id": "marshmallow-code/marshmallow#3034", "task_id": "20260912-203042-9412d645", "recorded_at": "2026-09-12T20:30:42.407893+00:00", "candidates": 0, "eligible": 0, "attempted": 0, "certified": 0, "would_publish": [], "behavior_changes_verified": 0, "behavior_changes_intent_unknown": 0, "failure_categories": {}, "units_read": 2, "units_planned": 2, "budget_limited": false, "deferred_reason": null, "spend_usd": 0.044374, "elapsed_s": 7.519, "executor_profile": ""}
{"unit_id": "marshmallow-code/marshmallow#3034", "lines": {"red": 0, "value": 0, "gate": 0, "impact": 0}}
{"unit_id": "pyparsing/pyparsing#653", "task_id": "20260912-203050-88139e98", "recorded_at": "2026-09-12T20:30:50.849889+00:00", "candidates": 13, "eligible": 7, "attempted": 3, "certified": 0, "would_publish": [], "behavior_changes_verified": 0, "behavior_changes_intent_unknown": 3, "failure_categories": {"other": 3}, "units_read": 1, "units_planned": 1, "budget_limited": false, "deferred_reason": null, "spend_usd": 0.203266, "elapsed_s": 55.515, "executor_profile": "linux-container-v1"}
{"unit_id": "pyparsing/pyparsing#653", "lines": {"red": 0, "value": 0, "gate": 0, "impact": 0}}
{"unit_id": "python-babel/babel#1318", "task_id": "20260912-203149-847a2356", "recorded_at": "2026-09-12T20:31:49.168784+00:00", "candidates": 2, "eligible": 2, "attempted": 2, "certified": 0, "would_publish": [], "behavior_changes_verified": 0, "behavior_changes_intent_unknown": 1, "failure_categories": {"other": 2}, "units_read": 1, "units_planned": 1, "budget_limited": false, "deferred_reason": null, "spend_usd": 0.146101, "elapsed_s": 34.669, "executor_profile": "linux-container-v1"}
{"unit_id": "python-babel/babel#1318", "lines": {"red": 0, "value": 0, "gate": 0, "impact": 0}}
{"unit_id": "tkem/cachetools#413", "task_id": "20260912-203224-242debb6", "recorded_at": "2026-09-12T20:32:24.920944+00:00", "candidates": 0, "eligible": 0, "attempted": 0, "certified": 0, "would_publish": [], "behavior_changes_verified": 0, "behavior_changes_intent_unknown": 0, "failure_categories": {}, "units_read": 1, "units_planned": 1, "budget_limited": false, "deferred_reason": null, "spend_usd": 0.012145, "elapsed_s": 3.171, "executor_profile": ""}
{"unit_id": "tkem/cachetools#413", "lines": {"red": 0, "value": 0, "gate": 0, "impact": 0}}
{"unit_id": "Delgan/loguru#1504", "task_id": "20260912-203228-f1264e93", "recorded_at": "2026-09-12T20:32:28.462611+00:00", "candidates": 1, "eligible": 1, "attempted": 1, "certified": 0, "would_publish": [], "behavior_changes_verified": 0, "behavior_changes_intent_unknown": 1, "failure_categories": {"behavior change, intent unknown": 1}, "units_read": 1, "units_planned": 1, "budget_limited": false, "deferred_reason": null, "spend_usd": 0.074846, "elapsed_s": 19.114, "executor_profile": "linux-container-v1"}
{"unit_id": "Delgan/loguru#1504", "lines": {"red": 0, "value": 1, "gate": 0, "impact": 0}}
{"unit_id": "mahmoud/boltons#434", "task_id": "20260912-203248-de4afc1b", "recorded_at": "2026-09-12T20:32:48.501627+00:00", "candidates": 10, "eligible": 8, "attempted": 3, "certified": 0, "would_publish": [], "behavior_changes_verified": 0, "behavior_changes_intent_unknown": 2, "failure_categories": {"no difference at the change": 1, "other": 2}, "units_read": 1, "units_planned": 10, "budget_limited": true, "deferred_reason": null, "spend_usd": 0.279569, "elapsed_s": 98.672, "executor_profile": "linux-container-v1"}
{"unit_id": "mahmoud/boltons#434", "lines": {"red": 0, "value": 0, "gate": 0, "impact": 0}}
{"unit_id": "marshmallow-code/marshmallow#3004", "task_id": "20260912-203428-249fc271", "recorded_at": "2026-09-12T20:34:28.772149+00:00", "candidates": 0, "eligible": 0, "attempted": 0, "certified": 0, "would_publish": [], "behavior_changes_verified": 0, "behavior_changes_intent_unknown": 0, "failure_categories": {}, "units_read": 1, "units_planned": 1, "budget_limited": false, "deferred_reason": null, "spend_usd": 0.011749, "elapsed_s": 4.026, "executor_profile": ""}
{"unit_id": "marshmallow-code/marshmallow#3004", "lines": {"red": 0, "value": 0, "gate": 0, "impact": 0}}
{"unit_id": "pyparsing/pyparsing#645", "task_id": "20260912-203433-069b0423", "recorded_at": "2026-09-12T20:34:33.833756+00:00", "candidates": 8, "eligible": 8, "attempted": 6, "certified": 0, "would_publish": [], "behavior_changes_verified": 0, "behavior_changes_intent_unknown": 2, "failure_categories": {"other": 5, "no difference at the change": 1}, "units_read": 1, "units_planned": 1, "budget_limited": false, "deferred_reason": null, "spend_usd": 0.372862, "elapsed_s": 100.456, "executor_profile": "linux-container-v1"}
{"unit_id": "pyparsing/pyparsing#645", "lines": {"red": 0, "value": 0, "gate": 0, "impact": 0}}
{"unit_id": "python-babel/babel#1319", "task_id": "20260912-203617-d0a3c0bd", "recorded_at": "2026-09-12T20:36:17.033517+00:00", "candidates": 1, "eligible": 0, "attempted": 0, "certified": 0, "would_publish": [], "behavior_changes_verified": 0, "behavior_changes_intent_unknown": 0, "failure_categories": {}, "units_read": 1, "units_planned": 1, "budget_limited": false, "deferred_reason": null, "spend_usd": 0.02046, "elapsed_s": 7.066, "executor_profile": "linux-container-v1"}
{"unit_id": "python-babel/babel#1319", "lines": {"red": 0, "value": 0, "gate": 0, "impact": 0}}
{"unit_id": "tkem/cachetools#386", "task_id": "20260912-203625-df60aed8", "recorded_at": "2026-09-12T20:36:25.246087+00:00", "candidates": 0, "eligible": 0, "attempted": 0, "certified": 0, "would_publish": [], "behavior_changes_verified": 0, "behavior_changes_intent_unknown": 0, "failure_categories": {}, "units_read": 1, "units_planned": 1, "budget_limited": false, "deferred_reason": null, "spend_usd": 0.014914, "elapsed_s": 3.25, "executor_profile": ""}
{"unit_id": "tkem/cachetools#386", "lines": {"red": 0, "value": 0, "gate": 0, "impact": 0}}
{"unit_id": "Delgan/loguru#1508", "task_id": "20260912-203628-fd441faf", "recorded_at": "2026-09-12T20:36:28.826730+00:00", "candidates": 1, "eligible": 1, "attempted": 1, "certified": 0, "would_publish": [], "behavior_changes_verified": 0, "behavior_changes_intent_unknown": 1, "failure_categories": {"behavior change, intent unknown": 1}, "units_read": 1, "units_planned": 1, "budget_limited": false, "deferred_reason": null, "spend_usd": 0.081204, "elapsed_s": 22.769, "executor_profile": "linux-container-v1"}
{"unit_id": "Delgan/loguru#1508", "lines": {"red": 0, "value": 1, "gate": 0, "impact": 0}}
{"unit_id": "mahmoud/boltons#475", "task_id": "20260912-203652-9e09c3f1", "recorded_at": "2026-09-12T20:36:52.486806+00:00", "candidates": 0, "eligible": 0, "attempted": 0, "certified": 0, "would_publish": [], "behavior_changes_verified": 0, "behavior_changes_intent_unknown": 0, "failure_categories": {}, "units_read": 1, "units_planned": 1, "budget_limited": false, "deferred_reason": null, "spend_usd": 0.010591, "elapsed_s": 3.191, "executor_profile": ""}
{"unit_id": "mahmoud/boltons#475", "lines": {"red": 0, "value": 0, "gate": 0, "impact": 0}}
{"unit_id": "marshmallow-code/marshmallow#3024", "task_id": "20260912-203656-6432534a", "recorded_at": "2026-09-12T20:36:56.572226+00:00", "candidates": 5, "eligible": 5, "attempted": 3, "certified": 0, "would_publish": [], "behavior_changes_verified": 0, "behavior_changes_intent_unknown": 3, "failure_categories": {"behavior change, intent unknown": 3}, "units_read": 1, "units_planned": 1, "budget_limited": false, "deferred_reason": null, "spend_usd": 0.162147, "elapsed_s": 52.992, "executor_profile": "linux-container-v1"}
{"unit_id": "marshmallow-code/marshmallow#3024", "lines": {"red": 0, "value": 3, "gate": 0, "impact": 0}}
{"unit_id": "pyparsing/pyparsing#649", "task_id": "20260912-203750-5a33b83a", "recorded_at": "2026-09-12T20:37:50.332872+00:00", "candidates": 0, "eligible": 0, "attempted": 0, "certified": 0, "would_publish": [], "behavior_changes_verified": 0, "behavior_changes_intent_unknown": 0, "failure_categories": {}, "units_read": 1, "units_planned": 1, "budget_limited": false, "deferred_reason": null, "spend_usd": 0.012597, "elapsed_s": 3.474, "executor_profile": ""}
{"unit_id": "pyparsing/pyparsing#649", "lines": {"red": 0, "value": 0, "gate": 0, "impact": 0}}
{"unit_id": "python-babel/babel#1161", "task_id": "20260912-203756-39963146", "recorded_at": "2026-09-12T20:37:56.490963+00:00", "candidates": 0, "eligible": 0, "attempted": 0, "certified": 0, "would_publish": [], "behavior_changes_verified": 0, "behavior_changes_intent_unknown": 0, "failure_categories": {}, "units_read": 2, "units_planned": 5, "budget_limited": true, "deferred_reason": null, "spend_usd": 0.070718, "elapsed_s": 7.584, "executor_profile": ""}
{"unit_id": "python-babel/babel#1161", "lines": {"red": 0, "value": 0, "gate": 0, "impact": 0}}
{"unit_id": "tkem/cachetools#365", "task_id": "20260912-203805-1fc81559", "recorded_at": "2026-09-12T20:38:05.372481+00:00", "candidates": 0, "eligible": 0, "attempted": 0, "certified": 0, "would_publish": [], "behavior_changes_verified": 0, "behavior_changes_intent_unknown": 0, "failure_categories": {}, "units_read": 1, "units_planned": 1, "budget_limited": false, "deferred_reason": null, "spend_usd": 0.00637, "elapsed_s": 2.527, "executor_profile": ""}
{"unit_id": "tkem/cachetools#365", "lines": {"red": 0, "value": 0, "gate": 0, "impact": 0}}
{"unit_id": "Delgan/loguru#1507", "task_id": "20260912-203808-b2d84caa", "recorded_at": "2026-09-12T20:38:08.118462+00:00", "candidates": 0, "eligible": 0, "attempted": 0, "certified": 0, "would_publish": [], "behavior_changes_verified": 0, "behavior_changes_intent_unknown": 0, "failure_categories": {}, "units_read": 1, "units_planned": 1, "budget_limited": false, "deferred_reason": null, "spend_usd": 0.012482, "elapsed_s": 2.747, "executor_profile": ""}
{"unit_id": "Delgan/loguru#1507", "lines": {"red": 0, "value": 0, "gate": 0, "impact": 0}}
{"unit_id": "mahmoud/boltons#467", "task_id": "20260912-203811-78153734", "recorded_at": "2026-09-12T20:38:11.708151+00:00", "candidates": 3, "eligible": 3, "attempted": 3, "certified": 0, "would_publish": [], "behavior_changes_verified": 0, "behavior_changes_intent_unknown": 3, "failure_categories": {"behavior change, intent unknown": 3}, "units_read": 1, "units_planned": 1, "budget_limited": false, "deferred_reason": null, "spend_usd": 0.144921, "elapsed_s": 33.699, "executor_profile": "linux-container-v1"}
{"unit_id": "mahmoud/boltons#467", "lines": {"red": 0, "value": 2, "gate": 0, "impact": 0}}
{"unit_id": "marshmallow-code/marshmallow#3016", "task_id": "20260912-203846-6035deca", "recorded_at": "2026-09-12T20:38:46.366159+00:00", "candidates": 0, "eligible": 0, "attempted": 0, "certified": 0, "would_publish": [], "behavior_changes_verified": 0, "behavior_changes_intent_unknown": 0, "failure_categories": {}, "units_read": 1, "units_planned": 1, "budget_limited": false, "deferred_reason": null, "spend_usd": 0.017491, "elapsed_s": 3.946, "executor_profile": ""}
{"unit_id": "marshmallow-code/marshmallow#3016", "lines": {"red": 0, "value": 0, "gate": 0, "impact": 0}}
{"unit_id": "pyparsing/pyparsing#648", "task_id": "20260912-203851-36a81f9e", "recorded_at": "2026-09-12T20:38:51.186981+00:00", "candidates": 0, "eligible": 0, "attempted": 0, "certified": 0, "would_publish": [], "behavior_changes_verified": 0, "behavior_changes_intent_unknown": 0, "failure_categories": {}, "units_read": 1, "units_planned": 1, "budget_limited": false, "deferred_reason": null, "spend_usd": 0.008888, "elapsed_s": 3.425, "executor_profile": ""}
{"unit_id": "pyparsing/pyparsing#648", "lines": {"red": 0, "value": 0, "gate": 0, "impact": 0}}
{"unit_id": "python-babel/babel#1291", "task_id": "20260912-203857-bab4f8f2", "recorded_at": "2026-09-12T20:38:57.302827+00:00", "candidates": 2, "eligible": 2, "attempted": 2, "certified": 0, "would_publish": [], "behavior_changes_verified": 0, "behavior_changes_intent_unknown": 0, "failure_categories": {"probe did not reach the change": 2}, "units_read": 1, "units_planned": 1, "budget_limited": false, "deferred_reason": null, "spend_usd": 0.268284, "elapsed_s": 51.84, "executor_profile": "linux-container-v1"}
{"unit_id": "python-babel/babel#1291", "lines": {"red": 0, "value": 0, "gate": 0, "impact": 0}}
{"unit_id": "tkem/cachetools#340", "task_id": "20260912-203950-49370491", "recorded_at": "2026-09-12T20:39:50.330047+00:00", "candidates": 0, "eligible": 0, "attempted": 0, "certified": 0, "would_publish": [], "behavior_changes_verified": 0, "behavior_changes_intent_unknown": 0, "failure_categories": {}, "units_read": 1, "units_planned": 1, "budget_limited": false, "deferred_reason": null, "spend_usd": 0.005991, "elapsed_s": 3.189, "executor_profile": ""}
{"unit_id": "tkem/cachetools#340", "lines": {"red": 0, "value": 0, "gate": 0, "impact": 0}}
