{"unit_id": "attrs-boundary-09--forward", "build": "ok", "head": "9615935db741"}
{"unit_id": "click-boundary-07--forward", "build": "ok", "head": "5b22d850c9d6"}
{"unit_id": "itsdangerous-boundary-07--forward", "build": "ok", "head": "d92b0d3f2c77"}
{"unit_id": "jinja-boundary-09--forward", "build": "ok", "head": "237e44d920b0"}
{"unit_id": "more-itertools-boundary-08--forward", "build": "ok", "head": "9abfeb397d2b"}
{"unit_id": "packaging-boundary-08--forward", "build": "ok", "head": "149bf04c334e"}
{"unit_id": "python-dotenv-boundary-06--forward", "build": "ok", "head": "a2a61aaa4e6d"}
{"unit_id": "urllib3-boundary-07--forward", "build": "ok", "head": "9144135361b9"}
{"unit_id": "attrs-guard_raise-03--forward", "build": "ok", "head": "d0749338c594"}
{"unit_id": "click-boundary-10--forward", "build": "ok", "head": "14681eccdc65"}
{"unit_id": "itsdangerous-guard_raise-01--forward", "build": "ok", "head": "ac2bf643aa8e"}
{"unit_id": "jinja-boundary-12--forward", "build": "ok", "head": "c171ec4a962a"}
{"unit_id": "more-itertools-boundary-10--forward", "build": "ok", "head": "a287cd5cb5a8"}
{"unit_id": "packaging-boundary-11--forward", "build": "ok", "head": "8e7589ca3f8c"}
{"unit_id": "python-dotenv-boundary-08--forward", "build": "ok", "head": "a418ecada536"}
{"unit_id": "urllib3-guard_raise-03--forward", "build": "ok", "head": "88c7faf651d9"}
{"unit_id": "attrs-none_guard-14--forward", "build": "ok", "head": "548430914a06"}
{"unit_id": "click-guard_raise-03--forward", "build": "ok", "head": "8ba48d28392c"}
{"unit_id": "itsdangerous-guard_raise-04--forward", "build": "ok", "head": "15950af3bcd1"}
{"unit_id": "jinja-guard_raise-01--forward", "build": "ok", "head": "9db3ccef2f8e"}
{"unit_id": "more-itertools-guard_raise-04--forward", "build": "ok", "head": "9092a97274ee"}
{"unit_id": "packaging-guard_raise-01--forward", "build": "ok", "head": "5ce3ffa1c9f6"}
{"unit_id": "python-dotenv-guard_raise-01--forward", "build": "ok", "head": "702ca8058bfc"}
{"unit_id": "urllib3-guard_raise-04--forward", "build": "ok", "head": "2fbcf0faa11d"}
{"unit_id": "attrs-none_guard-15--forward", "build": "ok", "head": "c4c7b6713f6f"}
{"unit_id": "click-guard_raise-05--forward", "build": "ok", "head": "a22d2ab71f1f"}
{"unit_id": "itsdangerous-guard_raise-05--forward", "build": "ok", "head": "829d2dfcc4f6"}
{"unit_id": "jinja-none_guard-13--forward", "build": "ok", "head": "70a924560249"}
{"unit_id": "more-itertools-guard_raise-05--forward", "build": "ok", "head": "20b2e74c4309"}
{"unit_id": "packaging-guard_raise-06--forward", "build": "ok", "head": "6b5f2dd02fd5"}
{"unit_id": "python-dotenv-guard_raise-02--forward", "build": "ok", "head": "d7a818ddae17"}
{"unit_id": "urllib3-none_guard-15--forward", "build": "ok", "head": "aec630468778"}
{"unit_id": "attrs-none_guard-17--forward", "build": "ok", "head": "b0720fc7e84b"}
{"unit_id": "click-none_guard-15--forward", "build": "ok", "head": "2da7f36aa32c"}
{"unit_id": "itsdangerous-guard_raise-06--forward", "build": "ok", "head": "8d09eae3d211"}
{"unit_id": "jinja-none_guard-14--forward", "build": "ok", "head": "53a4166ff040"}
{"unit_id": "more-itertools-none_guard-17--forward", "build": "ok", "head": "be17450fc699"}
{"unit_id": "packaging-none_guard-13--forward", "build": "ok", "head": "e4064110ff5d"}
{"unit_id": "python-dotenv-guard_raise-04--forward", "build": "ok", "head": "220408783595"}
{"unit_id": "urllib3-none_guard-18--forward", "build": "ok", "head": "df4689d9bb75"}
built 40 of 40 sampled cases
