{"unit_id": "attrs-boundary-09--forward", "build": "ok", "head": "ec5acf1d998e"}
{"unit_id": "click-boundary-07--forward", "build": "ok", "head": "f04baa684146"}
{"unit_id": "itsdangerous-boundary-07--forward", "build": "ok", "head": "fcadc72c2eba"}
{"unit_id": "jinja-boundary-09--forward", "build": "ok", "head": "66e1fa0435af"}
{"unit_id": "more-itertools-boundary-08--forward", "build": "ok", "head": "3bbee8cf5a74"}
{"unit_id": "packaging-boundary-08--forward", "build": "ok", "head": "706f2517bcbc"}
{"unit_id": "python-dotenv-boundary-06--forward", "build": "ok", "head": "bf3c86e788a2"}
{"unit_id": "urllib3-boundary-07--forward", "build": "ok", "head": "e49cacd061f2"}
{"unit_id": "attrs-guard_raise-03--forward", "build": "ok", "head": "4b289190558d"}
{"unit_id": "click-boundary-10--forward", "build": "ok", "head": "8e9e6c75f1bb"}
{"unit_id": "itsdangerous-guard_raise-01--forward", "build": "ok", "head": "42aa2443dbc3"}
{"unit_id": "jinja-boundary-12--forward", "build": "ok", "head": "f44ef25c8ba0"}
{"unit_id": "more-itertools-boundary-10--forward", "build": "ok", "head": "2976cac9727d"}
{"unit_id": "packaging-boundary-11--forward", "build": "ok", "head": "ef10d47b7cea"}
{"unit_id": "python-dotenv-boundary-08--forward", "build": "ok", "head": "5ecb20264877"}
{"unit_id": "urllib3-guard_raise-03--forward", "build": "ok", "head": "4746cf4f2e2f"}
{"unit_id": "attrs-none_guard-14--forward", "build": "ok", "head": "7d84100f2166"}
{"unit_id": "click-guard_raise-03--forward", "build": "ok", "head": "bd018b6398bf"}
{"unit_id": "itsdangerous-guard_raise-04--forward", "build": "ok", "head": "866a26c3c5e8"}
{"unit_id": "jinja-guard_raise-01--forward", "build": "ok", "head": "0f7bed957caa"}
{"unit_id": "more-itertools-guard_raise-04--forward", "build": "ok", "head": "d668e632c749"}
{"unit_id": "packaging-guard_raise-01--forward", "build": "ok", "head": "e5be644c4c3c"}
{"unit_id": "python-dotenv-guard_raise-01--forward", "build": "ok", "head": "feda98e20c05"}
{"unit_id": "urllib3-guard_raise-04--forward", "build": "ok", "head": "3bd5f01b4b15"}
{"unit_id": "attrs-none_guard-15--forward", "build": "ok", "head": "2996874d1caf"}
{"unit_id": "click-guard_raise-05--forward", "build": "ok", "head": "1896ac8d9bf0"}
{"unit_id": "itsdangerous-guard_raise-05--forward", "build": "ok", "head": "1ac922415b95"}
{"unit_id": "jinja-none_guard-13--forward", "build": "ok", "head": "02e577a55ad9"}
{"unit_id": "more-itertools-guard_raise-05--forward", "build": "ok", "head": "ffac985bf065"}
{"unit_id": "packaging-guard_raise-06--forward", "build": "ok", "head": "81d787cd8959"}
{"unit_id": "python-dotenv-guard_raise-02--forward", "build": "ok", "head": "3f9e8ee85074"}
{"unit_id": "urllib3-none_guard-15--forward", "build": "ok", "head": "1b4865a811f9"}
{"unit_id": "attrs-none_guard-17--forward", "build": "ok", "head": "8523b28f56e0"}
{"unit_id": "click-none_guard-15--forward", "build": "ok", "head": "2f2d8c784d35"}
{"unit_id": "itsdangerous-guard_raise-06--forward", "build": "ok", "head": "4130b8e21ca0"}
{"unit_id": "jinja-none_guard-14--forward", "build": "ok", "head": "c9aba01ef445"}
{"unit_id": "more-itertools-none_guard-17--forward", "build": "ok", "head": "dfba11f6be5b"}
{"unit_id": "packaging-none_guard-13--forward", "build": "ok", "head": "1eddae5f06aa"}
{"unit_id": "python-dotenv-guard_raise-04--forward", "build": "ok", "head": "f9e40c548aa8"}
{"unit_id": "urllib3-none_guard-18--forward", "build": "ok", "head": "e89054813cf9"}
built 40 of 40 sampled cases
