label=python311
step=full
checkout=/private/tmp/attest-phase0-14a57fb.xmEskE/python311-checkout
callable=full_step
$ pytest full repository
........................................................................ [  6%]
........................................................................ [ 12%]
........................................................................ [ 19%]
........................................................................ [ 25%]
........................................................................ [ 32%]
........................................................................ [ 38%]
........................................................................ [ 45%]
........................................................................ [ 51%]
........................................................................ [ 58%]
........................................................................ [ 64%]
........................................................................ [ 71%]
........................................................................ [ 77%]
........................................................................ [ 84%]
........................................................................ [ 90%]
........................................................................ [ 96%]
..................................                                       [100%]
