label=python311
step=coverage
checkout=/private/tmp/attest-phase0-14a57fb.xmEskE/python311-checkout
callable=coverage_step
$ pytest full repository with source coverage
........................................................................ [  6%]
........................................................................ [ 12%]
........................................................................ [ 19%]
........................................................................ [ 25%]
........................................................................ [ 32%]
........................................................................ [ 38%]
........................................................................ [ 45%]
........................................................................ [ 51%]
........................................................................ [ 58%]
........................................................................ [ 64%]
........................................................................ [ 71%]
........................................................................ [ 77%]
........................................................................ [ 84%]
........................................................................ [ 90%]
........................................................................ [ 96%]
..................................                                       [100%]
================================ tests coverage ================================
_______________ coverage: platform darwin, python 3.11.5-final-0 _______________

Name                                  Stmts   Miss  Cover   Missing
-------------------------------------------------------------------
src/attest/__init__.py                    1      0   100%
src/attest/benchmark/__init__.py         12      0   100%
src/attest/benchmark/api.py             369     19    95%   253, 255, 257, 262, 290, 296, 304, 311, 556, 692, 698, 701, 724, 740-741, 753-754, 772, 775
src/attest/benchmark/artifacts.py       386     68    82%   121, 136, 173, 177, 179, 199, 236, 246, 269, 295, 312-318, 323, 333, 339, 366, 401, 416, 418, 422, 438, 460-467, 472, 477, 499-500, 507-509, 554, 561-562, 568, 575-576, 591-592, 623-624, 627-628, 634-657, 687, 727
src/attest/benchmark/baselines.py       813     92    89%   349, 459-461, 486, 597-598, 600, 603-604, 606, 672-681, 686, 696, 705, 709, 745, 767, 770, 877-878, 903-904, 947-948, 959, 974-975, 1008-1011, 1026-1031, 1082, 1101, 1128, 1142, 1147, 1155, 1186, 1204, 1217, 1230, 1236, 1254, 1264, 1307, 1312, 1330, 1364, 1384-1385, 1409, 1437, 1444, 1474, 1516, 1519, 1522, 1524, 1532, 1565, 1579, 1584, 1595, 1604, 1609, 1777-1781, 1790, 1817, 1836, 1873, 1883, 1886, 1894, 1898, 1901, 1906-1907, 1941, 1982, 1999
src/attest/benchmark/checkpoints.py     396     64    84%   70, 78, 101, 103, 108-109, 172, 197, 268, 279-280, 282-283, 285, 347-380, 426-427, 431, 457, 466, 475, 477, 479, 519, 523-527, 562, 583, 587-588, 597, 607-608, 610, 619, 637, 683, 693, 698, 711, 724, 737, 753, 765, 774-775, 779, 782-783, 785
src/attest/benchmark/corpus.py         1610    230    86%   197, 224, 251, 306, 364, 401, 404-405, 410, 417, 419, 441, 450, 453, 456, 463, 480, 482, 485, 504, 542, 553-559, 566, 587-588, 638-639, 728, 733, 769, 887, 914-915, 1154, 1191, 1236-1237, 1303, 1306-1308, 1324-1327, 1335-1341, 1343-1346, 1366, 1380, 1386, 1449-1450, 1457, 1460-1461, 1466-1467, 1493, 1495, 1497, 1499, 1503, 1505, 1508, 1537-1538, 1551-1552, 1566, 1568, 1572, 1574, 1576, 1609-1610, 1639, 1641, 1645, 1649, 1651, 1653, 1655, 1707-1708, 1755, 1758, 1760, 1778, 1783, 1806, 1825, 1876, 1878, 1901, 1912, 1914, 1920, 1937, 1951-1956, 2003, 2023, 2033-2038, 2041, 2046, 2144, 2149, 2157, 2274-2275, 2281-2282, 2288, 2360, 2366-2367, 2376-2377, 2409-2410, 2414-2425, 2445-2446, 2453, 2459, 2463, 2469, 2473-2474, 2478, 2484, 2489, 2497, 2503, 2516, 2520, 2539, 2542, 2548, 2562, 2570-2571, 2576, 2580, 2628, 2658, 2660, 2681-2682, 2684, 2697-2698, 2703, 2706-2707, 2709, 2716, 2720-2721, 2723, 2728-2731, 2746, 2870-2871, 2873, 2877, 2896, 2902, 2904, 2921-2922, 2930-2931, 2934, 2937-2938, 2940, 2995, 3007, 3022, 3027-3028, 3058-3059, 3072-3073, 3125, 3132, 3158, 3163, 3186-3189, 3229-3230, 3236-3237, 3245, 3248, 3258, 3261
src/attest/benchmark/experiments.py    1501     25    98%   426, 444, 469, 479, 502, 504, 2214, 2520, 3039, 3041, 3075, 3215, 3227, 3637, 3639, 3641, 3643, 3821, 3832, 3834, 3861, 3863, 3985, 4189, 4350
src/attest/benchmark/live.py            789     74    91%   240-241, 268, 324, 376, 385, 388, 394, 401, 466, 468, 472, 475, 521, 542, 613-614, 841, 846, 875, 895, 901, 918, 920, 930-931, 935, 956, 971, 1019, 1024-1028, 1043, 1045, 1047, 1059, 1068-1069, 1073, 1076-1077, 1079, 1089, 1102, 1114, 1118, 1127-1128, 1224-1225, 1341, 1354, 1449, 1498, 1504, 1535, 1559, 1563, 1615, 1618, 1621, 1675, 1677, 1681, 1696, 1700, 1714-1715, 1748-1749, 1793, 1808, 1817
src/attest/benchmark/matcher.py          48      1    98%   28
src/attest/benchmark/metrics.py         166      9    95%   67, 88, 239, 242, 251, 253, 255, 257, 292
src/attest/benchmark/report.py          368     53    86%   195, 206, 284, 292, 294, 296, 299, 301, 305-306, 359, 600, 731-736, 777, 796, 868, 924-925, 932, 937, 946, 958-969, 974-1055, 1062-1073
src/attest/benchmark/runner.py          250     16    94%   85, 100, 164, 225, 333, 372, 459, 582, 586-596, 614, 630, 633-634, 639
src/attest/benchmark/schema.py          439     33    92%   188, 195, 246-247, 255-256, 268, 277, 291-292, 301, 439, 445, 474, 553, 555, 559, 561, 564, 571, 609, 651, 699, 707, 709, 736, 774, 781, 788, 833, 839, 845, 851
src/attest/benchmark/stability.py       374     37    90%   138, 141, 147, 151, 153, 156, 159, 167, 175, 181, 210-230, 242, 407, 422, 435, 581-582, 692, 739, 802, 860
src/attest/cli/__init__.py                0      0   100%
src/attest/cli/main.py                  176      8    95%   104-106, 112-114, 117, 317
src/attest/core/__init__.py               8      0   100%
src/attest/core/allocation.py            28      0   100%
src/attest/core/betting.py               25      0   100%
src/attest/core/demo_compat.py           82      0   100%
src/attest/core/engine.py               131      1    99%   63
src/attest/core/exploration.py           13      0   100%
src/attest/core/monitor.py               46      0   100%
src/attest/core/stream.py                18      0   100%
src/attest/core/tables.py                78      0   100%
src/attest/data/__init__.py               0      0   100%
src/attest/github/__init__.py             0      0   100%
src/attest/github/client.py              71      7    90%   65, 99-102, 107, 127
src/attest/github/context.py             28      1    96%   24
src/attest/github/presentation.py        32      0   100%
src/attest/review/__init__.py             0      0   100%
src/attest/review/budget.py              44      0   100%
src/attest/review/candidates.py          76      5    93%   83, 86, 115, 122, 125
src/attest/review/channels.py            29      0   100%
src/attest/review/ci.py                 126     17    87%   103-106, 154-157, 337-350, 393-396
src/attest/review/config.py              45      0   100%
src/attest/review/dedup.py               36      1    97%   65
src/attest/review/diffs.py               60      0   100%
src/attest/review/executor.py           544     73    87%   241, 308-309, 422, 434, 449-450, 455, 458-470, 479, 536, 542-557, 562, 565-566, 569, 586-594, 619, 633, 648, 674, 678, 684, 818, 826, 835, 871, 880-881, 934-935, 942-943, 950, 1019, 1031, 1033, 1052-1053, 1055, 1061, 1094, 1106, 1143, 1204
src/attest/review/gate.py                45      0   100%
src/attest/review/ledger.py             127      6    95%   44, 98, 101-102, 234, 239
src/attest/review/proposer.py           108     14    87%   96-102, 113-122, 134, 222-223, 226, 232
src/attest/review/report.py              33      0   100%
src/attest/review/run.py                118      1    99%   266
src/attest/review/schema.py              49      1    98%   83
src/attest/review/tier0.py              114      0   100%
-------------------------------------------------------------------
TOTAL                                  9812    856    91%
Required test coverage of 90.0% reached. Total coverage: 91.28%
$ coverage report for attest.core with fail-under=99
Name                             Stmts   Miss  Cover   Missing
--------------------------------------------------------------
src/attest/core/__init__.py          8      0   100%
src/attest/core/allocation.py       28      0   100%
src/attest/core/betting.py          25      0   100%
src/attest/core/demo_compat.py      82      0   100%
src/attest/core/engine.py          131      1    99%   63
src/attest/core/exploration.py      13      0   100%
src/attest/core/monitor.py          46      0   100%
src/attest/core/stream.py           18      0   100%
src/attest/core/tables.py           78      0   100%
--------------------------------------------------------------
TOTAL                              429      1    99%
