{"unit_id": "attrs-boundary-09--forward", "build": "ok", "head": "cabf555f226a"}
{"unit_id": "click-boundary-07--forward", "build": "ok", "head": "1f078059d90d"}
{"unit_id": "itsdangerous-boundary-07--forward", "build": "ok", "head": "ffbfcc623a5d"}
{"unit_id": "jinja-boundary-09--forward", "build": "ok", "head": "fd00d0be6856"}
{"unit_id": "more-itertools-boundary-08--forward", "build": "ok", "head": "45059c333bab"}
{"unit_id": "packaging-boundary-08--forward", "build": "ok", "head": "d994643a2f4b"}
{"unit_id": "python-dotenv-boundary-06--forward", "build": "ok", "head": "08095da81000"}
{"unit_id": "urllib3-boundary-07--forward", "build": "ok", "head": "80408b9c49c8"}
{"unit_id": "attrs-guard_raise-03--forward", "build": "ok", "head": "1b9ef14e0b89"}
{"unit_id": "click-boundary-10--forward", "build": "ok", "head": "925fd9faba3e"}
{"unit_id": "itsdangerous-guard_raise-01--forward", "build": "ok", "head": "5d825b9d4cd9"}
{"unit_id": "jinja-boundary-12--forward", "build": "ok", "head": "35d87c011aa9"}
{"unit_id": "more-itertools-boundary-10--forward", "build": "ok", "head": "d72d59fa5fbc"}
{"unit_id": "packaging-boundary-11--forward", "build": "ok", "head": "6cb8358b9105"}
{"unit_id": "python-dotenv-boundary-08--forward", "build": "ok", "head": "a0a4866a6323"}
{"unit_id": "urllib3-guard_raise-03--forward", "build": "ok", "head": "b2a31606db2e"}
{"unit_id": "attrs-none_guard-14--forward", "build": "ok", "head": "2eda8408f8e4"}
{"unit_id": "click-guard_raise-03--forward", "build": "ok", "head": "3ac58a0db12c"}
{"unit_id": "itsdangerous-guard_raise-04--forward", "build": "ok", "head": "5e24e0ec9996"}
{"unit_id": "jinja-guard_raise-01--forward", "build": "ok", "head": "3171138ed640"}
{"unit_id": "more-itertools-guard_raise-04--forward", "build": "ok", "head": "b02b7d7e2df5"}
{"unit_id": "packaging-guard_raise-01--forward", "build": "ok", "head": "335c736ba8ce"}
{"unit_id": "python-dotenv-guard_raise-01--forward", "build": "ok", "head": "5fc313fcc473"}
{"unit_id": "urllib3-guard_raise-04--forward", "build": "ok", "head": "307a559a0c47"}
{"unit_id": "attrs-none_guard-15--forward", "build": "ok", "head": "51dc304c36e8"}
{"unit_id": "click-guard_raise-05--forward", "build": "ok", "head": "67d7a28bec81"}
{"unit_id": "itsdangerous-guard_raise-05--forward", "build": "ok", "head": "a82de8628d4a"}
{"unit_id": "jinja-none_guard-13--forward", "build": "ok", "head": "25fd7fc60ae8"}
{"unit_id": "more-itertools-guard_raise-05--forward", "build": "ok", "head": "1870e0e649d8"}
{"unit_id": "packaging-guard_raise-06--forward", "build": "ok", "head": "c27372ef153d"}
{"unit_id": "python-dotenv-guard_raise-02--forward", "build": "ok", "head": "1c1d1590f276"}
{"unit_id": "urllib3-none_guard-15--forward", "build": "ok", "head": "cf8d6fa24f03"}
{"unit_id": "attrs-none_guard-17--forward", "build": "ok", "head": "9a0d2a15d553"}
{"unit_id": "click-none_guard-15--forward", "build": "ok", "head": "71dee7308f05"}
{"unit_id": "itsdangerous-guard_raise-06--forward", "build": "ok", "head": "bda0425c7f44"}
{"unit_id": "jinja-none_guard-14--forward", "build": "ok", "head": "8517f22b60a7"}
{"unit_id": "more-itertools-none_guard-17--forward", "build": "ok", "head": "28887814c8a7"}
{"unit_id": "packaging-none_guard-13--forward", "build": "ok", "head": "707f09408b6d"}
{"unit_id": "python-dotenv-guard_raise-04--forward", "build": "ok", "head": "c5268e52c474"}
{"unit_id": "urllib3-none_guard-18--forward", "build": "ok", "head": "5c610ad194df"}
built 40 of 40 sampled cases
