#0 building with "default" instance using docker driver

#1 [internal] load build definition from fixture.Dockerfile
#1 transferring dockerfile: 304B done
#1 DONE 0.0s

#2 [internal] load metadata for docker.io/library/python@sha256:94c362db08c5b38857943d31b10558ff1856e918605c474d205d72a534929d4e
#2 DONE 1.5s

#3 [internal] load .dockerignore
#3 transferring context: 2B done
#3 DONE 0.0s

#4 [1/5] FROM docker.io/library/python@sha256:94c362db08c5b38857943d31b10558ff1856e918605c474d205d72a534929d4e
#4 resolve docker.io/library/python@sha256:94c362db08c5b38857943d31b10558ff1856e918605c474d205d72a534929d4e done
#4 DONE 0.0s

#5 [internal] load build context
#5 transferring context: 1.09kB done
#5 DONE 0.0s

#6 [2/5] COPY tree /source
#6 CACHED

#7 [3/5] RUN python -m pip install setuptools==67.1.0 wheel==0.38.4
#7 CACHED

#8 [4/5] WORKDIR /source
#8 CACHED

#9 [5/5] RUN python setup.py bdist_wheel -d /wheels
#9 CACHED

#10 exporting to image
#10 exporting layers done
#10 exporting manifest sha256:44d59ddc3f3efe8d7969bd5185d1973ac4bdcb17cb3b3867c32c1db81ab3ec7d done
#10 exporting config sha256:b0fc307bc86ecb848c8c88dd40a06c4fa51677d56628a221b9b5f670f0d1aaee done
#10 exporting attestation manifest sha256:fff9a45e529c18201cabf61bc0b65002459dc3ddd5e49b6356d85f4a33cf702b done
#10 exporting manifest list sha256:2c352f2df4b5fc0a4339042398db6b80555bc7f823d5ad4494db23cb99137ece done
#10 naming to docker.io/library/attest-source-runtime-fixture-builder:latest done
#10 unpacking to docker.io/library/attest-source-runtime-fixture-builder:latest done
#10 DONE 0.0s

View build details: docker-desktop://dashboard/build/default/default/wndvub7w08leqv49yb10nnjtk
