{"unit_id": "attrs-boundary-09--forward", "build": "ok", "head": "d8ffd23f7398"}
{"unit_id": "click-boundary-07--forward", "build": "ok", "head": "cb4b6091b799"}
{"unit_id": "itsdangerous-boundary-07--forward", "build": "ok", "head": "a6fa9fec9fcd"}
{"unit_id": "jinja-boundary-09--forward", "build": "ok", "head": "9c7c2999d010"}
{"unit_id": "more-itertools-boundary-08--forward", "build": "ok", "head": "7e65e757070b"}
{"unit_id": "packaging-boundary-08--forward", "build": "ok", "head": "4ebb1dcdab2d"}
{"unit_id": "python-dotenv-boundary-06--forward", "build": "ok", "head": "29949889650e"}
{"unit_id": "urllib3-boundary-07--forward", "build": "ok", "head": "d831c1134cf8"}
{"unit_id": "attrs-guard_raise-03--forward", "build": "ok", "head": "4e6856e2f4bb"}
{"unit_id": "click-boundary-10--forward", "build": "ok", "head": "113a784e2e44"}
{"unit_id": "itsdangerous-guard_raise-01--forward", "build": "ok", "head": "7f3083848a07"}
{"unit_id": "jinja-boundary-12--forward", "build": "ok", "head": "23a46eed1d28"}
{"unit_id": "more-itertools-boundary-10--forward", "build": "ok", "head": "ca7d66138ec0"}
{"unit_id": "packaging-boundary-11--forward", "build": "ok", "head": "1bd2902e39d6"}
{"unit_id": "python-dotenv-boundary-08--forward", "build": "ok", "head": "07ef65f9585c"}
{"unit_id": "urllib3-guard_raise-03--forward", "build": "ok", "head": "a2a5ae99190b"}
{"unit_id": "attrs-none_guard-14--forward", "build": "ok", "head": "b64841bc78bb"}
{"unit_id": "click-guard_raise-03--forward", "build": "ok", "head": "68bc00829adc"}
{"unit_id": "itsdangerous-guard_raise-04--forward", "build": "ok", "head": "a76434a32172"}
{"unit_id": "jinja-guard_raise-01--forward", "build": "ok", "head": "f2b7f3102607"}
{"unit_id": "more-itertools-guard_raise-04--forward", "build": "ok", "head": "b051bbb59faf"}
{"unit_id": "packaging-guard_raise-01--forward", "build": "ok", "head": "da854251dd61"}
{"unit_id": "python-dotenv-guard_raise-01--forward", "build": "ok", "head": "b84dd3268c19"}
{"unit_id": "urllib3-guard_raise-04--forward", "build": "ok", "head": "4acfd1b31446"}
{"unit_id": "attrs-none_guard-15--forward", "build": "ok", "head": "be170444fa5a"}
{"unit_id": "click-guard_raise-05--forward", "build": "ok", "head": "fb641cdc7a94"}
{"unit_id": "itsdangerous-guard_raise-05--forward", "build": "ok", "head": "f8f9803440ab"}
{"unit_id": "jinja-none_guard-13--forward", "build": "ok", "head": "e40b3bc6b70b"}
{"unit_id": "more-itertools-guard_raise-05--forward", "build": "ok", "head": "8b6d0dd44e2f"}
{"unit_id": "packaging-guard_raise-06--forward", "build": "ok", "head": "693cbd84253e"}
{"unit_id": "python-dotenv-guard_raise-02--forward", "build": "ok", "head": "3a038165dbc1"}
{"unit_id": "urllib3-none_guard-15--forward", "build": "ok", "head": "66061431f7f2"}
{"unit_id": "attrs-none_guard-17--forward", "build": "ok", "head": "62567349edf9"}
{"unit_id": "click-none_guard-15--forward", "build": "ok", "head": "e600600bc096"}
{"unit_id": "itsdangerous-guard_raise-06--forward", "build": "ok", "head": "2971b033444a"}
{"unit_id": "jinja-none_guard-14--forward", "build": "ok", "head": "fc7afd268f30"}
{"unit_id": "more-itertools-none_guard-17--forward", "build": "ok", "head": "ff5f1a420715"}
{"unit_id": "packaging-none_guard-13--forward", "build": "ok", "head": "428e3c29d97f"}
{"unit_id": "python-dotenv-guard_raise-04--forward", "build": "ok", "head": "7acd599d18c5"}
{"unit_id": "urllib3-none_guard-18--forward", "build": "ok", "head": "4f18c247c007"}
built 40 of 40 sampled cases
