{
  "denominator": 40,
  "run": 18,
  "certified": 1,
  "point": 0.025,
  "wilson95": [
    0.0044,
    0.1288
  ],
  "classes": {
    "no receipt": 9,
    "value class": 8,
    "certified": 1,
    "not run": 22
  },
  "by_kind": {
    "boundary": {
      "no receipt": 5,
      "value class": 7,
      "certified": 1
    },
    "guard_raise": {
      "value class": 1,
      "no receipt": 3,
      "not run": 13
    },
    "none_guard": {
      "no receipt": 1,
      "not run": 9
    }
  },
  "spend_usd": 1.290628
}
