=== forty S start 12:32:07
{"label": "attrs-boundary-09--forward", "arm": "S", "elapsed_s": 1.6, "certified": 0, "published": 0, "verifications": 1, "probes": [], "fidelity": true, "deferred": ""}
{"label": "click-boundary-07--forward", "arm": "S", "elapsed_s": 10.7, "certified": 0, "published": 0, "verifications": 1, "probes": [["model", ""]], "fidelity": true, "deferred": ""}
{"label": "itsdangerous-boundary-07--forward", "arm": "S", "elapsed_s": 7.4, "certified": 1, "published": 1, "verifications": 1, "probes": [["model", ""]], "fidelity": true, "deferred": ""}
{"label": "jinja-boundary-09--forward", "arm": "S", "elapsed_s": 8.9, "certified": 1, "published": 1, "verifications": 1, "probes": [["model", ""]], "fidelity": true, "deferred": ""}
{"label": "more-itertools-boundary-08--forward", "arm": "S", "elapsed_s": 15.1, "certified": 1, "published": 1, "verifications": 1, "probes": [["model", ""]], "fidelity": true, "deferred": ""}
{"label": "packaging-boundary-08--forward", "arm": "S", "elapsed_s": 11.2, "certified": 0, "published": 0, "verifications": 1, "probes": [["model", ""]], "fidelity": true, "deferred": ""}
{"label": "python-dotenv-boundary-06--forward", "arm": "S", "elapsed_s": 7.4, "certified": 0, "published": 0, "verifications": 1, "probes": [["model", ""]], "fidelity": true, "deferred": ""}
{"label": "urllib3-boundary-07--forward", "arm": "S", "elapsed_s": 11.3, "certified": 0, "published": 0, "verifications": 1, "probes": [["model", ""]], "fidelity": true, "deferred": ""}
{"label": "attrs-guard_raise-03--forward", "arm": "S", "elapsed_s": 10.1, "certified": 0, "published": 0, "verifications": 1, "probes": [["model", ""]], "fidelity": true, "deferred": ""}
{"label": "click-boundary-10--forward", "arm": "S", "elapsed_s": 9.4, "certified": 0, "published": 0, "verifications": 1, "probes": [["model", ""]], "fidelity": true, "deferred": ""}
{"label": "itsdangerous-guard_raise-01--forward", "arm": "S", "elapsed_s": 7.1, "certified": 0, "published": 0, "verifications": 1, "probes": [["model", ""]], "fidelity": true, "deferred": ""}
{"label": "jinja-boundary-12--forward", "arm": "S", "elapsed_s": 9.8, "certified": 0, "published": 0, "verifications": 1, "probes": [["model", ""]], "fidelity": true, "deferred": ""}
{"label": "more-itertools-boundary-10--forward", "arm": "S", "elapsed_s": 15.7, "certified": 0, "published": 0, "verifications": 1, "probes": [["model", ""]], "fidelity": true, "deferred": ""}
{"label": "packaging-boundary-11--forward", "arm": "S", "elapsed_s": 4.8, "certified": 0, "published": 0, "verifications": 1, "probes": [], "fidelity": true, "deferred": ""}
{"label": "python-dotenv-boundary-08--forward", "arm": "S", "elapsed_s": 7.6, "certified": 0, "published": 0, "verifications": 1, "probes": [["model", ""]], "fidelity": true, "deferred": ""}
{"label": "urllib3-guard_raise-03--forward", "arm": "S", "elapsed_s": 11.4, "certified": 0, "published": 0, "verifications": 1, "probes": [["model", ""]], "fidelity": true, "deferred": ""}
{"label": "attrs-none_guard-14--forward", "arm": "S", "elapsed_s": 9.0, "certified": 1, "published": 1, "verifications": 1, "probes": [["model", ""]], "fidelity": true, "deferred": ""}
{"label": "click-guard_raise-03--forward", "arm": "S", "elapsed_s": 2.9, "certified": 0, "published": 0, "verifications": 1, "probes": [], "fidelity": true, "deferred": ""}
{"label": "itsdangerous-guard_raise-04--forward", "arm": "S", "elapsed_s": 1.1, "certified": 0, "published": 0, "verifications": 1, "probes": [], "fidelity": true, "deferred": ""}
{"label": "jinja-guard_raise-01--forward", "arm": "S", "elapsed_s": 9.1, "certified": 0, "published": 0, "verifications": 1, "probes": [["model", ""]], "fidelity": true, "deferred": ""}
{"label": "more-itertools-guard_raise-04--forward", "arm": "S", "elapsed_s": 15.0, "certified": 1, "published": 1, "verifications": 1, "probes": [["model", ""]], "fidelity": false, "deferred": ""}
{"label": "packaging-guard_raise-01--forward", "arm": "S", "elapsed_s": 11.2, "certified": 1, "published": 1, "verifications": 1, "probes": [["model", ""]], "fidelity": true, "deferred": ""}
{"label": "python-dotenv-guard_raise-01--forward", "arm": "S", "elapsed_s": 8.0, "certified": 1, "published": 1, "verifications": 1, "probes": [["model", ""]], "fidelity": true, "deferred": ""}
{"label": "urllib3-guard_raise-04--forward", "arm": "S", "elapsed_s": 11.8, "certified": 1, "published": 1, "verifications": 1, "probes": [["model", ""]], "fidelity": true, "deferred": ""}
{"label": "attrs-none_guard-15--forward", "arm": "S", "elapsed_s": 9.8, "certified": 1, "published": 1, "verifications": 1, "probes": [["model", ""]], "fidelity": true, "deferred": ""}
{"label": "click-guard_raise-05--forward", "arm": "S", "elapsed_s": 10.6, "certified": 0, "published": 0, "verifications": 1, "probes": [["model", ""]], "fidelity": true, "deferred": ""}
{"label": "itsdangerous-guard_raise-05--forward", "arm": "S", "elapsed_s": 7.4, "certified": 1, "published": 1, "verifications": 1, "probes": [["model", ""]], "fidelity": true, "deferred": ""}
{"label": "jinja-none_guard-13--forward", "arm": "S", "elapsed_s": 9.6, "certified": 0, "published": 0, "verifications": 1, "probes": [["model", ""]], "fidelity": true, "deferred": ""}
{"label": "more-itertools-guard_raise-05--forward", "arm": "S", "elapsed_s": 15.2, "certified": 1, "published": 1, "verifications": 1, "probes": [["model", ""]], "fidelity": false, "deferred": ""}
{"label": "packaging-guard_raise-06--forward", "arm": "S", "elapsed_s": 11.8, "certified": 0, "published": 0, "verifications": 1, "probes": [["model", ""]], "fidelity": true, "deferred": ""}
{"label": "python-dotenv-guard_raise-02--forward", "arm": "S", "elapsed_s": 7.7, "certified": 0, "published": 0, "verifications": 1, "probes": [["model", ""]], "fidelity": true, "deferred": ""}
{"label": "urllib3-none_guard-15--forward", "arm": "S", "elapsed_s": 11.3, "certified": 1, "published": 1, "verifications": 1, "probes": [["model", ""]], "fidelity": true, "deferred": ""}
{"label": "attrs-none_guard-17--forward", "arm": "S", "elapsed_s": 9.4, "certified": 1, "published": 1, "verifications": 1, "probes": [["model", ""]], "fidelity": true, "deferred": ""}
{"label": "click-none_guard-15--forward", "arm": "S", "elapsed_s": 3.3, "certified": 0, "published": 0, "verifications": 1, "probes": [], "fidelity": true, "deferred": ""}
{"label": "itsdangerous-guard_raise-06--forward", "arm": "S", "elapsed_s": 7.4, "certified": 1, "published": 1, "verifications": 1, "probes": [["model", ""]], "fidelity": true, "deferred": ""}
{"label": "jinja-none_guard-14--forward", "arm": "S", "elapsed_s": 9.2, "certified": 1, "published": 1, "verifications": 1, "probes": [["model", ""]], "fidelity": true, "deferred": ""}
{"label": "more-itertools-none_guard-17--forward", "arm": "S", "elapsed_s": 5.2, "certified": 0, "published": 0, "verifications": 1, "probes": [], "fidelity": true, "deferred": ""}
{"label": "packaging-none_guard-13--forward", "arm": "S", "elapsed_s": 4.2, "certified": 0, "published": 0, "verifications": 1, "probes": [], "fidelity": true, "deferred": ""}
{"label": "python-dotenv-guard_raise-04--forward", "arm": "S", "elapsed_s": 7.6, "certified": 1, "published": 1, "verifications": 1, "probes": [["model", ""]], "fidelity": true, "deferred": ""}
{"label": "urllib3-none_guard-18--forward", "arm": "S", "elapsed_s": 10.8, "certified": 0, "published": 0, "verifications": 1, "probes": [["model", ""]], "fidelity": true, "deferred": ""}
=== forty S end 12:38:14
=== forty E start 12:38:14
{"label": "attrs-boundary-09--forward", "arm": "E", "elapsed_s": 2.0, "certified": 0, "published": 0, "verifications": 1, "probes": [], "fidelity": true, "deferred": ""}
{"label": "click-boundary-07--forward", "arm": "E", "elapsed_s": 12.0, "certified": 0, "published": 0, "verifications": 1, "probes": [["model", ""]], "fidelity": true, "deferred": ""}
{"label": "itsdangerous-boundary-07--forward", "arm": "E", "elapsed_s": 7.7, "certified": 1, "published": 1, "verifications": 1, "probes": [["model", ""]], "fidelity": true, "deferred": ""}
{"label": "jinja-boundary-09--forward", "arm": "E", "elapsed_s": 10.1, "certified": 1, "published": 1, "verifications": 1, "probes": [["model", ""]], "fidelity": true, "deferred": ""}
{"label": "more-itertools-boundary-08--forward", "arm": "E", "elapsed_s": 15.6, "certified": 1, "published": 1, "verifications": 1, "probes": [["model", ""]], "fidelity": true, "deferred": ""}
{"label": "packaging-boundary-08--forward", "arm": "E", "elapsed_s": 12.0, "certified": 1, "published": 1, "verifications": 1, "probes": [["contract", "tests/test_musllinux.py:57#0"]], "fidelity": true, "deferred": ""}
{"label": "python-dotenv-boundary-06--forward", "arm": "E", "elapsed_s": 8.3, "certified": 0, "published": 0, "verifications": 1, "probes": [["model", ""]], "fidelity": true, "deferred": ""}
{"label": "urllib3-boundary-07--forward", "arm": "E", "elapsed_s": 12.6, "certified": 0, "published": 0, "verifications": 1, "probes": [["model", ""]], "fidelity": true, "deferred": ""}
{"label": "attrs-guard_raise-03--forward", "arm": "E", "elapsed_s": 11.9, "certified": 0, "published": 0, "verifications": 1, "probes": [["model", ""]], "fidelity": true, "deferred": ""}
{"label": "click-boundary-10--forward", "arm": "E", "elapsed_s": 16.9, "certified": 0, "published": 0, "verifications": 1, "probes": [["model", ""]], "fidelity": true, "deferred": ""}
{"label": "itsdangerous-guard_raise-01--forward", "arm": "E", "elapsed_s": 7.3, "certified": 0, "published": 0, "verifications": 1, "probes": [["model", ""]], "fidelity": true, "deferred": ""}
{"label": "jinja-boundary-12--forward", "arm": "E", "elapsed_s": 9.8, "certified": 0, "published": 0, "verifications": 1, "probes": [["model", ""]], "fidelity": true, "deferred": ""}
{"label": "more-itertools-boundary-10--forward", "arm": "E", "elapsed_s": 16.0, "certified": 0, "published": 0, "verifications": 1, "probes": [["model", ""]], "fidelity": true, "deferred": ""}
{"label": "packaging-boundary-11--forward", "arm": "E", "elapsed_s": 8.7, "certified": 0, "published": 0, "verifications": 1, "probes": [], "fidelity": true, "deferred": ""}
{"label": "python-dotenv-boundary-08--forward", "arm": "E", "elapsed_s": 7.9, "certified": 0, "published": 0, "verifications": 1, "probes": [["contract", "tests/test_variables.py:35#0"]], "fidelity": true, "deferred": ""}
{"label": "urllib3-guard_raise-03--forward", "arm": "E", "elapsed_s": 12.2, "certified": 0, "published": 0, "verifications": 1, "probes": [["model", ""]], "fidelity": true, "deferred": ""}
{"label": "attrs-none_guard-14--forward", "arm": "E", "elapsed_s": 9.7, "certified": 1, "published": 1, "verifications": 1, "probes": [["model", ""]], "fidelity": true, "deferred": ""}
{"label": "click-guard_raise-03--forward", "arm": "E", "elapsed_s": 4.0, "certified": 0, "published": 0, "verifications": 1, "probes": [], "fidelity": true, "deferred": ""}
{"label": "itsdangerous-guard_raise-04--forward", "arm": "E", "elapsed_s": 1.8, "certified": 0, "published": 0, "verifications": 1, "probes": [], "fidelity": true, "deferred": ""}
{"label": "jinja-guard_raise-01--forward", "arm": "E", "elapsed_s": 9.8, "certified": 0, "published": 0, "verifications": 1, "probes": [["model", ""]], "fidelity": true, "deferred": ""}
{"label": "more-itertools-guard_raise-04--forward", "arm": "E", "elapsed_s": 16.2, "certified": 1, "published": 1, "verifications": 1, "probes": [["model", ""]], "fidelity": false, "deferred": ""}
{"label": "packaging-guard_raise-01--forward", "arm": "E", "elapsed_s": 12.0, "certified": 1, "published": 1, "verifications": 1, "probes": [["model", ""]], "fidelity": true, "deferred": ""}
{"label": "python-dotenv-guard_raise-01--forward", "arm": "E", "elapsed_s": 8.1, "certified": 1, "published": 1, "verifications": 1, "probes": [["model", ""]], "fidelity": true, "deferred": ""}
{"label": "urllib3-guard_raise-04--forward", "arm": "E", "elapsed_s": 12.3, "certified": 1, "published": 1, "verifications": 1, "probes": [["model", ""]], "fidelity": true, "deferred": ""}
{"label": "attrs-none_guard-15--forward", "arm": "E", "elapsed_s": 9.5, "certified": 1, "published": 1, "verifications": 1, "probes": [["model", ""]], "fidelity": true, "deferred": ""}
{"label": "click-guard_raise-05--forward", "arm": "E", "elapsed_s": 11.5, "certified": 0, "published": 0, "verifications": 1, "probes": [["model", ""]], "fidelity": true, "deferred": ""}
{"label": "itsdangerous-guard_raise-05--forward", "arm": "E", "elapsed_s": 7.4, "certified": 1, "published": 1, "verifications": 1, "probes": [["model", ""]], "fidelity": true, "deferred": ""}
{"label": "jinja-none_guard-13--forward", "arm": "E", "elapsed_s": 10.8, "certified": 0, "published": 0, "verifications": 1, "probes": [["model", ""]], "fidelity": true, "deferred": ""}
{"label": "more-itertools-guard_raise-05--forward", "arm": "E", "elapsed_s": 16.0, "certified": 1, "published": 1, "verifications": 1, "probes": [["model", ""]], "fidelity": false, "deferred": ""}
{"label": "packaging-guard_raise-06--forward", "arm": "E", "elapsed_s": 12.2, "certified": 1, "published": 1, "verifications": 1, "probes": [["contract", "tests/test_direct_url.py:95#0"]], "fidelity": true, "deferred": ""}
{"label": "python-dotenv-guard_raise-02--forward", "arm": "E", "elapsed_s": 9.1, "certified": 0, "published": 0, "verifications": 1, "probes": [["model", ""]], "fidelity": true, "deferred": ""}
{"label": "urllib3-none_guard-15--forward", "arm": "E", "elapsed_s": 29.0, "certified": 1, "published": 1, "verifications": 1, "probes": [["model", ""]], "fidelity": true, "deferred": ""}
{"label": "attrs-none_guard-17--forward", "arm": "E", "elapsed_s": 9.9, "certified": 1, "published": 1, "verifications": 1, "probes": [["model", ""]], "fidelity": true, "deferred": ""}
{"label": "click-none_guard-15--forward", "arm": "E", "elapsed_s": 4.1, "certified": 0, "published": 0, "verifications": 1, "probes": [], "fidelity": true, "deferred": ""}
{"label": "itsdangerous-guard_raise-06--forward", "arm": "E", "elapsed_s": 8.0, "certified": 1, "published": 1, "verifications": 1, "probes": [["model", ""]], "fidelity": true, "deferred": ""}
{"label": "jinja-none_guard-14--forward", "arm": "E", "elapsed_s": 10.6, "certified": 1, "published": 1, "verifications": 1, "probes": [["model", ""]], "fidelity": true, "deferred": ""}
{"label": "more-itertools-none_guard-17--forward", "arm": "E", "elapsed_s": 6.1, "certified": 0, "published": 0, "verifications": 1, "probes": [], "fidelity": true, "deferred": ""}
{"label": "packaging-none_guard-13--forward", "arm": "E", "elapsed_s": 7.9, "certified": 0, "published": 0, "verifications": 1, "probes": [], "fidelity": true, "deferred": ""}
{"label": "python-dotenv-guard_raise-04--forward", "arm": "E", "elapsed_s": 7.6, "certified": 1, "published": 1, "verifications": 1, "probes": [["model", ""]], "fidelity": true, "deferred": ""}
{"label": "urllib3-none_guard-18--forward", "arm": "E", "elapsed_s": 11.8, "certified": 1, "published": 1, "verifications": 1, "probes": [["contract", "test/test_poolmanager.py:423#0"]], "fidelity": true, "deferred": ""}
=== forty E end 12:45:20
=== counterexamples S start 12:45:20
{"label": "packaging-boundary-08--forward@714f64e649e5", "arm": "S", "elapsed_s": 11.6, "certified": 0, "published": 0, "verifications": 1, "probes": [["model", ""]], "fidelity": true, "deferred": ""}
{"label": "packaging-boundary-08--forward@70d95e591749", "arm": "S", "elapsed_s": 11.6, "certified": 0, "published": 0, "verifications": 1, "probes": [["model", ""]], "fidelity": true, "deferred": ""}
{"label": "packaging-boundary-08--forward@83c04303a5f0", "arm": "S", "elapsed_s": 12.5, "certified": 0, "published": 0, "verifications": 1, "probes": [["model", ""]], "fidelity": true, "deferred": ""}
{"label": "packaging-guard_raise-06--forward@58718aa6b463", "arm": "S", "elapsed_s": 11.9, "certified": 0, "published": 0, "verifications": 1, "probes": [["model", ""]], "fidelity": true, "deferred": ""}
{"label": "urllib3-none_guard-18--forward@26a47b43fc2f", "arm": "S", "elapsed_s": 11.0, "certified": 0, "published": 0, "verifications": 1, "probes": [["model", ""]], "fidelity": true, "deferred": ""}
{"label": "urllib3-none_guard-18--forward@882f0431b2b4", "arm": "S", "elapsed_s": 10.6, "certified": 0, "published": 0, "verifications": 1, "probes": [["model", ""]], "fidelity": true, "deferred": ""}
=== counterexamples S end 12:46:31
=== counterexamples E start 12:46:31
{"label": "packaging-boundary-08--forward@714f64e649e5", "arm": "E", "elapsed_s": 11.8, "certified": 0, "published": 0, "verifications": 1, "probes": [["contract", "tests/test_musllinux.py:57#0"]], "fidelity": true, "deferred": ""}
{"label": "packaging-boundary-08--forward@70d95e591749", "arm": "E", "elapsed_s": 11.7, "certified": 0, "published": 0, "verifications": 1, "probes": [["contract", "tests/test_musllinux.py:57#0"]], "fidelity": true, "deferred": ""}
{"label": "packaging-boundary-08--forward@83c04303a5f0", "arm": "E", "elapsed_s": 11.7, "certified": 0, "published": 0, "verifications": 1, "probes": [["contract", "tests/test_musllinux.py:57#0"]], "fidelity": true, "deferred": ""}
{"label": "packaging-guard_raise-06--forward@58718aa6b463", "arm": "E", "elapsed_s": 11.9, "certified": 0, "published": 0, "verifications": 1, "probes": [["contract", "tests/test_direct_url.py:95#0"]], "fidelity": true, "deferred": ""}
{"label": "urllib3-none_guard-18--forward@26a47b43fc2f", "arm": "E", "elapsed_s": 11.6, "certified": 0, "published": 0, "verifications": 1, "probes": [["contract", "test/test_poolmanager.py:423#0"]], "fidelity": true, "deferred": ""}
{"label": "urllib3-none_guard-18--forward@882f0431b2b4", "arm": "E", "elapsed_s": 11.6, "certified": 0, "published": 0, "verifications": 1, "probes": [["contract", "test/test_poolmanager.py:423#0"]], "fidelity": true, "deferred": ""}
=== counterexamples E end 12:47:43
=== controls S start 12:47:43
{"label": "Delgan/loguru#1510", "arm": "S", "elapsed_s": 1.5, "certified": 0, "published": 0, "verifications": 0, "probes": [], "fidelity": false, "deferred": ""}
{"label": "mahmoud/boltons#481", "arm": "S", "elapsed_s": 9.5, "certified": 0, "published": 0, "verifications": 5, "probes": [], "fidelity": true, "deferred": ""}
{"label": "marshmallow-code/marshmallow#3034", "arm": "S", "elapsed_s": 1.7, "certified": 0, "published": 0, "verifications": 0, "probes": [], "fidelity": true, "deferred": ""}
{"label": "pyparsing/pyparsing#653", "arm": "S", "elapsed_s": 19.9, "certified": 0, "published": 0, "verifications": 3, "probes": [], "fidelity": true, "deferred": ""}
{"label": "python-babel/babel#1318", "arm": "S", "elapsed_s": 13.0, "certified": 0, "published": 0, "verifications": 2, "probes": [], "fidelity": true, "deferred": ""}
{"label": "tkem/cachetools#413", "arm": "S", "elapsed_s": 0.5, "certified": 0, "published": 0, "verifications": 0, "probes": [], "fidelity": true, "deferred": ""}
{"label": "Delgan/loguru#1504", "arm": "S", "elapsed_s": 4.3, "certified": 0, "published": 0, "verifications": 1, "probes": [], "fidelity": true, "deferred": ""}
{"label": "mahmoud/boltons#434", "arm": "S", "elapsed_s": 8.9, "certified": 0, "published": 0, "verifications": 3, "probes": [], "fidelity": true, "deferred": ""}
{"label": "marshmallow-code/marshmallow#3004", "arm": "S", "elapsed_s": 1.0, "certified": 0, "published": 0, "verifications": 0, "probes": [], "fidelity": true, "deferred": ""}
{"label": "pyparsing/pyparsing#645", "arm": "S", "elapsed_s": 9.7, "certified": 0, "published": 0, "verifications": 6, "probes": [], "fidelity": true, "deferred": ""}
{"label": "python-babel/babel#1319", "arm": "S", "elapsed_s": 0.8, "certified": 0, "published": 0, "verifications": 0, "probes": [], "fidelity": true, "deferred": ""}
{"label": "tkem/cachetools#386", "arm": "S", "elapsed_s": 0.5, "certified": 0, "published": 0, "verifications": 0, "probes": [], "fidelity": true, "deferred": ""}
{"label": "Delgan/loguru#1508", "arm": "S", "elapsed_s": 4.5, "certified": 0, "published": 0, "verifications": 1, "probes": [], "fidelity": true, "deferred": ""}
{"label": "mahmoud/boltons#475", "arm": "S", "elapsed_s": 0.6, "certified": 0, "published": 0, "verifications": 0, "probes": [], "fidelity": true, "deferred": ""}
{"label": "marshmallow-code/marshmallow#3024", "arm": "S", "elapsed_s": 10.9, "certified": 0, "published": 0, "verifications": 3, "probes": [], "fidelity": true, "deferred": ""}
{"label": "pyparsing/pyparsing#649", "arm": "S", "elapsed_s": 0.8, "certified": 0, "published": 0, "verifications": 0, "probes": [], "fidelity": true, "deferred": ""}
{"label": "python-babel/babel#1161", "arm": "S", "elapsed_s": 1.3, "certified": 0, "published": 0, "verifications": 0, "probes": [], "fidelity": true, "deferred": ""}
{"label": "tkem/cachetools#365", "arm": "S", "elapsed_s": 0.3, "certified": 0, "published": 0, "verifications": 0, "probes": [], "fidelity": true, "deferred": ""}
{"label": "Delgan/loguru#1507", "arm": "S", "elapsed_s": 0.7, "certified": 0, "published": 0, "verifications": 0, "probes": [], "fidelity": true, "deferred": ""}
{"label": "mahmoud/boltons#467", "arm": "S", "elapsed_s": 6.9, "certified": 0, "published": 0, "verifications": 3, "probes": [], "fidelity": false, "deferred": ""}
{"label": "marshmallow-code/marshmallow#3016", "arm": "S", "elapsed_s": 1.0, "certified": 0, "published": 0, "verifications": 0, "probes": [], "fidelity": true, "deferred": ""}
{"label": "pyparsing/pyparsing#648", "arm": "S", "elapsed_s": 0.8, "certified": 0, "published": 0, "verifications": 0, "probes": [], "fidelity": true, "deferred": ""}
{"label": "python-babel/babel#1291", "arm": "S", "elapsed_s": 3.6, "certified": 0, "published": 0, "verifications": 2, "probes": [], "fidelity": true, "deferred": ""}
{"label": "tkem/cachetools#340", "arm": "S", "elapsed_s": 0.3, "certified": 0, "published": 0, "verifications": 0, "probes": [], "fidelity": true, "deferred": ""}
=== controls S end 12:49:32
=== controls E start 12:49:32
{"label": "Delgan/loguru#1510", "arm": "E", "elapsed_s": 1.6, "certified": 0, "published": 0, "verifications": 0, "probes": [], "fidelity": false, "deferred": ""}
{"label": "mahmoud/boltons#481", "arm": "E", "elapsed_s": 10.9, "certified": 0, "published": 0, "verifications": 5, "probes": [], "fidelity": true, "deferred": ""}
{"label": "marshmallow-code/marshmallow#3034", "arm": "E", "elapsed_s": 1.5, "certified": 0, "published": 0, "verifications": 0, "probes": [], "fidelity": true, "deferred": ""}
{"label": "pyparsing/pyparsing#653", "arm": "E", "elapsed_s": 9.7, "certified": 0, "published": 0, "verifications": 3, "probes": [], "fidelity": true, "deferred": ""}
{"label": "python-babel/babel#1318", "arm": "E", "elapsed_s": 6.7, "certified": 0, "published": 0, "verifications": 2, "probes": [], "fidelity": true, "deferred": ""}
{"label": "tkem/cachetools#413", "arm": "E", "elapsed_s": 0.4, "certified": 0, "published": 0, "verifications": 0, "probes": [], "fidelity": true, "deferred": ""}
{"label": "Delgan/loguru#1504", "arm": "E", "elapsed_s": 4.7, "certified": 0, "published": 0, "verifications": 1, "probes": [], "fidelity": true, "deferred": ""}
{"label": "mahmoud/boltons#434", "arm": "E", "elapsed_s": 10.6, "certified": 0, "published": 0, "verifications": 3, "probes": [], "fidelity": true, "deferred": ""}
{"label": "marshmallow-code/marshmallow#3004", "arm": "E", "elapsed_s": 1.0, "certified": 0, "published": 0, "verifications": 0, "probes": [], "fidelity": true, "deferred": ""}
{"label": "pyparsing/pyparsing#645", "arm": "E", "elapsed_s": 23.4, "certified": 0, "published": 0, "verifications": 6, "probes": [], "fidelity": true, "deferred": ""}
{"label": "python-babel/babel#1319", "arm": "E", "elapsed_s": 0.8, "certified": 0, "published": 0, "verifications": 0, "probes": [], "fidelity": true, "deferred": ""}
{"label": "tkem/cachetools#386", "arm": "E", "elapsed_s": 0.6, "certified": 0, "published": 0, "verifications": 0, "probes": [], "fidelity": true, "deferred": ""}
{"label": "Delgan/loguru#1508", "arm": "E", "elapsed_s": 4.9, "certified": 0, "published": 0, "verifications": 1, "probes": [], "fidelity": true, "deferred": ""}
{"label": "mahmoud/boltons#475", "arm": "E", "elapsed_s": 0.6, "certified": 0, "published": 0, "verifications": 0, "probes": [], "fidelity": true, "deferred": ""}
{"label": "marshmallow-code/marshmallow#3024", "arm": "E", "elapsed_s": 10.9, "certified": 0, "published": 0, "verifications": 3, "probes": [], "fidelity": true, "deferred": ""}
{"label": "pyparsing/pyparsing#649", "arm": "E", "elapsed_s": 0.9, "certified": 0, "published": 0, "verifications": 0, "probes": [], "fidelity": true, "deferred": ""}
{"label": "python-babel/babel#1161", "arm": "E", "elapsed_s": 1.4, "certified": 0, "published": 0, "verifications": 0, "probes": [], "fidelity": true, "deferred": ""}
{"label": "tkem/cachetools#365", "arm": "E", "elapsed_s": 0.3, "certified": 0, "published": 0, "verifications": 0, "probes": [], "fidelity": true, "deferred": ""}
{"label": "Delgan/loguru#1507", "arm": "E", "elapsed_s": 0.7, "certified": 0, "published": 0, "verifications": 0, "probes": [], "fidelity": true, "deferred": ""}
{"label": "mahmoud/boltons#467", "arm": "E", "elapsed_s": 7.7, "certified": 0, "published": 0, "verifications": 3, "probes": [], "fidelity": false, "deferred": ""}
{"label": "marshmallow-code/marshmallow#3016", "arm": "E", "elapsed_s": 1.0, "certified": 0, "published": 0, "verifications": 0, "probes": [], "fidelity": true, "deferred": ""}
{"label": "pyparsing/pyparsing#648", "arm": "E", "elapsed_s": 0.8, "certified": 0, "published": 0, "verifications": 0, "probes": [], "fidelity": true, "deferred": ""}
{"label": "python-babel/babel#1291", "arm": "E", "elapsed_s": 6.0, "certified": 0, "published": 0, "verifications": 2, "probes": [], "fidelity": true, "deferred": ""}
{"label": "tkem/cachetools#340", "arm": "E", "elapsed_s": 0.3, "certified": 0, "published": 0, "verifications": 0, "probes": [], "fidelity": true, "deferred": ""}
=== controls E end 12:51:27
=== scored
ALL-DONE
