{"unit_id": "attrs-boundary-09--forward", "build": "ok", "head": "2c6cf52edf4f"}
{"unit_id": "click-boundary-07--forward", "build": "ok", "head": "7ad261ba31f0"}
{"unit_id": "itsdangerous-boundary-07--forward", "build": "ok", "head": "3da43dd5f1d8"}
{"unit_id": "jinja-boundary-09--forward", "build": "ok", "head": "8b3f8ef78269"}
{"unit_id": "more-itertools-boundary-08--forward", "build": "ok", "head": "0d4d9c063e63"}
{"unit_id": "packaging-boundary-08--forward", "build": "ok", "head": "14da8a1665f3"}
{"unit_id": "python-dotenv-boundary-06--forward", "build": "ok", "head": "ec9b23d5a510"}
{"unit_id": "urllib3-boundary-07--forward", "build": "ok", "head": "625f27a931fc"}
{"unit_id": "attrs-guard_raise-03--forward", "build": "ok", "head": "ad47ecede4ab"}
{"unit_id": "click-boundary-10--forward", "build": "ok", "head": "6221c5f54c66"}
{"unit_id": "itsdangerous-guard_raise-01--forward", "build": "ok", "head": "ac59c4c836c9"}
{"unit_id": "jinja-boundary-12--forward", "build": "ok", "head": "907540ac1ba6"}
{"unit_id": "more-itertools-boundary-10--forward", "build": "ok", "head": "2a0c9455d546"}
{"unit_id": "packaging-boundary-11--forward", "build": "ok", "head": "c72db86c1beb"}
{"unit_id": "python-dotenv-boundary-08--forward", "build": "ok", "head": "343b6062708d"}
{"unit_id": "urllib3-guard_raise-03--forward", "build": "ok", "head": "a7c8d37b5bcb"}
{"unit_id": "attrs-none_guard-14--forward", "build": "ok", "head": "c66615654766"}
{"unit_id": "click-guard_raise-03--forward", "build": "ok", "head": "5faa75bd131b"}
{"unit_id": "itsdangerous-guard_raise-04--forward", "build": "ok", "head": "230356ade905"}
{"unit_id": "jinja-guard_raise-01--forward", "build": "ok", "head": "d936ec43c80f"}
{"unit_id": "more-itertools-guard_raise-04--forward", "build": "ok", "head": "00f8496e0014"}
{"unit_id": "packaging-guard_raise-01--forward", "build": "ok", "head": "ae237d084f5c"}
{"unit_id": "python-dotenv-guard_raise-01--forward", "build": "ok", "head": "aec56005d817"}
{"unit_id": "urllib3-guard_raise-04--forward", "build": "ok", "head": "73e11eea5011"}
{"unit_id": "attrs-none_guard-15--forward", "build": "ok", "head": "c7640e4b5067"}
{"unit_id": "click-guard_raise-05--forward", "build": "ok", "head": "b0c44f617186"}
{"unit_id": "itsdangerous-guard_raise-05--forward", "build": "ok", "head": "6be97a6f17c6"}
{"unit_id": "jinja-none_guard-13--forward", "build": "ok", "head": "288919b6e7ad"}
{"unit_id": "more-itertools-guard_raise-05--forward", "build": "ok", "head": "d7f85fffdaa8"}
{"unit_id": "packaging-guard_raise-06--forward", "build": "ok", "head": "84eb90937f24"}
{"unit_id": "python-dotenv-guard_raise-02--forward", "build": "ok", "head": "c76cc571fd54"}
{"unit_id": "urllib3-none_guard-15--forward", "build": "ok", "head": "c022df66bde8"}
{"unit_id": "attrs-none_guard-17--forward", "build": "ok", "head": "517d3b0a6b75"}
{"unit_id": "click-none_guard-15--forward", "build": "ok", "head": "33feb8cb89b5"}
{"unit_id": "itsdangerous-guard_raise-06--forward", "build": "ok", "head": "39603264f5b8"}
{"unit_id": "jinja-none_guard-14--forward", "build": "ok", "head": "0659a40ec68b"}
{"unit_id": "more-itertools-none_guard-17--forward", "build": "ok", "head": "49307005e181"}
{"unit_id": "packaging-none_guard-13--forward", "build": "ok", "head": "ee06d6ee2faa"}
{"unit_id": "python-dotenv-guard_raise-04--forward", "build": "ok", "head": "9cf3c3761348"}
{"unit_id": "urllib3-none_guard-18--forward", "build": "ok", "head": "a80ba409b40a"}
built 40 of 40 sampled cases
