{"protocol_sha256": "aa21439993f996442048bece52d199454b7c378830355b4260ef1b303397cbdf", "freeze_at": "2026-09-11T23:58:00.999233+00:00", "population": ["pallets/werkzeug", "pallets/markupsafe", "psf/requests", "python-jsonschema/jsonschema", "hukkin/tomli-w"], "sampled_units": 20, "trials_recorded": 0, "reserved_usd": 3.5, "headroom_usd": 28.766803999999993}
{"unit_id": "hukkin/tomli-w#79", "task_id": "20260912-000332-1d05ec00", "recorded_at": "2026-09-12T00:03:32.900319+00:00", "candidates": 0, "eligible": 0, "attempted": 0, "certified": 0, "would_publish": [], "behavior_changes_verified": 0, "behavior_changes_intent_unknown": 0, "failure_categories": {}, "units_read": 1, "units_planned": 1, "budget_limited": false, "deferred_reason": null, "spend_usd": 0.011782, "elapsed_s": 3.822, "executor_profile": ""}
{"unit_id": "hukkin/tomli-w#79", "lines": {"red": 0, "value": 0, "gate": 0, "impact": 0}}
{"unit_id": "pallets/markupsafe#499", "task_id": "20260912-000336-c2e9352e", "recorded_at": "2026-09-12T00:03:36.793787+00:00", "candidates": 0, "eligible": 0, "attempted": 0, "certified": 0, "would_publish": [], "behavior_changes_verified": 0, "behavior_changes_intent_unknown": 0, "failure_categories": {}, "units_read": 1, "units_planned": 1, "budget_limited": false, "deferred_reason": null, "spend_usd": 0.006275, "elapsed_s": 2.786, "executor_profile": ""}
{"unit_id": "pallets/markupsafe#499", "lines": {"red": 0, "value": 0, "gate": 0, "impact": 0}}
{"unit_id": "pallets/werkzeug#3268", "task_id": "20260912-000339-0459816a", "recorded_at": "2026-09-12T00:03:39.683902+00:00", "candidates": 1, "eligible": 1, "attempted": 1, "certified": 0, "would_publish": [], "behavior_changes_verified": 0, "behavior_changes_intent_unknown": 1, "failure_categories": {"behavior change, intent unknown": 1}, "units_read": 1, "units_planned": 1, "budget_limited": false, "deferred_reason": null, "spend_usd": 0.069417, "elapsed_s": 28.847, "executor_profile": "linux-container-v1"}
{"unit_id": "pallets/werkzeug#3268", "lines": {"red": 0, "value": 1, "gate": 0, "impact": 0}}
{"unit_id": "psf/requests#7505", "task_id": "20260912-000409-f9be58ad", "recorded_at": "2026-09-12T00:04:09.575316+00:00", "candidates": 6, "eligible": 4, "attempted": 3, "certified": 0, "would_publish": [], "behavior_changes_verified": 0, "behavior_changes_intent_unknown": 1, "failure_categories": {"behavior change, intent unknown": 1, "no difference at the change": 2}, "units_read": 1, "units_planned": 1, "budget_limited": false, "deferred_reason": null, "spend_usd": 0.234954, "elapsed_s": 59.781, "executor_profile": "linux-container-v1"}
{"unit_id": "psf/requests#7505", "lines": {"red": 0, "value": 1, "gate": 0, "impact": 0}}
{"unit_id": "python-jsonschema/jsonschema#1300", "task_id": "20260912-000509-aa4dd7c6", "recorded_at": "2026-09-12T00:05:09.944306+00:00", "candidates": 4, "eligible": 4, "attempted": 3, "certified": 0, "would_publish": [], "behavior_changes_verified": 0, "behavior_changes_intent_unknown": 3, "failure_categories": {"other": 2, "behavior change, intent unknown": 1}, "units_read": 2, "units_planned": 2, "budget_limited": false, "deferred_reason": null, "spend_usd": 0.258524, "elapsed_s": 68.71, "executor_profile": "linux-container-v1"}
{"unit_id": "python-jsonschema/jsonschema#1300", "lines": {"red": 0, "value": 1, "gate": 0, "impact": 0}}
{"unit_id": "hukkin/tomli-w#65", "task_id": "20260912-000619-e7b419bc", "recorded_at": "2026-09-12T00:06:19.013847+00:00", "candidates": 0, "eligible": 0, "attempted": 0, "certified": 0, "would_publish": [], "behavior_changes_verified": 0, "behavior_changes_intent_unknown": 0, "failure_categories": {}, "units_read": 1, "units_planned": 1, "budget_limited": false, "deferred_reason": null, "spend_usd": 0.007109, "elapsed_s": 2.976, "executor_profile": ""}
{"unit_id": "hukkin/tomli-w#65", "lines": {"red": 0, "value": 0, "gate": 0, "impact": 0}}
{"unit_id": "pallets/markupsafe#497", "task_id": "20260912-000622-89fb8f4d", "recorded_at": "2026-09-12T00:06:22.032421+00:00", "candidates": 0, "eligible": 0, "attempted": 0, "certified": 0, "would_publish": [], "behavior_changes_verified": 0, "behavior_changes_intent_unknown": 0, "failure_categories": {}, "units_read": 1, "units_planned": 1, "budget_limited": false, "deferred_reason": null, "spend_usd": 0.006255, "elapsed_s": 2.926, "executor_profile": ""}
{"unit_id": "pallets/markupsafe#497", "lines": {"red": 0, "value": 0, "gate": 0, "impact": 0}}
{"unit_id": "pallets/werkzeug#3267", "task_id": "20260912-000625-1b13d5be", "recorded_at": "2026-09-12T00:06:25.014862+00:00", "candidates": 16, "eligible": 10, "attempted": 3, "certified": 0, "would_publish": [], "behavior_changes_verified": 0, "behavior_changes_intent_unknown": 3, "failure_categories": {"other": 2, "behavior change, intent unknown": 1}, "units_read": 1, "units_planned": 8, "budget_limited": true, "deferred_reason": null, "spend_usd": 0.234781, "elapsed_s": 49.274, "executor_profile": "linux-container-v1"}
{"unit_id": "pallets/werkzeug#3267", "lines": {"red": 0, "value": 1, "gate": 0, "impact": 0}}
{"unit_id": "psf/requests#7502", "task_id": "20260912-000715-2cd5d258", "recorded_at": "2026-09-12T00:07:15.775443+00:00", "candidates": 2, "eligible": 2, "attempted": 2, "certified": 0, "would_publish": [], "behavior_changes_verified": 0, "behavior_changes_intent_unknown": 0, "failure_categories": {"no difference at the change": 2}, "units_read": 1, "units_planned": 1, "budget_limited": false, "deferred_reason": null, "spend_usd": 0.156416, "elapsed_s": 28.515, "executor_profile": "linux-container-v1"}
{"unit_id": "psf/requests#7502", "lines": {"red": 0, "value": 0, "gate": 0, "impact": 0}}
{"unit_id": "python-jsonschema/jsonschema#1482", "task_id": "20260912-000744-85860948", "recorded_at": "2026-09-12T00:07:44.852970+00:00", "candidates": 11, "eligible": 3, "attempted": 3, "certified": 0, "would_publish": [], "behavior_changes_verified": 0, "behavior_changes_intent_unknown": 2, "failure_categories": {"other": 2, "no difference at the change": 1}, "units_read": 1, "units_planned": 1, "budget_limited": false, "deferred_reason": null, "spend_usd": 0.212726, "elapsed_s": 48.517, "executor_profile": "linux-container-v1"}
{"unit_id": "python-jsonschema/jsonschema#1482", "lines": {"red": 0, "value": 0, "gate": 0, "impact": 0}}
{"unit_id": "hukkin/tomli-w#70", "task_id": "20260912-000833-3fd1f478", "recorded_at": "2026-09-12T00:08:33.694806+00:00", "candidates": 0, "eligible": 0, "attempted": 0, "certified": 0, "would_publish": [], "behavior_changes_verified": 0, "behavior_changes_intent_unknown": 0, "failure_categories": {}, "units_read": 1, "units_planned": 1, "budget_limited": false, "deferred_reason": null, "spend_usd": 0.00668, "elapsed_s": 2.564, "executor_profile": ""}
{"unit_id": "hukkin/tomli-w#70", "lines": {"red": 0, "value": 0, "gate": 0, "impact": 0}}
{"unit_id": "pallets/markupsafe#496", "task_id": "20260912-000836-a5041e4f", "recorded_at": "2026-09-12T00:08:36.290909+00:00", "candidates": 0, "eligible": 0, "attempted": 0, "certified": 0, "would_publish": [], "behavior_changes_verified": 0, "behavior_changes_intent_unknown": 0, "failure_categories": {}, "units_read": 1, "units_planned": 3, "budget_limited": true, "deferred_reason": null, "spend_usd": 0.009093, "elapsed_s": 3.71, "executor_profile": ""}
{"unit_id": "pallets/markupsafe#496", "lines": {"red": 0, "value": 0, "gate": 0, "impact": 0}}
{"unit_id": "pallets/werkzeug#3266", "task_id": "20260912-000840-7214f488", "recorded_at": "2026-09-12T00:08:40.062441+00:00", "candidates": 6, "eligible": 6, "attempted": 6, "certified": 3, "would_publish": ["05865ed1c5", "a410da71c6"], "behavior_changes_verified": 3, "behavior_changes_intent_unknown": 0, "failure_categories": {"other": 3}, "units_read": 2, "units_planned": 2, "budget_limited": false, "deferred_reason": null, "spend_usd": 0.514753, "elapsed_s": 134.421, "executor_profile": "linux-container-v1"}
{"unit_id": "pallets/werkzeug#3266", "lines": {"red": 2, "value": 0, "gate": 0, "impact": 0}}
{"unit_id": "psf/requests#7497", "task_id": "20260912-001055-b54edaa6", "recorded_at": "2026-09-12T00:10:55.650604+00:00", "candidates": 0, "eligible": 0, "attempted": 0, "certified": 0, "would_publish": [], "behavior_changes_verified": 0, "behavior_changes_intent_unknown": 0, "failure_categories": {}, "units_read": 3, "units_planned": 3, "budget_limited": false, "deferred_reason": null, "spend_usd": 0.061001, "elapsed_s": 9.484, "executor_profile": ""}
{"unit_id": "psf/requests#7497", "lines": {"red": 0, "value": 0, "gate": 0, "impact": 0}}
{"unit_id": "python-jsonschema/jsonschema#1444", "task_id": "20260912-001105-6e870d25", "recorded_at": "2026-09-12T00:11:05.644055+00:00", "candidates": 1, "eligible": 1, "attempted": 1, "certified": 0, "would_publish": [], "behavior_changes_verified": 0, "behavior_changes_intent_unknown": 0, "failure_categories": {"no difference at the change": 1}, "units_read": 1, "units_planned": 1, "budget_limited": false, "deferred_reason": null, "spend_usd": 0.08304, "elapsed_s": 30.27, "executor_profile": "linux-container-v1"}
{"unit_id": "python-jsonschema/jsonschema#1444", "lines": {"red": 0, "value": 0, "gate": 0, "impact": 0}}
{"unit_id": "hukkin/tomli-w#69", "task_id": "20260912-001136-1d6d8998", "recorded_at": "2026-09-12T00:11:36.257768+00:00", "candidates": 0, "eligible": 0, "attempted": 0, "certified": 0, "would_publish": [], "behavior_changes_verified": 0, "behavior_changes_intent_unknown": 0, "failure_categories": {}, "units_read": 1, "units_planned": 1, "budget_limited": false, "deferred_reason": null, "spend_usd": 0.011241, "elapsed_s": 3.178, "executor_profile": ""}
{"unit_id": "hukkin/tomli-w#69", "lines": {"red": 0, "value": 0, "gate": 0, "impact": 0}}
{"unit_id": "pallets/markupsafe#469", "task_id": "20260912-001139-d6aa1ca3", "recorded_at": "2026-09-12T00:11:39.478973+00:00", "candidates": 1, "eligible": 1, "attempted": 1, "certified": 0, "would_publish": [], "behavior_changes_verified": 0, "behavior_changes_intent_unknown": 1, "failure_categories": {"other": 1}, "units_read": 1, "units_planned": 1, "budget_limited": false, "deferred_reason": null, "spend_usd": 0.050107, "elapsed_s": 16.89, "executor_profile": "linux-container-v1"}
{"unit_id": "pallets/markupsafe#469", "lines": {"red": 0, "value": 0, "gate": 0, "impact": 0}}
{"unit_id": "pallets/werkzeug#3255", "task_id": "20260912-001156-3ca530d5", "recorded_at": "2026-09-12T00:11:56.431332+00:00", "candidates": 0, "eligible": 0, "attempted": 0, "certified": 0, "would_publish": [], "behavior_changes_verified": 0, "behavior_changes_intent_unknown": 0, "failure_categories": {}, "units_read": 1, "units_planned": 1, "budget_limited": false, "deferred_reason": null, "spend_usd": 0.014178, "elapsed_s": 3.534, "executor_profile": ""}
{"unit_id": "pallets/werkzeug#3255", "lines": {"red": 0, "value": 0, "gate": 0, "impact": 0}}
{"unit_id": "psf/requests#7498", "task_id": "20260912-001201-ec6d49e9", "recorded_at": "2026-09-12T00:12:01.064150+00:00", "candidates": 0, "eligible": 0, "attempted": 0, "certified": 0, "would_publish": [], "behavior_changes_verified": 0, "behavior_changes_intent_unknown": 0, "failure_categories": {}, "units_read": 1, "units_planned": 1, "budget_limited": false, "deferred_reason": null, "spend_usd": 0.014161, "elapsed_s": 2.886, "executor_profile": ""}
{"unit_id": "psf/requests#7498", "lines": {"red": 0, "value": 0, "gate": 0, "impact": 0}}
{"unit_id": "python-jsonschema/jsonschema#1416", "task_id": "20260912-001204-773d6ad4", "recorded_at": "2026-09-12T00:12:04.347093+00:00", "candidates": 4, "eligible": 3, "attempted": 3, "certified": 0, "would_publish": [], "behavior_changes_verified": 0, "behavior_changes_intent_unknown": 1, "failure_categories": {"other": 2, "behavior change, intent unknown": 1}, "units_read": 1, "units_planned": 1, "budget_limited": false, "deferred_reason": null, "spend_usd": 0.317904, "elapsed_s": 49.46, "executor_profile": "linux-container-v1"}
{"unit_id": "python-jsonschema/jsonschema#1416", "lines": {"red": 0, "value": 1, "gate": 0, "impact": 0}}
