# run b1, arm E61, driver scripts/corpus/frozen_e2e.py at 1773794, product src at ba91320, started 2026-09-15T16:23:38+0800
{"label": "packaging-boundary-08--forward", "arm": "E61", "elapsed_s": 12.2, "certified": 1, "published": 1, "verifications": 1, "probes": [["contract", "tests/test_musllinux.py:57#0"]], "fidelity": true, "deferred": ""}
{"label": "attrs-guard_raise-03--forward", "arm": "E61", "elapsed_s": 11.3, "certified": 0, "published": 0, "verifications": 1, "probes": [["model", ""]], "fidelity": true, "deferred": ""}
{"label": "click-boundary-10--forward", "arm": "E61", "elapsed_s": 11.8, "certified": 0, "published": 0, "verifications": 1, "probes": [["model", ""]], "fidelity": true, "deferred": ""}
{"label": "packaging-boundary-11--forward", "arm": "E61", "elapsed_s": 6.5, "certified": 0, "published": 0, "verifications": 1, "probes": [], "fidelity": true, "deferred": ""}
{"label": "python-dotenv-boundary-08--forward", "arm": "E61", "elapsed_s": 7.2, "certified": 0, "published": 0, "verifications": 1, "probes": [["contract", "tests/test_variables.py:35#0"]], "fidelity": true, "deferred": ""}
{"label": "jinja-guard_raise-01--forward", "arm": "E61", "elapsed_s": 9.8, "certified": 0, "published": 0, "verifications": 1, "probes": [["model", ""]], "fidelity": true, "deferred": ""}
{"label": "packaging-guard_raise-06--forward", "arm": "E61", "elapsed_s": 12.0, "certified": 1, "published": 1, "verifications": 1, "probes": [["contract", "tests/test_direct_url.py:95#0"]], "fidelity": true, "deferred": ""}
{"label": "urllib3-none_guard-15--forward", "arm": "E61", "elapsed_s": 18.3, "certified": 1, "published": 1, "verifications": 1, "probes": [["model", ""]], "fidelity": true, "deferred": ""}
{"label": "packaging-none_guard-13--forward", "arm": "E61", "elapsed_s": 6.0, "certified": 0, "published": 0, "verifications": 1, "probes": [], "fidelity": true, "deferred": ""}
{"label": "urllib3-none_guard-18--forward", "arm": "E61", "elapsed_s": 12.3, "certified": 1, "published": 1, "verifications": 1, "probes": [["contract", "test/test_poolmanager.py:423#0"]], "fidelity": true, "deferred": ""}
# forty exit 0
{"label": "packaging-boundary-08--forward@714f64e649e5", "arm": "E61", "elapsed_s": 12.4, "certified": 0, "published": 0, "verifications": 1, "probes": [["contract", "tests/test_musllinux.py:57#0"]], "fidelity": true, "deferred": ""}
{"label": "packaging-boundary-08--forward@70d95e591749", "arm": "E61", "elapsed_s": 12.0, "certified": 0, "published": 0, "verifications": 1, "probes": [["contract", "tests/test_musllinux.py:57#0"]], "fidelity": true, "deferred": ""}
{"label": "packaging-boundary-08--forward@83c04303a5f0", "arm": "E61", "elapsed_s": 12.4, "certified": 0, "published": 0, "verifications": 1, "probes": [["contract", "tests/test_musllinux.py:57#0"]], "fidelity": true, "deferred": ""}
{"label": "packaging-guard_raise-06--forward@58718aa6b463", "arm": "E61", "elapsed_s": 12.2, "certified": 0, "published": 0, "verifications": 1, "probes": [["contract", "tests/test_direct_url.py:95#0"]], "fidelity": true, "deferred": ""}
{"label": "urllib3-none_guard-18--forward@26a47b43fc2f", "arm": "E61", "elapsed_s": 12.3, "certified": 0, "published": 0, "verifications": 1, "probes": [["contract", "test/test_poolmanager.py:423#0"]], "fidelity": true, "deferred": ""}
{"label": "urllib3-none_guard-18--forward@882f0431b2b4", "arm": "E61", "elapsed_s": 13.4, "certified": 0, "published": 0, "verifications": 1, "probes": [["contract", "test/test_poolmanager.py:423#0"]], "fidelity": true, "deferred": ""}
# counterexamples exit 0
{"label": "mahmoud/boltons#481", "arm": "E61", "elapsed_s": 22.5, "certified": 0, "published": 0, "verifications": 5, "probes": [["model", ""], ["model", ""], ["model", ""], ["model", ""]], "fidelity": true, "deferred": ""}
{"label": "mahmoud/boltons#434", "arm": "E61", "elapsed_s": 15.5, "certified": 0, "published": 0, "verifications": 3, "probes": [["model", ""]], "fidelity": true, "deferred": ""}
# controls exit 0
# finished 2026-09-15T16:27:22+0800
