#0 building with "default" instance using docker driver

#1 [internal] load build definition from runtime.Dockerfile
#1 transferring dockerfile: 972B done
#1 DONE 0.0s

#2 [internal] load metadata for docker.io/library/python@sha256:94c362db08c5b38857943d31b10558ff1856e918605c474d205d72a534929d4e
#2 DONE 0.0s

#3 [internal] load metadata for docker.io/library/python@sha256:68d914ec641a0b69267ce65184d000a2bc3a9ee2590ab702b82250ab2385735a
#3 DONE 0.0s

#4 [internal] load .dockerignore
#4 transferring context: 2B done
#4 DONE 0.0s

#5 [stage-1 1/6] FROM docker.io/library/python@sha256:68d914ec641a0b69267ce65184d000a2bc3a9ee2590ab702b82250ab2385735a
#5 resolve docker.io/library/python@sha256:68d914ec641a0b69267ce65184d000a2bc3a9ee2590ab702b82250ab2385735a 0.0s done
#5 DONE 0.0s

#6 [dependencies 1/4] FROM docker.io/library/python@sha256:94c362db08c5b38857943d31b10558ff1856e918605c474d205d72a534929d4e
#6 resolve docker.io/library/python@sha256:94c362db08c5b38857943d31b10558ff1856e918605c474d205d72a534929d4e 0.0s done
#6 DONE 0.0s

#7 [internal] load build context
#7 transferring context: 11.09MB 0.1s done
#7 DONE 0.1s

#6 [dependencies 1/4] FROM docker.io/library/python@sha256:94c362db08c5b38857943d31b10558ff1856e918605c474d205d72a534929d4e
#6 CACHED

#8 [stage-1 2/6] RUN apt-get update && apt-get install -y --no-install-recommends libgomp1 && rm -rf /var/lib/apt/lists/*
#8 CACHED

#9 [dependencies 2/4] COPY constraints.txt /constraints.txt
#9 DONE 0.0s

#10 [stage-1 3/6] COPY constraints.txt /constraints.txt
#10 DONE 0.0s

#11 [dependencies 3/4] COPY astropy-0.0.1-cp310-cp310-linux_aarch64.whl /wheel/astropy-0.0.1-cp310-cp310-linux_aarch64.whl
#11 DONE 0.0s

#12 [dependencies 4/4] RUN python -m pip wheel --wheel-dir /wheelhouse pip pytest '/wheel/astropy-0.0.1-cp310-cp310-linux_aarch64.whl[test]'
#12 0.942 Processing /wheel/astropy-0.0.1-cp310-cp310-linux_aarch64.whl
#12 1.037 Collecting pip
#12 1.089   Downloading pip-22.3.1-py3-none-any.whl (2.1 MB)
#12 1.201      ━━━━━━━━━━━━━━━━━━━━━━━━━━━━━━━━━━━━━━━━ 2.1/2.1 MB 19.3 MB/s eta 0:00:00
#12 1.252 Collecting pytest
#12 1.261   Downloading pytest-7.2.1-py3-none-any.whl (317 kB)
#12 1.294      ━━━━━━━━━━━━━━━━━━━━━━━━━━━━━━━━━━━━━━━ 317.1/317.1 kB 9.7 MB/s eta 0:00:00
#12 1.320 Collecting pluggy<2.0,>=0.12
#12 1.329   Downloading pluggy-1.6.0-py3-none-any.whl (20 kB)
#12 1.375 Collecting tomli>=1.0.0
#12 1.388   Downloading tomli-2.4.1-py3-none-any.whl (14 kB)
#12 1.409 Collecting exceptiongroup>=1.0.0rc8
#12 1.419   Downloading exceptiongroup-1.3.1-py3-none-any.whl (16 kB)
#12 1.448 Collecting packaging
#12 1.459   Downloading packaging-23.0-py3-none-any.whl (42 kB)
#12 1.462      ━━━━━━━━━━━━━━━━━━━━━━━━━━━━━━━━━━━━━━━━ 42.7/42.7 kB 22.0 MB/s eta 0:00:00
#12 1.478 Collecting iniconfig
#12 1.488   Downloading iniconfig-2.3.0-py3-none-any.whl (7.5 kB)
#12 1.516 Collecting attrs>=19.2.0
#12 1.527   Downloading attrs-26.1.0-py3-none-any.whl (67 kB)
#12 1.530      ━━━━━━━━━━━━━━━━━━━━━━━━━━━━━━━━━━━━━━━━ 67.5/67.5 kB 29.7 MB/s eta 0:00:00
#12 1.595 Collecting PyYAML>=3.13
#12 1.605   Downloading PyYAML-6.0-cp310-cp310-manylinux_2_17_aarch64.manylinux2014_aarch64.whl (733 kB)
#12 1.627      ━━━━━━━━━━━━━━━━━━━━━━━━━━━━━━━━━━━━━━ 733.7/733.7 kB 36.0 MB/s eta 0:00:00
#12 1.888 Collecting numpy>=1.20
#12 1.899   Downloading numpy-1.24.1-cp310-cp310-manylinux_2_17_aarch64.manylinux2014_aarch64.whl (14.0 MB)
#12 2.393      ━━━━━━━━━━━━━━━━━━━━━━━━━━━━━━━━━━━━━━━━ 14.0/14.0 MB 27.2 MB/s eta 0:00:00
#12 2.441 Collecting pyerfa>=2.0
#12 2.451   Downloading pyerfa-2.0.0.1-cp310-cp310-manylinux_2_17_aarch64.manylinux2014_aarch64.whl (695 kB)
#12 2.472      ━━━━━━━━━━━━━━━━━━━━━━━━━━━━━━━━━━━━━━ 696.0/696.0 kB 35.5 MB/s eta 0:00:00
#12 2.509 Collecting pytest-xdist
#12 2.523   Downloading pytest_xdist-3.1.0-py3-none-any.whl (36 kB)
#12 2.543 Collecting pytest-doctestplus>=0.12
#12 2.555   Downloading pytest_doctestplus-0.12.1-py3-none-any.whl (20 kB)
#12 2.574 Collecting pytest-astropy-header>=0.2.1
#12 2.590   Downloading pytest_astropy_header-0.2.2-py3-none-any.whl (7.8 kB)
#12 2.609 Collecting pytest-astropy>=0.10
#12 2.619   Downloading pytest_astropy-0.10.0-py3-none-any.whl (5.1 kB)
#12 2.651 Collecting typing-extensions>=4.6.0
#12 2.660   Downloading typing_extensions-4.16.0-py3-none-any.whl (45 kB)
#12 2.663      ━━━━━━━━━━━━━━━━━━━━━━━━━━━━━━━━━━━━━━━━ 45.6/45.6 kB 27.1 MB/s eta 0:00:00
#12 2.692 Collecting pytest-openfiles>=0.3.1
#12 2.703   Downloading pytest_openfiles-0.6.0-py3-none-any.whl (7.2 kB)
#12 2.722 Collecting pytest-filter-subpackage>=0.1
#12 2.732   Downloading pytest_filter_subpackage-0.2.0-py2.py3-none-any.whl (5.5 kB)
#12 3.196 Collecting hypothesis>=5.1
#12 3.211   Downloading hypothesis-6.168.0-cp310-cp310-manylinux_2_17_aarch64.manylinux2014_aarch64.whl (1.1 MB)
#12 3.232      ━━━━━━━━━━━━━━━━━━━━━━━━━━━━━━━━━━━━━━━━ 1.1/1.1 MB 55.9 MB/s eta 0:00:00
#12 3.249 Collecting pytest-arraydiff>=0.1
#12 3.258   Downloading pytest_arraydiff-0.7.0-py3-none-any.whl (10 kB)
#12 3.283 Collecting pytest-cov>=2.3.1
#12 3.296   Downloading pytest_cov-7.1.0-py3-none-any.whl (22 kB)
#12 3.331 Collecting pytest-remotedata>=0.3.1
#12 3.342   Downloading pytest_remotedata-0.4.2-py3-none-any.whl (8.7 kB)
#12 3.369 Collecting pytest-mock>=2.0
#12 3.387   Downloading pytest_mock-3.15.1-py3-none-any.whl (10 kB)
#12 3.516 Collecting setuptools>=30.3.0
#12 3.527   Downloading setuptools-66.1.1-py3-none-any.whl (1.3 MB)
#12 3.549      ━━━━━━━━━━━━━━━━━━━━━━━━━━━━━━━━━━━━━━━━ 1.3/1.3 MB 58.5 MB/s eta 0:00:00
#12 3.585 Collecting execnet>=1.1
#12 3.596   Downloading execnet-2.1.2-py3-none-any.whl (40 kB)
#12 3.598      ━━━━━━━━━━━━━━━━━━━━━━━━━━━━━━━━━━━━━━━━ 40.7/40.7 kB 25.8 MB/s eta 0:00:00
#12 3.637 Collecting sortedcontainers<3.0.0,>=2.1.0
#12 3.650   Downloading sortedcontainers-2.4.0-py2.py3-none-any.whl (29 kB)
#12 4.129 Collecting coverage[toml]>=7.10.6
#12 4.144   Downloading coverage-7.16.1-cp310-cp310-manylinux2014_aarch64.manylinux_2_17_aarch64.manylinux_2_28_aarch64.whl (254 kB)
#12 4.153      ━━━━━━━━━━━━━━━━━━━━━━━━━━━━━━━━━━━━━━ 254.1/254.1 kB 31.6 MB/s eta 0:00:00
#12 4.245 Collecting psutil
#12 4.255   Downloading psutil-7.2.2-cp36-abi3-manylinux2014_aarch64.manylinux_2_17_aarch64.manylinux_2_28_aarch64.whl (156 kB)
#12 4.261      ━━━━━━━━━━━━━━━━━━━━━━━━━━━━━━━━━━━━━━ 157.0/157.0 kB 36.6 MB/s eta 0:00:00
#12 4.335 Saved /wheelhouse/pip-22.3.1-py3-none-any.whl
#12 4.336 Saved /wheelhouse/pytest-7.2.1-py3-none-any.whl
#12 4.336 Saved /wheelhouse/attrs-26.1.0-py3-none-any.whl
#12 4.336 Saved /wheelhouse/exceptiongroup-1.3.1-py3-none-any.whl
#12 4.341 Saved /wheelhouse/numpy-1.24.1-cp310-cp310-manylinux_2_17_aarch64.manylinux2014_aarch64.whl
#12 4.341 Saved /wheelhouse/packaging-23.0-py3-none-any.whl
#12 4.342 Saved /wheelhouse/pluggy-1.6.0-py3-none-any.whl
#12 4.342 Saved /wheelhouse/pyerfa-2.0.0.1-cp310-cp310-manylinux_2_17_aarch64.manylinux2014_aarch64.whl
#12 4.342 Saved /wheelhouse/pytest_astropy-0.10.0-py3-none-any.whl
#12 4.343 Saved /wheelhouse/pytest_astropy_header-0.2.2-py3-none-any.whl
#12 4.343 Saved /wheelhouse/pytest_doctestplus-0.12.1-py3-none-any.whl
#12 4.344 Saved /wheelhouse/PyYAML-6.0-cp310-cp310-manylinux_2_17_aarch64.manylinux2014_aarch64.whl
#12 4.344 Saved /wheelhouse/tomli-2.4.1-py3-none-any.whl
#12 4.348 Saved /wheelhouse/astropy-0.0.1-cp310-cp310-linux_aarch64.whl
#12 4.348 Saved /wheelhouse/iniconfig-2.3.0-py3-none-any.whl
#12 4.348 Saved /wheelhouse/pytest_xdist-3.1.0-py3-none-any.whl
#12 4.349 Saved /wheelhouse/execnet-2.1.2-py3-none-any.whl
#12 4.349 Saved /wheelhouse/hypothesis-6.168.0-cp310-cp310-manylinux_2_17_aarch64.manylinux2014_aarch64.whl
#12 4.350 Saved /wheelhouse/pytest_arraydiff-0.7.0-py3-none-any.whl
#12 4.350 Saved /wheelhouse/pytest_cov-7.1.0-py3-none-any.whl
#12 4.350 Saved /wheelhouse/pytest_filter_subpackage-0.2.0-py2.py3-none-any.whl
#12 4.350 Saved /wheelhouse/pytest_mock-3.15.1-py3-none-any.whl
#12 4.350 Saved /wheelhouse/pytest_openfiles-0.6.0-py3-none-any.whl
#12 4.351 Saved /wheelhouse/pytest_remotedata-0.4.2-py3-none-any.whl
#12 4.351 Saved /wheelhouse/typing_extensions-4.16.0-py3-none-any.whl
#12 4.351 Saved /wheelhouse/sortedcontainers-2.4.0-py2.py3-none-any.whl
#12 4.352 Saved /wheelhouse/psutil-7.2.2-cp36-abi3-manylinux2014_aarch64.manylinux_2_17_aarch64.manylinux_2_28_aarch64.whl
#12 4.352 Saved /wheelhouse/coverage-7.16.1-cp310-cp310-manylinux2014_aarch64.manylinux_2_17_aarch64.manylinux_2_28_aarch64.whl
#12 4.353 Saved /wheelhouse/setuptools-66.1.1-py3-none-any.whl
#12 4.424 
#12 4.424 [notice] A new release of pip is available: 23.0.1 -> 26.2.1
#12 4.424 [notice] To update, run: pip install --upgrade pip
#12 DONE 4.6s

#13 [stage-1 4/6] COPY --from=dependencies /wheelhouse /wheelhouse
#13 DONE 0.0s

#14 [stage-1 5/6] RUN python -m pip install --no-index --find-links /wheelhouse pip pytest '/wheelhouse/astropy-0.0.1-cp310-cp310-linux_aarch64.whl[test]'
#14 1.006 Looking in links: /wheelhouse
#14 1.009 Processing /wheelhouse/astropy-0.0.1-cp310-cp310-linux_aarch64.whl
#14 1.022 Processing /wheelhouse/pip-22.3.1-py3-none-any.whl
#14 1.027 Processing /wheelhouse/pytest-7.2.1-py3-none-any.whl
#14 1.038 Processing /wheelhouse/tomli-2.4.1-py3-none-any.whl
#14 1.041 Processing /wheelhouse/attrs-26.1.0-py3-none-any.whl
#14 1.044 Processing /wheelhouse/iniconfig-2.3.0-py3-none-any.whl
#14 1.047 Processing /wheelhouse/packaging-23.0-py3-none-any.whl
#14 1.050 Processing /wheelhouse/pluggy-1.6.0-py3-none-any.whl
#14 1.053 Processing /wheelhouse/exceptiongroup-1.3.1-py3-none-any.whl
#14 1.074 Processing /wheelhouse/pyerfa-2.0.0.1-cp310-cp310-manylinux_2_17_aarch64.manylinux2014_aarch64.whl
#14 1.078 Processing /wheelhouse/numpy-1.24.1-cp310-cp310-manylinux_2_17_aarch64.manylinux2014_aarch64.whl
#14 1.090 Processing /wheelhouse/PyYAML-6.0-cp310-cp310-manylinux_2_17_aarch64.manylinux2014_aarch64.whl
#14 1.094 Processing /wheelhouse/pytest_astropy-0.10.0-py3-none-any.whl
#14 1.096 Processing /wheelhouse/pytest_astropy_header-0.2.2-py3-none-any.whl
#14 1.099 Processing /wheelhouse/pytest_xdist-3.1.0-py3-none-any.whl
#14 1.103 Processing /wheelhouse/pytest_doctestplus-0.12.1-py3-none-any.whl
#14 1.107 Processing /wheelhouse/typing_extensions-4.16.0-py3-none-any.whl
#14 1.118 Processing /wheelhouse/pytest_filter_subpackage-0.2.0-py2.py3-none-any.whl
#14 1.121 Processing /wheelhouse/pytest_mock-3.15.1-py3-none-any.whl
#14 1.124 Processing /wheelhouse/pytest_cov-7.1.0-py3-none-any.whl
#14 1.127 Processing /wheelhouse/pytest_arraydiff-0.7.0-py3-none-any.whl
#14 1.129 Processing /wheelhouse/pytest_openfiles-0.6.0-py3-none-any.whl
#14 1.132 Processing /wheelhouse/hypothesis-6.168.0-cp310-cp310-manylinux_2_17_aarch64.manylinux2014_aarch64.whl
#14 1.136 Processing /wheelhouse/pytest_remotedata-0.4.2-py3-none-any.whl
#14 1.142 Processing /wheelhouse/setuptools-66.1.1-py3-none-any.whl
#14 1.152 Processing /wheelhouse/execnet-2.1.2-py3-none-any.whl
#14 1.171 Processing /wheelhouse/sortedcontainers-2.4.0-py2.py3-none-any.whl
#14 1.179 Processing /wheelhouse/coverage-7.16.1-cp310-cp310-manylinux2014_aarch64.manylinux_2_17_aarch64.manylinux_2_28_aarch64.whl
#14 1.188 Processing /wheelhouse/psutil-7.2.2-cp36-abi3-manylinux2014_aarch64.manylinux_2_17_aarch64.manylinux_2_28_aarch64.whl
#14 1.346 Installing collected packages: sortedcontainers, typing-extensions, tomli, setuptools, PyYAML, psutil, pluggy, pip, packaging, numpy, iniconfig, execnet, coverage, attrs, pyerfa, exceptiongroup, pytest, hypothesis, astropy, pytest-xdist, pytest-remotedata, pytest-openfiles, pytest-mock, pytest-filter-subpackage, pytest-doctestplus, pytest-cov, pytest-astropy-header, pytest-arraydiff, pytest-astropy
#14 1.373   Attempting uninstall: setuptools
#14 1.373     Found existing installation: setuptools 79.0.1
#14 1.416     Uninstalling setuptools-79.0.1:
#14 1.488       Successfully uninstalled setuptools-79.0.1
#14 1.780   Attempting uninstall: pip
#14 1.780     Found existing installation: pip 23.0.1
#14 1.831     Uninstalling pip-23.0.1:
#14 1.894       Successfully uninstalled pip-23.0.1
#14 2.341   Attempting uninstall: packaging
#14 2.341     Found existing installation: packaging 26.3
#14 2.343     Uninstalling packaging-26.3:
#14 2.350       Successfully uninstalled packaging-26.3
#14 4.590 ERROR: pip's dependency resolver does not currently take into account all the packages that are installed. This behaviour is the source of the following dependency conflicts.
#14 4.590 wheel 0.46.3 requires packaging>=24.0, but you have packaging 23.0 which is incompatible.
#14 4.591 Successfully installed PyYAML-6.0 astropy-0.0.1 attrs-26.1.0 coverage-7.16.1 exceptiongroup-1.3.1 execnet-2.1.2 hypothesis-6.168.0 iniconfig-2.3.0 numpy-1.24.1 packaging-23.0 pip-22.3.1 pluggy-1.6.0 psutil-7.2.2 pyerfa-2.0.0.1 pytest-7.2.1 pytest-arraydiff-0.7.0 pytest-astropy-0.10.0 pytest-astropy-header-0.2.2 pytest-cov-7.1.0 pytest-doctestplus-0.12.1 pytest-filter-subpackage-0.2.0 pytest-mock-3.15.1 pytest-openfiles-0.6.0 pytest-remotedata-0.4.2 pytest-xdist-3.1.0 setuptools-66.1.1 sortedcontainers-2.4.0 tomli-2.4.1 typing-extensions-4.16.0
#14 4.591 WARNING: Running pip as the 'root' user can result in broken permissions and conflicting behaviour with the system package manager. It is recommended to use a virtual environment instead: https://pip.pypa.io/warnings/venv
#14 DONE 4.8s

#15 [stage-1 6/6] RUN python -m pip freeze > /runtime-freeze.txt
#15 DONE 0.3s

#16 exporting to image
#16 exporting layers
#16 exporting layers 3.1s done
#16 exporting manifest sha256:123c7ec2e3e477a03f930638a62c994b9fbd141a0e4a7144ee5418e7ca0e258c
#16 exporting manifest sha256:123c7ec2e3e477a03f930638a62c994b9fbd141a0e4a7144ee5418e7ca0e258c done
#16 exporting config sha256:1f8068fb2e51ec328f592917a32186b57a81123a303eddf5bbfbc4af6e300bf1 done
#16 exporting attestation manifest sha256:f1d698629626febf04893531db031037314378b489e546ebce8f74693019cd80 done
#16 exporting manifest list sha256:a6c8dfcbaa2343a405bf7e820a5dc0cc45b9b477cc92c3335f7f4ef33a33fc5d done
#16 naming to docker.io/library/attest-source-runtime-469a39d36373:latest done
#16 unpacking to docker.io/library/attest-source-runtime-469a39d36373:latest
#16 unpacking to docker.io/library/attest-source-runtime-469a39d36373:latest 0.7s done
#16 DONE 3.8s

View build details: docker-desktop://dashboard/build/default/default/n408i48ftf6zus8qxyleadi7f
