{"unit_id": "attrs-boundary-09--forward", "build": "ok", "head": "bf2a4a74d36e"}
{"unit_id": "click-boundary-07--forward", "build": "ok", "head": "5a2592ce5403"}
{"unit_id": "itsdangerous-boundary-07--forward", "build": "ok", "head": "45f2f9987434"}
{"unit_id": "jinja-boundary-09--forward", "build": "ok", "head": "c30e111cfea3"}
{"unit_id": "more-itertools-boundary-08--forward", "build": "ok", "head": "20fa07d049a0"}
{"unit_id": "packaging-boundary-08--forward", "build": "ok", "head": "69b8219d56ce"}
{"unit_id": "python-dotenv-boundary-06--forward", "build": "ok", "head": "4632b22de93e"}
{"unit_id": "urllib3-boundary-07--forward", "build": "ok", "head": "86af96791135"}
{"unit_id": "attrs-guard_raise-03--forward", "build": "ok", "head": "f39e5c7a6be0"}
{"unit_id": "click-boundary-10--forward", "build": "ok", "head": "fb70972a9394"}
{"unit_id": "itsdangerous-guard_raise-01--forward", "build": "ok", "head": "9c140e18dd43"}
{"unit_id": "jinja-boundary-12--forward", "build": "ok", "head": "c98392818951"}
{"unit_id": "more-itertools-boundary-10--forward", "build": "ok", "head": "ec02297057e9"}
{"unit_id": "packaging-boundary-11--forward", "build": "ok", "head": "f1101580292a"}
{"unit_id": "python-dotenv-boundary-08--forward", "build": "ok", "head": "68055143e289"}
{"unit_id": "urllib3-guard_raise-03--forward", "build": "ok", "head": "eb5dceff4df0"}
{"unit_id": "attrs-none_guard-14--forward", "build": "ok", "head": "198b9f9f579e"}
{"unit_id": "click-guard_raise-03--forward", "build": "ok", "head": "3526225d1f50"}
{"unit_id": "itsdangerous-guard_raise-04--forward", "build": "ok", "head": "4a6cb68c8087"}
{"unit_id": "jinja-guard_raise-01--forward", "build": "ok", "head": "e85e8c1194eb"}
{"unit_id": "more-itertools-guard_raise-04--forward", "build": "ok", "head": "243ed67e834d"}
{"unit_id": "packaging-guard_raise-01--forward", "build": "ok", "head": "d57750a158bf"}
{"unit_id": "python-dotenv-guard_raise-01--forward", "build": "ok", "head": "3edb674ed4e7"}
{"unit_id": "urllib3-guard_raise-04--forward", "build": "ok", "head": "a70baf701176"}
{"unit_id": "attrs-none_guard-15--forward", "build": "ok", "head": "6f39c2beed84"}
{"unit_id": "click-guard_raise-05--forward", "build": "ok", "head": "241a56e99839"}
{"unit_id": "itsdangerous-guard_raise-05--forward", "build": "ok", "head": "7e7c566bb33e"}
{"unit_id": "jinja-none_guard-13--forward", "build": "ok", "head": "f13d712ccba8"}
{"unit_id": "more-itertools-guard_raise-05--forward", "build": "ok", "head": "34592ecb6462"}
{"unit_id": "packaging-guard_raise-06--forward", "build": "ok", "head": "012c29d82aa9"}
{"unit_id": "python-dotenv-guard_raise-02--forward", "build": "ok", "head": "189162568677"}
{"unit_id": "urllib3-none_guard-15--forward", "build": "ok", "head": "19cc242935b6"}
{"unit_id": "attrs-none_guard-17--forward", "build": "ok", "head": "2ba0635aa43a"}
{"unit_id": "click-none_guard-15--forward", "build": "ok", "head": "5e8f139e68fe"}
{"unit_id": "itsdangerous-guard_raise-06--forward", "build": "ok", "head": "9c068a5db994"}
{"unit_id": "jinja-none_guard-14--forward", "build": "ok", "head": "548ff8eab326"}
{"unit_id": "more-itertools-none_guard-17--forward", "build": "ok", "head": "fd22f03d4ea6"}
{"unit_id": "packaging-none_guard-13--forward", "build": "ok", "head": "5961e845d0e2"}
{"unit_id": "python-dotenv-guard_raise-04--forward", "build": "ok", "head": "22a5b8e25a7a"}
{"unit_id": "urllib3-none_guard-18--forward", "build": "ok", "head": "5516d0ee358b"}
built 40 of 40 sampled cases
