{"unit_id": "attrs-boundary-09--forward", "build": "ok", "head": "aa570cb91f0c"}
{"unit_id": "click-boundary-07--forward", "build": "ok", "head": "5e686309299e"}
{"unit_id": "itsdangerous-boundary-07--forward", "build": "ok", "head": "27eb62eff528"}
{"unit_id": "jinja-boundary-09--forward", "build": "ok", "head": "5205e1f6c4be"}
{"unit_id": "more-itertools-boundary-08--forward", "build": "ok", "head": "d1cf542941d2"}
{"unit_id": "packaging-boundary-08--forward", "build": "ok", "head": "3af8f47c34ed"}
{"unit_id": "python-dotenv-boundary-06--forward", "build": "ok", "head": "2f4457eaa529"}
{"unit_id": "urllib3-boundary-07--forward", "build": "ok", "head": "28a44e7bbc4e"}
{"unit_id": "attrs-guard_raise-03--forward", "build": "ok", "head": "1ac9b0add3f9"}
{"unit_id": "click-boundary-10--forward", "build": "ok", "head": "938840888c6b"}
{"unit_id": "itsdangerous-guard_raise-01--forward", "build": "ok", "head": "ba92c0a02647"}
{"unit_id": "jinja-boundary-12--forward", "build": "ok", "head": "931c608eb2a7"}
{"unit_id": "more-itertools-boundary-10--forward", "build": "ok", "head": "d9a41ccd677c"}
{"unit_id": "packaging-boundary-11--forward", "build": "ok", "head": "4bdd7bc2f9a3"}
{"unit_id": "python-dotenv-boundary-08--forward", "build": "ok", "head": "0a3950fafd08"}
{"unit_id": "urllib3-guard_raise-03--forward", "build": "ok", "head": "b0c58122cbd9"}
{"unit_id": "attrs-none_guard-14--forward", "build": "ok", "head": "13faf6785722"}
{"unit_id": "click-guard_raise-03--forward", "build": "ok", "head": "7ef6f00c8664"}
{"unit_id": "itsdangerous-guard_raise-04--forward", "build": "ok", "head": "7ea8550c784d"}
{"unit_id": "jinja-guard_raise-01--forward", "build": "ok", "head": "50aa013f969f"}
{"unit_id": "more-itertools-guard_raise-04--forward", "build": "ok", "head": "e74eceff0467"}
{"unit_id": "packaging-guard_raise-01--forward", "build": "ok", "head": "32527821713e"}
{"unit_id": "python-dotenv-guard_raise-01--forward", "build": "ok", "head": "8a7762fea60c"}
{"unit_id": "urllib3-guard_raise-04--forward", "build": "ok", "head": "521a73143485"}
{"unit_id": "attrs-none_guard-15--forward", "build": "ok", "head": "1af240daf854"}
{"unit_id": "click-guard_raise-05--forward", "build": "ok", "head": "75e0c69b0641"}
{"unit_id": "itsdangerous-guard_raise-05--forward", "build": "ok", "head": "8947eaf6929e"}
{"unit_id": "jinja-none_guard-13--forward", "build": "ok", "head": "7dba2f9b5e7b"}
{"unit_id": "more-itertools-guard_raise-05--forward", "build": "ok", "head": "48eedd3a3c6f"}
{"unit_id": "packaging-guard_raise-06--forward", "build": "ok", "head": "da4f0fbd692d"}
{"unit_id": "python-dotenv-guard_raise-02--forward", "build": "ok", "head": "3036191f5953"}
{"unit_id": "urllib3-none_guard-15--forward", "build": "ok", "head": "3cd0c486eaff"}
{"unit_id": "attrs-none_guard-17--forward", "build": "ok", "head": "24f4d07b7254"}
{"unit_id": "click-none_guard-15--forward", "build": "ok", "head": "4275b1f862aa"}
{"unit_id": "itsdangerous-guard_raise-06--forward", "build": "ok", "head": "dcc870c57d4f"}
{"unit_id": "jinja-none_guard-14--forward", "build": "ok", "head": "7ce173a38c29"}
{"unit_id": "more-itertools-none_guard-17--forward", "build": "ok", "head": "da0991f5c03a"}
{"unit_id": "packaging-none_guard-13--forward", "build": "ok", "head": "db97204c25fb"}
{"unit_id": "python-dotenv-guard_raise-04--forward", "build": "ok", "head": "4cbd5118bd4d"}
{"unit_id": "urllib3-none_guard-18--forward", "build": "ok", "head": "24e0d2d0c70b"}
built 40 of 40 sampled cases
