{"unit_id": "attrs-boundary-09--forward", "build": "ok", "head": "7832835db2b2"}
{"unit_id": "click-boundary-07--forward", "build": "ok", "head": "5c1eca3a84e0"}
{"unit_id": "itsdangerous-boundary-07--forward", "build": "ok", "head": "961f688ef300"}
{"unit_id": "jinja-boundary-09--forward", "build": "ok", "head": "c94977929fca"}
{"unit_id": "more-itertools-boundary-08--forward", "build": "ok", "head": "ecc2450c28ca"}
{"unit_id": "packaging-boundary-08--forward", "build": "ok", "head": "ec43dfd52521"}
{"unit_id": "python-dotenv-boundary-06--forward", "build": "ok", "head": "a1c76da54eff"}
{"unit_id": "urllib3-boundary-07--forward", "build": "ok", "head": "41386d881fee"}
{"unit_id": "attrs-guard_raise-03--forward", "build": "ok", "head": "38d6a50fdf3e"}
{"unit_id": "click-boundary-10--forward", "build": "ok", "head": "dc17fc5da102"}
{"unit_id": "itsdangerous-guard_raise-01--forward", "build": "ok", "head": "ceb2c15bad36"}
{"unit_id": "jinja-boundary-12--forward", "build": "ok", "head": "6d7b4eb224f2"}
{"unit_id": "more-itertools-boundary-10--forward", "build": "ok", "head": "d554eae1c582"}
{"unit_id": "packaging-boundary-11--forward", "build": "ok", "head": "13f4c2d45d09"}
{"unit_id": "python-dotenv-boundary-08--forward", "build": "ok", "head": "bc0f714e421a"}
{"unit_id": "urllib3-guard_raise-03--forward", "build": "ok", "head": "be1cd33ce91b"}
{"unit_id": "attrs-none_guard-14--forward", "build": "ok", "head": "8b6ffd5bfd01"}
{"unit_id": "click-guard_raise-03--forward", "build": "ok", "head": "109fe483fa7a"}
{"unit_id": "itsdangerous-guard_raise-04--forward", "build": "ok", "head": "d09262111ee7"}
{"unit_id": "jinja-guard_raise-01--forward", "build": "ok", "head": "222a1f0c0685"}
{"unit_id": "more-itertools-guard_raise-04--forward", "build": "ok", "head": "58f98221f4c7"}
{"unit_id": "packaging-guard_raise-01--forward", "build": "ok", "head": "73ad6f27064b"}
{"unit_id": "python-dotenv-guard_raise-01--forward", "build": "ok", "head": "8225634b42d3"}
{"unit_id": "urllib3-guard_raise-04--forward", "build": "ok", "head": "c8c102927f49"}
{"unit_id": "attrs-none_guard-15--forward", "build": "ok", "head": "d08e0e33b16b"}
{"unit_id": "click-guard_raise-05--forward", "build": "ok", "head": "c446c4f80251"}
{"unit_id": "itsdangerous-guard_raise-05--forward", "build": "ok", "head": "a7cb916bdd21"}
{"unit_id": "jinja-none_guard-13--forward", "build": "ok", "head": "6b0070046fc6"}
{"unit_id": "more-itertools-guard_raise-05--forward", "build": "ok", "head": "eb5a5de0c948"}
{"unit_id": "packaging-guard_raise-06--forward", "build": "ok", "head": "398c8f8d0801"}
{"unit_id": "python-dotenv-guard_raise-02--forward", "build": "ok", "head": "2e81ede3fdae"}
{"unit_id": "urllib3-none_guard-15--forward", "build": "ok", "head": "85011e66463c"}
{"unit_id": "attrs-none_guard-17--forward", "build": "ok", "head": "4c13e8939335"}
{"unit_id": "click-none_guard-15--forward", "build": "ok", "head": "0a720b1e48b9"}
{"unit_id": "itsdangerous-guard_raise-06--forward", "build": "ok", "head": "25e36b07e415"}
{"unit_id": "jinja-none_guard-14--forward", "build": "ok", "head": "50a9eb353727"}
{"unit_id": "more-itertools-none_guard-17--forward", "build": "ok", "head": "8c73654f4321"}
{"unit_id": "packaging-none_guard-13--forward", "build": "ok", "head": "4bf5bf353562"}
{"unit_id": "python-dotenv-guard_raise-04--forward", "build": "ok", "head": "0331e02dfffe"}
{"unit_id": "urllib3-none_guard-18--forward", "build": "ok", "head": "6e4224546bba"}
built 40 of 40 sampled cases
