clone.exit=0
coverage_core.exit=0
coverage_data_move.exit=0
coverage_data_preserved.exit=0
coverage_exact.exit=0
coverage_total.exit=0
credential_scan.exit=0
detach.exit=0
df_after.exit=0
df_after_full.exit=0
df_before.exit=0
df_before_full.exit=0
disk_before_full.exit=0
disk_threshold.exit=0
environment.exit=0
ff0e638_code_diff.exit=0
full.exit=0
full_invocation_count.exit=0
full_invocation_exactly_once.exit=0
git_clean.exit=0
git_detached.exit=0
git_diff_check.exit=0
git_diff_stat.exit=0
git_exact_head.exit=0
git_head.exit=0
git_ignore.exit=0
git_main_ancestor.exit=0
git_origin_main.exit=0
git_status.exit=0
git_symbolic_ref.exit=1
git_tree.exit=0
install_editable.exit=0
install_toolchain.exit=0
mypy.exit=0
no_external_test_runner.exit=0
no_pytest_process.exit=1
pip_check.exit=0
pip_freeze.exit=0
preflight_ancestor.exit=0
preflight_clean.exit=0
preflight_detached.exit=0
preflight_exact_head.exit=0
preflight_head.exit=0
preflight_status.exit=0
preflight_symbolic_ref.exit=1
pytest_process_scan.exit=0
python_version.exit=0
ruff.exit=0
test_count.exit=0
test_runner_process_scan.exit=1
v1_protocol.exit=0
v1_protocol_match.exit=0
v1_receipt.exit=0
v1_receipt_match.exit=0
v1_validation.exit=0
v1_validation_match.exit=0
venv_create.exit=0
venv_link_executable.exit=0
