........................................................................ [  4%]
........................................................................ [  9%]
........................................................................ [ 13%]
........................................................................ [ 18%]
........................................................................ [ 23%]
........................................................................ [ 27%]
........................................................................ [ 32%]
........................................................................ [ 37%]
........................................................................ [ 41%]
........................................................................ [ 46%]
........................................................................ [ 51%]
........................................................................ [ 55%]
........................................................................ [ 60%]
........................................................................ [ 65%]
........................................................................ [ 69%]
........................................................................ [ 74%]
........................................................................ [ 79%]
........................................................................ [ 83%]
........................................................................ [ 88%]
........................................................................ [ 93%]
........................................................................ [ 97%]
...............................                                          [100%]
================================ tests coverage ================================
_______________ coverage: platform darwin, python 3.11.5-final-0 _______________

Name                                  Stmts   Miss  Cover   Missing
-------------------------------------------------------------------
src/attest/__init__.py                    1      0   100%
src/attest/benchmark/__init__.py          0      0   100%
src/attest/benchmark/api.py             469     37    92%   235, 278, 280, 282, 287, 315, 321, 329, 336, 424, 485, 487, 489, 502, 506, 576, 587, 615, 683-686, 749, 886, 893, 896, 919, 935-936, 948-949, 967, 970, 1052, 1093, 1139, 1154
src/attest/benchmark/artifacts.py       388     67    83%   121, 136, 173, 177, 179, 199, 236, 246, 269, 295, 312-318, 323, 333, 339, 366, 401, 416, 418, 422, 438, 460-467, 472, 477, 499-500, 507-509, 554, 561-562, 568, 575-576, 591-592, 623-624, 627-628, 634-657, 695
src/attest/benchmark/baselines.py      1389    196    86%   242, 267, 378, 384, 388, 392, 404, 442, 472, 487, 501, 515-518, 620, 668-670, 695, 807-808, 810, 813-814, 816, 890-899, 904, 914, 923, 927, 966, 969, 973, 977, 1001, 1004, 1020-1021, 1103, 1153, 1364-1365, 1372, 1395-1396, 1412-1413, 1426-1427, 1437, 1439, 1443, 1473-1474, 1480-1481, 1486, 1498, 1508-1509, 1569, 1603, 1618-1619, 1667-1670, 1685-1690, 1695, 1747, 1755-1756, 1761, 1780-1781, 1789-1791, 1797-1801, 1810-1813, 1923-1924, 1931, 1972, 1991, 2001, 2018, 2032, 2037, 2045, 2085-2086, 2090, 2095, 2103, 2121, 2125, 2138, 2151, 2157, 2179, 2189, 2209, 2256, 2290, 2294, 2305-2306, 2318, 2357, 2427, 2456, 2488, 2500-2501, 2514, 2518, 2546, 2582, 2622, 2644, 2650, 2657, 2682, 2687, 2698, 2709, 2718, 2726-2729, 2754, 2762, 2765, 2768, 2770, 2778, 2809, 2816, 2826, 2831, 2835-2838, 2857-2858, 2863, 2871-2872, 2877-2878, 2883, 2938, 2997, 3015, 3083, 3090, 3103-3117, 3198, 3210, 3252, 3277, 3311, 3348, 3358, 3361, 3391, 3395, 3398, 3403-3404, 3459, 3500, 3517, 3621, 3701
src/attest/benchmark/checkpoints.py     458     45    90%   87, 95, 118, 120, 125-126, 189, 214, 285, 296-297, 299-300, 302, 334, 342, 409, 475-476, 506, 515, 524, 526, 531, 549, 589, 594, 632, 653, 657-658, 667, 711, 757, 767, 772, 785, 795-796, 806-807, 833, 849, 861, 885
src/attest/benchmark/corpus.py         1610    230    86%   197, 224, 251, 306, 364, 401, 404-405, 410, 417, 419, 441, 450, 453, 456, 463, 480, 482, 485, 504, 542, 553-559, 566, 587-588, 638-639, 728, 733, 769, 887, 914-915, 1154, 1191, 1236-1237, 1303, 1306-1308, 1324-1327, 1335-1341, 1343-1346, 1366, 1380, 1386, 1449-1450, 1457, 1460-1461, 1466-1467, 1493, 1495, 1497, 1499, 1503, 1505, 1508, 1537-1538, 1551-1552, 1566, 1568, 1572, 1574, 1576, 1609-1610, 1639, 1641, 1645, 1649, 1651, 1653, 1655, 1707-1708, 1755, 1758, 1760, 1778, 1783, 1806, 1825, 1876, 1878, 1901, 1912, 1914, 1920, 1937, 1951-1956, 2003, 2023, 2033-2038, 2041, 2046, 2144, 2149, 2157, 2274-2275, 2281-2282, 2288, 2360, 2366-2367, 2376-2377, 2409-2410, 2414-2425, 2445-2446, 2453, 2459, 2463, 2469, 2473-2474, 2478, 2484, 2489, 2497, 2503, 2516, 2520, 2539, 2542, 2548, 2562, 2570-2571, 2576, 2580, 2628, 2658, 2660, 2681-2682, 2684, 2697-2698, 2703, 2706-2707, 2709, 2716, 2720-2721, 2723, 2728-2731, 2746, 2870-2871, 2873, 2877, 2896, 2902, 2904, 2921-2922, 2930-2931, 2934, 2937-2938, 2940, 2995, 3007, 3022, 3027-3028, 3058-3059, 3072-3073, 3125, 3132, 3158, 3163, 3186-3189, 3229-3230, 3236-3237, 3245, 3248, 3258, 3261
src/attest/benchmark/experiments.py    1501     25    98%   426, 444, 469, 479, 502, 504, 2214, 2520, 3039, 3041, 3075, 3215, 3227, 3637, 3639, 3641, 3643, 3821, 3832, 3834, 3861, 3863, 3985, 4189, 4350
src/attest/benchmark/live.py            864     84    90%   254-255, 282, 337, 391, 400, 403, 409, 416, 481, 483, 487, 490, 536, 557, 628-629, 856, 861, 890, 910, 916, 933, 935, 945-946, 950, 971, 986, 1034, 1039-1043, 1058, 1060, 1062, 1074, 1083-1084, 1088, 1091-1092, 1094, 1104, 1117, 1129, 1133, 1142-1143, 1239-1240, 1382, 1395, 1407, 1422, 1468-1471, 1658, 1686-1692, 1703, 1756, 1764, 1767, 1822, 1826, 1878, 1881, 1884, 1938, 1940, 1944, 1959, 1963, 1977-1978, 2011-2012, 2056, 2071, 2080
src/attest/benchmark/matcher.py          48      1    98%   28
src/attest/benchmark/measurement.py     750    105    86%   150, 152, 159, 168, 174, 210, 239, 242, 247, 250, 252, 254, 264, 267, 274, 280, 335, 338, 341, 345, 348, 350, 352, 362, 365, 372, 418, 420, 422, 426, 430, 436, 439, 498, 502, 504, 506, 510, 512, 516, 518, 520, 522, 526, 530, 532, 541, 558, 561, 569, 596, 602, 607, 615, 623, 655, 663, 669, 725, 735, 741, 756, 773, 782, 784, 786, 808, 810, 821, 823, 825, 841, 993, 1020-1021, 1023, 1045, 1047, 1068, 1071, 1078, 1344, 1346, 1409, 1416, 1563-1564, 1604-1605, 1648-1649, 1689-1690, 1703, 1711, 1720, 1753, 1759, 1765, 1768, 1775-1776, 1782-1783, 1795
src/attest/benchmark/metrics.py         167     10    94%   68, 89, 101, 243, 246, 255, 257, 259, 261, 296
src/attest/benchmark/outcomes.py       1155    128    89%   93, 95, 97, 99, 144, 153, 193, 195, 197, 199, 259, 261, 270, 281, 297, 301, 303, 318, 320, 325, 349, 352, 354, 359, 363, 366, 370, 411, 413, 415, 418-419, 422, 431, 434, 588, 613, 661, 691, 747-748, 794, 809, 811, 826, 855, 929-930, 934, 940, 957-958, 976-986, 1039, 1052, 1061, 1082, 1084, 1089, 1203, 1208, 1253-1257, 1436, 1537, 1615, 1623, 1632, 1649, 1654, 1658, 1665, 1667, 1672, 1676, 1678, 1682, 1693, 1699, 1710, 1725, 1728, 1730, 1740, 1747, 1757, 1759, 1767, 1772, 1774, 1782, 1788, 1792, 1821-1822, 1834-1835, 1850, 1909, 1912, 1921, 1935, 1958, 1962, 1967, 1971, 1977, 1979, 2011, 2013, 2018, 2060, 2097, 2101, 2141, 2162, 2187, 2193, 2202
src/attest/benchmark/report.py          478     72    85%   219, 239, 242, 290, 296, 362, 365, 367, 384, 388, 409, 416, 427, 509, 517, 519, 521, 524, 526, 530-531, 584, 652, 834, 997-1002, 1044, 1047, 1051, 1056, 1076, 1156, 1220-1221, 1228, 1233, 1242, 1254-1265, 1270-1359, 1366-1377
src/attest/benchmark/runner.py          495     70    86%   118, 133, 197, 258, 429, 478, 483, 488, 490, 494, 498, 502, 504, 520, 525-526, 552, 555, 558, 570, 581, 583, 587-588, 636-637, 692, 694, 698-699, 738-740, 745, 800, 803, 817, 825, 827, 829, 843, 845, 859, 890, 917, 972, 974, 976, 978, 980, 985, 1100, 1104, 1111, 1115, 1117, 1119, 1127, 1160, 1344-1354, 1372, 1387-1392, 1397
src/attest/benchmark/schema.py          439     33    92%   188, 195, 246-247, 255-256, 268, 277, 291-292, 301, 439, 445, 474, 553, 555, 559, 561, 564, 571, 609, 651, 699, 707, 709, 736, 774, 781, 788, 833, 839, 845, 851
src/attest/benchmark/stability.py       444     38    91%   132, 134, 136, 140, 157, 163, 197, 200, 209, 213, 215, 218, 221, 229, 232, 242, 248, 254, 292, 299, 301, 303, 312, 331, 357, 520, 529, 537, 550, 716-717, 837, 899, 935, 943, 1001, 1036, 1090
src/attest/cli/__init__.py                0      0   100%
src/attest/cli/main.py                  175      8    95%   104-106, 112-114, 117, 308
src/attest/core/__init__.py               8      0   100%
src/attest/core/allocation.py            28      0   100%
src/attest/core/betting.py               25      0   100%
src/attest/core/demo_compat.py           82      0   100%
src/attest/core/engine.py               131      1    99%   63
src/attest/core/exploration.py           13      0   100%
src/attest/core/monitor.py               46      0   100%
src/attest/core/stream.py                18      0   100%
src/attest/core/tables.py                78      0   100%
src/attest/data/__init__.py               0      0   100%
src/attest/github/__init__.py             0      0   100%
src/attest/github/client.py              87      8    91%   64, 91, 128-131, 136, 157
src/attest/github/context.py             28      1    96%   24
src/attest/github/presentation.py        37      0   100%
src/attest/review/__init__.py             0      0   100%
src/attest/review/budget.py              44      0   100%
src/attest/review/candidates.py          76      5    93%   83, 86, 115, 122, 125
src/attest/review/channels.py            29      0   100%
src/attest/review/ci.py                 548     66    88%   110, 112, 181, 345, 387, 396, 404, 409-410, 413, 424, 457, 495, 537-538, 542, 544, 556, 598, 608, 611, 621, 661, 664, 667, 682, 691, 693, 695, 707, 718, 725, 729, 733, 738, 745, 775, 777, 779, 782, 789, 845-846, 850, 858, 864, 868, 872, 876, 882, 888, 893, 898, 919, 922, 932, 938, 945, 978-983, 1055-1058
src/attest/review/config.py              45      0   100%
src/attest/review/dedup.py               36      1    97%   65
src/attest/review/diffs.py               60      0   100%
src/attest/review/executor.py           544     73    87%   241, 308-309, 422, 434, 449-450, 455, 458-470, 479, 536, 542-557, 562, 565-566, 569, 586-594, 619, 633, 648, 674, 678, 684, 818, 826, 835, 871, 880-881, 934-935, 942-943, 950, 1019, 1031, 1033, 1052-1053, 1055, 1061, 1094, 1106, 1143, 1204
src/attest/review/gate.py                45      0   100%
src/attest/review/ledger.py             467     35    93%   55, 61, 84, 105, 120, 150, 171, 218, 308, 378-379, 417, 428, 480, 489-490, 492, 535, 542, 554, 560, 563-564, 582, 612, 618, 622, 641, 644, 657, 660-661, 671, 805, 900
src/attest/review/proposer.py           108     14    87%   96-102, 113-122, 134, 222-223, 226, 232
src/attest/review/report.py              33      0   100%
src/attest/review/run.py                118      1    99%   266
src/attest/review/schema.py              49      1    98%   83
src/attest/review/tier0.py              114      0   100%
-------------------------------------------------------------------
TOTAL                                 13728   1355    90%
Coverage JSON written to file /private/tmp/attest-m01-task5-recovery-5efe3d1-py311/evidence/coverage.json
Required test coverage of 90% reached. Total coverage: 90.13%
