{"unit_id": "attrs-guard_raise-03--forward", "probes": 0, "refused": 1, "refusals": ["'C' is bound nowhere the rule reads"]}
{"unit_id": "packaging-boundary-08--forward", "probes": 5, "refused": 0, "refusals": []}
{"label": "packaging-boundary-08--forward/contract-1", "policy": "attest.intent.v5.1", "outcome": "deferred", "differential_held": true, "certification": "not_attempted", "elapsed_s": 7.3, "why": "value change confirmed, intent unknown: the base tree does not specify the value this assertion pins about the"}
{"label": "packaging-boundary-08--forward/contract-1", "policy": "attest.intent.v6", "outcome": "reproduced", "differential_held": true, "certification": "accepted", "elapsed_s": 8.2, "why": "publishes"}
{"label": "packaging-boundary-08--forward/contract-2", "policy": "attest.intent.v5.1", "outcome": "deferred", "differential_held": true, "certification": "not_attempted", "elapsed_s": 6.9, "why": "value change confirmed, intent unknown: the base tree does not specify the value this assertion pins about the"}
{"label": "packaging-boundary-08--forward/contract-2", "policy": "attest.intent.v6", "outcome": "reproduced", "differential_held": true, "certification": "accepted", "elapsed_s": 7.9, "why": "publishes"}
{"label": "packaging-boundary-08--forward/contract-3", "policy": "attest.intent.v5.1", "outcome": "deferred", "differential_held": true, "certification": "not_attempted", "elapsed_s": 7.1, "why": "value change confirmed, intent unknown: the base tree does not specify the value this assertion pins about the"}
{"label": "packaging-boundary-08--forward/contract-3", "policy": "attest.intent.v6", "outcome": "reproduced", "differential_held": true, "certification": "accepted", "elapsed_s": 8.5, "why": "publishes"}
{"label": "packaging-boundary-08--forward/contract-4", "policy": "attest.intent.v5.1", "outcome": "deferred", "differential_held": false, "certification": "not_attempted", "elapsed_s": 2.9, "why": "1 probes tried and none produced a differential: 1 reached the changed lines and observed no difference"}
{"label": "packaging-boundary-08--forward/contract-5", "policy": "attest.intent.v5.1", "outcome": "deferred", "differential_held": false, "certification": "not_attempted", "elapsed_s": 2.9, "why": "1 probes tried and none produced a differential: 1 reached the changed lines and observed no difference"}
{"unit_id": "packaging-guard_raise-06--forward", "probes": 7, "refused": 2, "refusals": ["'direct_url_dict' is a fixture of test_one_info_field", "'url' is a fixture of test_dir_info_url_requires_absolute_file_url"]}
{"label": "packaging-guard_raise-06--forward/contract-1", "policy": "attest.intent.v5.1", "outcome": "deferred", "differential_held": true, "certification": "not_attempted", "elapsed_s": 7.0, "why": "value change confirmed, intent unknown: the base tree does not specify the value this assertion pins about the"}
{"label": "packaging-guard_raise-06--forward/contract-1", "policy": "attest.intent.v6", "outcome": "reproduced", "differential_held": true, "certification": "accepted", "elapsed_s": 8.3, "why": "publishes"}
{"label": "packaging-guard_raise-06--forward/contract-2", "policy": "attest.intent.v5.1", "outcome": "deferred", "differential_held": false, "certification": "not_attempted", "elapsed_s": 2.9, "why": "1 probes tried and none produced a differential: 1 reached the changed lines and observed no difference"}
{"label": "packaging-guard_raise-06--forward/contract-3", "policy": "attest.intent.v5.1", "outcome": "deferred", "differential_held": false, "certification": "not_attempted", "elapsed_s": 2.9, "why": "1 probes tried and none produced a differential: 1 reached the changed lines and observed no difference"}
{"label": "packaging-guard_raise-06--forward/contract-4", "policy": "attest.intent.v5.1", "outcome": "deferred", "differential_held": false, "certification": "not_attempted", "elapsed_s": 2.8, "why": "1 probes tried and none produced a differential: 1 reached the changed lines and observed no difference"}
{"label": "packaging-guard_raise-06--forward/contract-5", "policy": "attest.intent.v5.1", "outcome": "deferred", "differential_held": false, "certification": "not_attempted", "elapsed_s": 2.8, "why": "1 probes tried and none produced a differential: 1 did not reach the changed lines"}
{"label": "packaging-guard_raise-06--forward/contract-6", "policy": "attest.intent.v5.1", "outcome": "deferred", "differential_held": false, "certification": "not_attempted", "elapsed_s": 2.8, "why": "1 probes tried and none produced a differential: 1 did not reach the changed lines"}
{"label": "packaging-guard_raise-06--forward/contract-7", "policy": "attest.intent.v5.1", "outcome": "deferred", "differential_held": false, "certification": "not_attempted", "elapsed_s": 2.9, "why": "1 probes tried and none produced a differential: 1 did not reach the changed lines"}
{"unit_id": "python-dotenv-boundary-08--forward", "probes": 6, "refused": 0, "refusals": []}
{"label": "python-dotenv-boundary-08--forward/contract-1", "policy": "attest.intent.v5.1", "outcome": "deferred", "differential_held": true, "certification": "not_attempted", "elapsed_s": 6.1, "why": "value change confirmed, intent unknown: the failing assertion pins no value the base tree could have specified"}
{"label": "python-dotenv-boundary-08--forward/contract-1", "policy": "attest.intent.v6", "outcome": "deferred", "differential_held": true, "certification": "not_attempted", "elapsed_s": 5.7, "why": "value change confirmed, intent unknown: the failing assertion pins no value the base tree could have specified"}
{"label": "python-dotenv-boundary-08--forward/contract-2", "policy": "attest.intent.v5.1", "outcome": "deferred", "differential_held": false, "certification": "not_attempted", "elapsed_s": 2.7, "why": "1 probes tried and none produced a differential: 1 reached the changed lines and observed no difference"}
{"label": "python-dotenv-boundary-08--forward/contract-3", "policy": "attest.intent.v5.1", "outcome": "deferred", "differential_held": true, "certification": "not_attempted", "elapsed_s": 6.3, "why": "value change confirmed, intent unknown: the base tree does not specify the value this assertion pins about the"}
{"label": "python-dotenv-boundary-08--forward/contract-3", "policy": "attest.intent.v6", "outcome": "deferred", "differential_held": true, "certification": "not_attempted", "elapsed_s": 6.1, "why": "value change confirmed, intent unknown: the base tree does not specify the value this assertion pins about the"}
{"label": "python-dotenv-boundary-08--forward/contract-4", "policy": "attest.intent.v5.1", "outcome": "deferred", "differential_held": true, "certification": "not_attempted", "elapsed_s": 6.1, "why": "value change confirmed, intent unknown: the base tree does not specify the value this assertion pins about the"}
{"label": "python-dotenv-boundary-08--forward/contract-4", "policy": "attest.intent.v6", "outcome": "deferred", "differential_held": true, "certification": "not_attempted", "elapsed_s": 6.0, "why": "value change confirmed, intent unknown: the base tree does not specify the value this assertion pins about the"}
{"label": "python-dotenv-boundary-08--forward/contract-5", "policy": "attest.intent.v5.1", "outcome": "deferred", "differential_held": true, "certification": "not_attempted", "elapsed_s": 6.3, "why": "value change confirmed, intent unknown: the base tree does not specify the value this assertion pins about the"}
{"label": "python-dotenv-boundary-08--forward/contract-5", "policy": "attest.intent.v6", "outcome": "deferred", "differential_held": true, "certification": "not_attempted", "elapsed_s": 6.0, "why": "value change confirmed, intent unknown: the base tree does not specify the value this assertion pins about the"}
{"label": "python-dotenv-boundary-08--forward/contract-6", "policy": "attest.intent.v5.1", "outcome": "deferred", "differential_held": false, "certification": "not_attempted", "elapsed_s": 2.5, "why": "1 probes tried and none produced a differential: 1 reached the changed lines and observed no difference"}
{"unit_id": "urllib3-none_guard-18--forward", "probes": 2, "refused": 0, "refusals": []}
{"label": "urllib3-none_guard-18--forward/contract-1", "policy": "attest.intent.v5.1", "outcome": "deferred", "differential_held": true, "certification": "not_attempted", "elapsed_s": 6.8, "why": "value change confirmed, intent unknown: the failing assertion pins only a generic constant, which almost any t"}
{"label": "urllib3-none_guard-18--forward/contract-1", "policy": "attest.intent.v6", "outcome": "reproduced", "differential_held": true, "certification": "accepted", "elapsed_s": 8.4, "why": "publishes"}
{"label": "urllib3-none_guard-18--forward/contract-2", "policy": "attest.intent.v5.1", "outcome": "deferred", "differential_held": true, "certification": "not_attempted", "elapsed_s": 6.8, "why": "value change confirmed, intent unknown: the failing assertion pins only a generic constant, which almost any t"}
{"label": "urllib3-none_guard-18--forward/contract-2", "policy": "attest.intent.v6", "outcome": "reproduced", "differential_held": true, "certification": "accepted", "elapsed_s": 8.4, "why": "publishes"}
exit=0
