{"label": "click-boundary-07--forward/frozen", "policy": "attest.intent.v5.1", "outcome": "deferred", "differential_held": true, "certification": "not_attempted", "elapsed_s": 7.7, "why": "value change confirmed, intent unknown: the base tree does not specify the value this assertion pins about the"}
{"label": "click-boundary-07--forward/frozen", "policy": "attest.intent.v6", "outcome": "deferred", "differential_held": true, "certification": "not_attempted", "elapsed_s": 7.8, "why": "value change confirmed, intent unknown: the base tree does not specify the value this assertion pins about the"}
{"label": "itsdangerous-boundary-07--forward/frozen", "policy": "attest.intent.v5.1", "outcome": "reproduced", "differential_held": true, "certification": "accepted", "elapsed_s": 6.6, "why": "publishes"}
{"label": "itsdangerous-boundary-07--forward/frozen", "policy": "attest.intent.v6", "outcome": "reproduced", "differential_held": true, "certification": "accepted", "elapsed_s": 6.2, "why": "publishes"}
{"label": "jinja-boundary-09--forward/frozen", "policy": "attest.intent.v5.1", "outcome": "reproduced", "differential_held": true, "certification": "accepted", "elapsed_s": 6.9, "why": "publishes"}
{"label": "jinja-boundary-09--forward/frozen", "policy": "attest.intent.v6", "outcome": "reproduced", "differential_held": true, "certification": "accepted", "elapsed_s": 7.0, "why": "publishes"}
{"label": "more-itertools-boundary-08--forward/frozen", "policy": "attest.intent.v5.1", "outcome": "reproduced", "differential_held": true, "certification": "accepted", "elapsed_s": 6.9, "why": "publishes"}
{"label": "more-itertools-boundary-08--forward/frozen", "policy": "attest.intent.v6", "outcome": "reproduced", "differential_held": true, "certification": "accepted", "elapsed_s": 6.5, "why": "publishes"}
{"label": "packaging-boundary-08--forward/frozen", "policy": "attest.intent.v5.1", "outcome": "deferred", "differential_held": true, "certification": "not_attempted", "elapsed_s": 7.0, "why": "value change confirmed, intent unknown: the base tree does not specify the value this assertion pins about the"}
{"label": "packaging-boundary-08--forward/frozen", "policy": "attest.intent.v6", "outcome": "deferred", "differential_held": true, "certification": "not_attempted", "elapsed_s": 7.9, "why": "value change confirmed, intent unknown: the base tree does not specify the value this assertion pins about the"}
{"label": "python-dotenv-boundary-06--forward/frozen", "policy": "attest.intent.v5.1", "outcome": "deferred", "differential_held": true, "certification": "not_attempted", "elapsed_s": 6.4, "why": "value change confirmed, intent unknown: the base tree does not specify the value this assertion pins about the"}
{"label": "python-dotenv-boundary-06--forward/frozen", "policy": "attest.intent.v6", "outcome": "deferred", "differential_held": true, "certification": "not_attempted", "elapsed_s": 5.9, "why": "value change confirmed, intent unknown: the base tree does not specify the value this assertion pins about the"}
{"label": "urllib3-boundary-07--forward/frozen", "policy": "attest.intent.v5.1", "outcome": "deferred", "differential_held": true, "certification": "not_attempted", "elapsed_s": 7.7, "why": "value change confirmed, intent unknown: the base tree does not specify the value this assertion pins about the"}
{"label": "urllib3-boundary-07--forward/frozen", "policy": "attest.intent.v6", "outcome": "deferred", "differential_held": true, "certification": "not_attempted", "elapsed_s": 7.9, "why": "value change confirmed, intent unknown: the base tree does not specify the value this assertion pins about the"}
{"label": "attrs-guard_raise-03--forward/frozen", "policy": "attest.intent.v5.1", "outcome": "deferred", "differential_held": true, "certification": "not_attempted", "elapsed_s": 7.0, "why": "value change confirmed, intent unknown: the base tree does not specify the value this assertion pins about the"}
{"label": "attrs-guard_raise-03--forward/frozen", "policy": "attest.intent.v6", "outcome": "deferred", "differential_held": true, "certification": "not_attempted", "elapsed_s": 7.7, "why": "value change confirmed, intent unknown: the base tree does not specify the value this assertion pins about the"}
{"label": "click-boundary-10--forward/frozen", "policy": "attest.intent.v5.1", "outcome": "deferred", "differential_held": true, "certification": "not_attempted", "elapsed_s": 6.8, "why": "value change confirmed, intent unknown: the failing assertion pins only a generic constant, which almost any t"}
{"label": "click-boundary-10--forward/frozen", "policy": "attest.intent.v6", "outcome": "deferred", "differential_held": true, "certification": "not_attempted", "elapsed_s": 6.8, "why": "value change confirmed, intent unknown: the failing assertion pins only a generic constant, which almost any t"}
{"label": "itsdangerous-guard_raise-01--forward/frozen", "policy": "attest.intent.v5.1", "outcome": "deferred", "differential_held": true, "certification": "not_attempted", "elapsed_s": 6.1, "why": "value change confirmed, intent unknown: the base tree does not specify the value this assertion pins about the"}
{"label": "itsdangerous-guard_raise-01--forward/frozen", "policy": "attest.intent.v6", "outcome": "deferred", "differential_held": true, "certification": "not_attempted", "elapsed_s": 6.2, "why": "value change confirmed, intent unknown: the base tree does not specify the value this assertion pins about the"}
{"label": "jinja-boundary-12--forward/frozen", "policy": "attest.intent.v5.1", "outcome": "deferred", "differential_held": true, "certification": "not_attempted", "elapsed_s": 7.2, "why": "value change confirmed, intent unknown: the base tree does not specify the value this assertion pins about the"}
{"label": "jinja-boundary-12--forward/frozen", "policy": "attest.intent.v6", "outcome": "deferred", "differential_held": true, "certification": "not_attempted", "elapsed_s": 7.1, "why": "value change confirmed, intent unknown: the base tree does not specify the value this assertion pins about the"}
{"label": "more-itertools-boundary-10--forward/frozen", "policy": "attest.intent.v5.1", "outcome": "deferred", "differential_held": true, "certification": "not_attempted", "elapsed_s": 7.1, "why": "value change confirmed, intent unknown: the base tree does not specify the value this assertion pins about the"}
{"label": "more-itertools-boundary-10--forward/frozen", "policy": "attest.intent.v6", "outcome": "deferred", "differential_held": true, "certification": "not_attempted", "elapsed_s": 7.1, "why": "value change confirmed, intent unknown: the base tree does not specify the value this assertion pins about the"}
{"label": "python-dotenv-boundary-08--forward/frozen", "policy": "attest.intent.v5.1", "outcome": "deferred", "differential_held": true, "certification": "not_attempted", "elapsed_s": 6.5, "why": "value change confirmed, intent unknown: the base tree does not specify the value this assertion pins about the"}
{"label": "python-dotenv-boundary-08--forward/frozen", "policy": "attest.intent.v6", "outcome": "deferred", "differential_held": true, "certification": "not_attempted", "elapsed_s": 6.1, "why": "value change confirmed, intent unknown: the base tree does not specify the value this assertion pins about the"}
{"label": "urllib3-guard_raise-03--forward/frozen", "policy": "attest.intent.v5.1", "outcome": "deferred", "differential_held": true, "certification": "not_attempted", "elapsed_s": 7.6, "why": "value change confirmed, intent unknown: the base tree does not specify the value this assertion pins about the"}
{"label": "urllib3-guard_raise-03--forward/frozen", "policy": "attest.intent.v6", "outcome": "deferred", "differential_held": true, "certification": "not_attempted", "elapsed_s": 7.5, "why": "value change confirmed, intent unknown: the base tree does not specify the value this assertion pins about the"}
{"label": "attrs-none_guard-14--forward/frozen", "policy": "attest.intent.v5.1", "outcome": "reproduced", "differential_held": true, "certification": "accepted", "elapsed_s": 6.4, "why": "publishes"}
{"label": "attrs-none_guard-14--forward/frozen", "policy": "attest.intent.v6", "outcome": "reproduced", "differential_held": true, "certification": "accepted", "elapsed_s": 6.2, "why": "publishes"}
{"label": "jinja-guard_raise-01--forward/frozen", "policy": "attest.intent.v5.1", "outcome": "deferred", "differential_held": true, "certification": "not_attempted", "elapsed_s": 7.5, "why": "value change confirmed, intent unknown: the base tree does not specify the value this assertion pins about the"}
{"label": "jinja-guard_raise-01--forward/frozen", "policy": "attest.intent.v6", "outcome": "deferred", "differential_held": true, "certification": "not_attempted", "elapsed_s": 7.2, "why": "value change confirmed, intent unknown: the base tree does not specify the value this assertion pins about the"}
{"label": "more-itertools-guard_raise-04--forward/frozen", "policy": "attest.intent.v5.1", "outcome": "reproduced", "differential_held": true, "certification": "accepted", "elapsed_s": 7.0, "why": "publishes"}
{"label": "more-itertools-guard_raise-04--forward/frozen", "policy": "attest.intent.v6", "outcome": "reproduced", "differential_held": true, "certification": "accepted", "elapsed_s": 6.7, "why": "publishes"}
{"label": "packaging-guard_raise-01--forward/frozen", "policy": "attest.intent.v5.1", "outcome": "reproduced", "differential_held": true, "certification": "accepted", "elapsed_s": 6.5, "why": "publishes"}
{"label": "packaging-guard_raise-01--forward/frozen", "policy": "attest.intent.v6", "outcome": "reproduced", "differential_held": true, "certification": "accepted", "elapsed_s": 7.1, "why": "publishes"}
{"label": "python-dotenv-guard_raise-01--forward/frozen", "policy": "attest.intent.v5.1", "outcome": "reproduced", "differential_held": true, "certification": "accepted", "elapsed_s": 6.6, "why": "publishes"}
{"label": "python-dotenv-guard_raise-01--forward/frozen", "policy": "attest.intent.v6", "outcome": "reproduced", "differential_held": true, "certification": "accepted", "elapsed_s": 6.1, "why": "publishes"}
{"label": "urllib3-guard_raise-04--forward/frozen", "policy": "attest.intent.v5.1", "outcome": "reproduced", "differential_held": true, "certification": "accepted", "elapsed_s": 7.2, "why": "publishes"}
{"label": "urllib3-guard_raise-04--forward/frozen", "policy": "attest.intent.v6", "outcome": "reproduced", "differential_held": true, "certification": "accepted", "elapsed_s": 7.8, "why": "publishes"}
{"label": "attrs-none_guard-15--forward/frozen", "policy": "attest.intent.v5.1", "outcome": "reproduced", "differential_held": true, "certification": "accepted", "elapsed_s": 6.9, "why": "publishes"}
{"label": "attrs-none_guard-15--forward/frozen", "policy": "attest.intent.v6", "outcome": "reproduced", "differential_held": true, "certification": "accepted", "elapsed_s": 6.5, "why": "publishes"}
{"label": "click-guard_raise-05--forward/frozen", "policy": "attest.intent.v5.1", "outcome": "deferred", "differential_held": true, "certification": "not_attempted", "elapsed_s": 8.4, "why": "value change confirmed, intent unknown: the base tree does not specify the value this assertion pins about the"}
{"label": "click-guard_raise-05--forward/frozen", "policy": "attest.intent.v6", "outcome": "deferred", "differential_held": true, "certification": "not_attempted", "elapsed_s": 9.9, "why": "value change confirmed, intent unknown: the base tree does not specify the value this assertion pins about the"}
{"label": "itsdangerous-guard_raise-05--forward/frozen", "policy": "attest.intent.v5.1", "outcome": "reproduced", "differential_held": true, "certification": "accepted", "elapsed_s": 7.2, "why": "publishes"}
{"label": "itsdangerous-guard_raise-05--forward/frozen", "policy": "attest.intent.v6", "outcome": "reproduced", "differential_held": true, "certification": "accepted", "elapsed_s": 8.4, "why": "publishes"}
{"label": "jinja-none_guard-13--forward/frozen", "policy": "attest.intent.v5.1", "outcome": "deferred", "differential_held": true, "certification": "not_attempted", "elapsed_s": 8.7, "why": "value change confirmed, intent unknown: the base tree does not specify the value this assertion pins about the"}
{"label": "jinja-none_guard-13--forward/frozen", "policy": "attest.intent.v6", "outcome": "deferred", "differential_held": true, "certification": "not_attempted", "elapsed_s": 7.5, "why": "value change confirmed, intent unknown: the base tree does not specify the value this assertion pins about the"}
{"label": "more-itertools-guard_raise-05--forward/frozen", "policy": "attest.intent.v5.1", "outcome": "reproduced", "differential_held": true, "certification": "accepted", "elapsed_s": 6.7, "why": "publishes"}
{"label": "more-itertools-guard_raise-05--forward/frozen", "policy": "attest.intent.v6", "outcome": "reproduced", "differential_held": true, "certification": "accepted", "elapsed_s": 6.9, "why": "publishes"}
{"label": "packaging-guard_raise-06--forward/frozen", "policy": "attest.intent.v5.1", "outcome": "deferred", "differential_held": true, "certification": "not_attempted", "elapsed_s": 7.2, "why": "value change confirmed, intent unknown: the base tree does not specify the value this assertion pins about the"}
{"label": "packaging-guard_raise-06--forward/frozen", "policy": "attest.intent.v6", "outcome": "deferred", "differential_held": true, "certification": "not_attempted", "elapsed_s": 9.0, "why": "value change confirmed, intent unknown: the base tree does not specify the value this assertion pins about the"}
{"label": "python-dotenv-guard_raise-02--forward/frozen", "policy": "attest.intent.v5.1", "outcome": "deferred", "differential_held": true, "certification": "not_attempted", "elapsed_s": 6.4, "why": "value change confirmed, intent unknown: the base tree does not specify the value this assertion pins about the"}
{"label": "python-dotenv-guard_raise-02--forward/frozen", "policy": "attest.intent.v6", "outcome": "deferred", "differential_held": true, "certification": "not_attempted", "elapsed_s": 6.1, "why": "value change confirmed, intent unknown: the base tree does not specify the value this assertion pins about the"}
{"label": "urllib3-none_guard-15--forward/frozen", "policy": "attest.intent.v5.1", "outcome": "reproduced", "differential_held": true, "certification": "accepted", "elapsed_s": 7.1, "why": "publishes"}
{"label": "urllib3-none_guard-15--forward/frozen", "policy": "attest.intent.v6", "outcome": "reproduced", "differential_held": true, "certification": "accepted", "elapsed_s": 7.2, "why": "publishes"}
{"label": "attrs-none_guard-17--forward/frozen", "policy": "attest.intent.v5.1", "outcome": "reproduced", "differential_held": true, "certification": "accepted", "elapsed_s": 7.0, "why": "publishes"}
{"label": "attrs-none_guard-17--forward/frozen", "policy": "attest.intent.v6", "outcome": "reproduced", "differential_held": true, "certification": "accepted", "elapsed_s": 6.3, "why": "publishes"}
{"label": "itsdangerous-guard_raise-06--forward/frozen", "policy": "attest.intent.v5.1", "outcome": "reproduced", "differential_held": true, "certification": "accepted", "elapsed_s": 6.1, "why": "publishes"}
{"label": "itsdangerous-guard_raise-06--forward/frozen", "policy": "attest.intent.v6", "outcome": "reproduced", "differential_held": true, "certification": "accepted", "elapsed_s": 5.9, "why": "publishes"}
{"label": "jinja-none_guard-14--forward/frozen", "policy": "attest.intent.v5.1", "outcome": "reproduced", "differential_held": true, "certification": "accepted", "elapsed_s": 7.3, "why": "publishes"}
{"label": "jinja-none_guard-14--forward/frozen", "policy": "attest.intent.v6", "outcome": "reproduced", "differential_held": true, "certification": "accepted", "elapsed_s": 6.5, "why": "publishes"}
{"label": "python-dotenv-guard_raise-04--forward/frozen", "policy": "attest.intent.v5.1", "outcome": "reproduced", "differential_held": true, "certification": "accepted", "elapsed_s": 6.2, "why": "publishes"}
{"label": "python-dotenv-guard_raise-04--forward/frozen", "policy": "attest.intent.v6", "outcome": "reproduced", "differential_held": true, "certification": "accepted", "elapsed_s": 5.9, "why": "publishes"}
{"label": "urllib3-none_guard-18--forward/frozen", "policy": "attest.intent.v5.1", "outcome": "deferred", "differential_held": true, "certification": "not_attempted", "elapsed_s": 7.2, "why": "value change confirmed, intent unknown: the failing assertion pins only a generic constant, which almost any t"}
{"label": "urllib3-none_guard-18--forward/frozen", "policy": "attest.intent.v6", "outcome": "deferred", "differential_held": true, "certification": "not_attempted", "elapsed_s": 8.4, "why": "value change confirmed, intent unknown: the failing assertion pins only a generic constant, which almost any t"}
exit=0
