{"unit_id": "attrs-boundary-09--forward", "build": "ok", "head": "28a01236e304"}
{"unit_id": "click-boundary-07--forward", "build": "ok", "head": "4346f2c89dbd"}
{"unit_id": "itsdangerous-boundary-07--forward", "build": "ok", "head": "7dba92e62f39"}
{"unit_id": "jinja-boundary-09--forward", "build": "ok", "head": "32c067f6401e"}
{"unit_id": "more-itertools-boundary-08--forward", "build": "ok", "head": "0ff6925c1dba"}
{"unit_id": "packaging-boundary-08--forward", "build": "ok", "head": "762088a15612"}
{"unit_id": "python-dotenv-boundary-06--forward", "build": "ok", "head": "4c7640223de2"}
{"unit_id": "urllib3-boundary-07--forward", "build": "ok", "head": "82340a49e188"}
{"unit_id": "attrs-guard_raise-03--forward", "build": "ok", "head": "cb634cb885d7"}
{"unit_id": "click-boundary-10--forward", "build": "ok", "head": "8c4598dd5821"}
{"unit_id": "itsdangerous-guard_raise-01--forward", "build": "ok", "head": "c38666ea03c1"}
{"unit_id": "jinja-boundary-12--forward", "build": "ok", "head": "5f0eacbfb63c"}
{"unit_id": "more-itertools-boundary-10--forward", "build": "ok", "head": "562ce6f0aafc"}
{"unit_id": "packaging-boundary-11--forward", "build": "ok", "head": "cbeaa92c8cee"}
{"unit_id": "python-dotenv-boundary-08--forward", "build": "ok", "head": "4b4d5230df18"}
{"unit_id": "urllib3-guard_raise-03--forward", "build": "ok", "head": "27d997b5d3d7"}
{"unit_id": "attrs-none_guard-14--forward", "build": "ok", "head": "85372f02a536"}
{"unit_id": "click-guard_raise-03--forward", "build": "ok", "head": "73b27bcdd30b"}
{"unit_id": "itsdangerous-guard_raise-04--forward", "build": "ok", "head": "a2fb43a2efc8"}
{"unit_id": "jinja-guard_raise-01--forward", "build": "ok", "head": "8f91d20006ee"}
{"unit_id": "more-itertools-guard_raise-04--forward", "build": "ok", "head": "0bcd39824ee7"}
{"unit_id": "packaging-guard_raise-01--forward", "build": "ok", "head": "ba98e88e4d99"}
{"unit_id": "python-dotenv-guard_raise-01--forward", "build": "ok", "head": "c051219c6ccf"}
{"unit_id": "urllib3-guard_raise-04--forward", "build": "ok", "head": "68c5b3724e88"}
{"unit_id": "attrs-none_guard-15--forward", "build": "ok", "head": "1a4b6bb1547b"}
{"unit_id": "click-guard_raise-05--forward", "build": "ok", "head": "d537831ddaee"}
{"unit_id": "itsdangerous-guard_raise-05--forward", "build": "ok", "head": "fcb0ec04ba55"}
{"unit_id": "jinja-none_guard-13--forward", "build": "ok", "head": "e96cb6fc716c"}
{"unit_id": "more-itertools-guard_raise-05--forward", "build": "ok", "head": "1e51e11dc28e"}
{"unit_id": "packaging-guard_raise-06--forward", "build": "ok", "head": "87f7baa6d69a"}
{"unit_id": "python-dotenv-guard_raise-02--forward", "build": "ok", "head": "9ae57b8f00fd"}
{"unit_id": "urllib3-none_guard-15--forward", "build": "ok", "head": "5eaed9273543"}
{"unit_id": "attrs-none_guard-17--forward", "build": "ok", "head": "6b9d02dc02a1"}
{"unit_id": "click-none_guard-15--forward", "build": "ok", "head": "e7b4c8ee735b"}
{"unit_id": "itsdangerous-guard_raise-06--forward", "build": "ok", "head": "6785313908dd"}
{"unit_id": "jinja-none_guard-14--forward", "build": "ok", "head": "470ab8446aa9"}
{"unit_id": "more-itertools-none_guard-17--forward", "build": "ok", "head": "568db8e5f91a"}
{"unit_id": "packaging-none_guard-13--forward", "build": "ok", "head": "6f398aa3fe22"}
{"unit_id": "python-dotenv-guard_raise-04--forward", "build": "ok", "head": "2ffcf593a67a"}
{"unit_id": "urllib3-none_guard-18--forward", "build": "ok", "head": "bea36ccc6d9c"}
built 40 of 40 sampled cases
