{"unit_id": "attrs-boundary-09--forward", "build": "ok", "head": "6a340c45c68a"}
{"unit_id": "click-boundary-07--forward", "build": "ok", "head": "c9c0f113cd2a"}
{"unit_id": "itsdangerous-boundary-07--forward", "build": "ok", "head": "16a99b1e90a7"}
{"unit_id": "jinja-boundary-09--forward", "build": "ok", "head": "2373ecaea18e"}
{"unit_id": "more-itertools-boundary-08--forward", "build": "ok", "head": "d089514e4886"}
{"unit_id": "packaging-boundary-08--forward", "build": "ok", "head": "5d44b51abe4b"}
{"unit_id": "python-dotenv-boundary-06--forward", "build": "ok", "head": "a74e06193859"}
{"unit_id": "urllib3-boundary-07--forward", "build": "ok", "head": "fb4197a66601"}
{"unit_id": "attrs-guard_raise-03--forward", "build": "ok", "head": "5bc890cf07ac"}
{"unit_id": "click-boundary-10--forward", "build": "ok", "head": "04a8981b7685"}
{"unit_id": "itsdangerous-guard_raise-01--forward", "build": "ok", "head": "add2f03701b0"}
{"unit_id": "jinja-boundary-12--forward", "build": "ok", "head": "47724383a041"}
{"unit_id": "more-itertools-boundary-10--forward", "build": "ok", "head": "fc9836beec09"}
{"unit_id": "packaging-boundary-11--forward", "build": "ok", "head": "b3f6a53df64c"}
{"unit_id": "python-dotenv-boundary-08--forward", "build": "ok", "head": "ca0c20b69d22"}
{"unit_id": "urllib3-guard_raise-03--forward", "build": "ok", "head": "a7fa841335b9"}
{"unit_id": "attrs-none_guard-14--forward", "build": "ok", "head": "da06b9d24c9c"}
{"unit_id": "click-guard_raise-03--forward", "build": "ok", "head": "83986104672b"}
{"unit_id": "itsdangerous-guard_raise-04--forward", "build": "ok", "head": "a86b87b75f77"}
{"unit_id": "jinja-guard_raise-01--forward", "build": "ok", "head": "01f20f7f2e8a"}
{"unit_id": "more-itertools-guard_raise-04--forward", "build": "ok", "head": "07c5d78fed24"}
{"unit_id": "packaging-guard_raise-01--forward", "build": "ok", "head": "59964926bf81"}
{"unit_id": "python-dotenv-guard_raise-01--forward", "build": "ok", "head": "ab492000fecd"}
{"unit_id": "urllib3-guard_raise-04--forward", "build": "ok", "head": "18bcf9e316b5"}
{"unit_id": "attrs-none_guard-15--forward", "build": "ok", "head": "5245e5fd0743"}
{"unit_id": "click-guard_raise-05--forward", "build": "ok", "head": "ebddc75b57f0"}
{"unit_id": "itsdangerous-guard_raise-05--forward", "build": "ok", "head": "07774467df89"}
{"unit_id": "jinja-none_guard-13--forward", "build": "ok", "head": "d013ac13f9fa"}
{"unit_id": "more-itertools-guard_raise-05--forward", "build": "ok", "head": "a89e6ff9cb08"}
{"unit_id": "packaging-guard_raise-06--forward", "build": "ok", "head": "9879172d286f"}
{"unit_id": "python-dotenv-guard_raise-02--forward", "build": "ok", "head": "ee778e9d9269"}
{"unit_id": "urllib3-none_guard-15--forward", "build": "ok", "head": "eed9336a7e65"}
{"unit_id": "attrs-none_guard-17--forward", "build": "ok", "head": "a36fdc62df3a"}
{"unit_id": "click-none_guard-15--forward", "build": "ok", "head": "6d31f6fa571d"}
{"unit_id": "itsdangerous-guard_raise-06--forward", "build": "ok", "head": "02550fa2b90a"}
{"unit_id": "jinja-none_guard-14--forward", "build": "ok", "head": "7eeb1b99f56c"}
{"unit_id": "more-itertools-none_guard-17--forward", "build": "ok", "head": "7ed26f8ad126"}
{"unit_id": "packaging-none_guard-13--forward", "build": "ok", "head": "3d78a5ce91c1"}
{"unit_id": "python-dotenv-guard_raise-04--forward", "build": "ok", "head": "890055b2a83d"}
{"unit_id": "urllib3-none_guard-18--forward", "build": "ok", "head": "90f42652b520"}
built 40 of 40 sampled cases
