{"unit_id": "attrs-boundary-09--forward", "build": "ok", "head": "6dcaf9c4b24b"}
{"unit_id": "click-boundary-07--forward", "build": "ok", "head": "0b7a811d9e1f"}
{"unit_id": "itsdangerous-boundary-07--forward", "build": "ok", "head": "eed346893bfe"}
{"unit_id": "jinja-boundary-09--forward", "build": "ok", "head": "98f8b05fd573"}
{"unit_id": "more-itertools-boundary-08--forward", "build": "ok", "head": "74c778e9f236"}
{"unit_id": "packaging-boundary-08--forward", "build": "ok", "head": "494c0b2859c6"}
{"unit_id": "python-dotenv-boundary-06--forward", "build": "ok", "head": "f79e50d14853"}
{"unit_id": "urllib3-boundary-07--forward", "build": "ok", "head": "f02ef9c7ac90"}
{"unit_id": "attrs-guard_raise-03--forward", "build": "ok", "head": "b4e978ad8042"}
{"unit_id": "click-boundary-10--forward", "build": "ok", "head": "dcaf83b25b7e"}
{"unit_id": "itsdangerous-guard_raise-01--forward", "build": "ok", "head": "fe2804c95c57"}
{"unit_id": "jinja-boundary-12--forward", "build": "ok", "head": "4ddb2c61c6bf"}
{"unit_id": "more-itertools-boundary-10--forward", "build": "ok", "head": "a7cff84b2ced"}
{"unit_id": "packaging-boundary-11--forward", "build": "ok", "head": "9adb48e7d27b"}
{"unit_id": "python-dotenv-boundary-08--forward", "build": "ok", "head": "007ba17a2229"}
{"unit_id": "urllib3-guard_raise-03--forward", "build": "ok", "head": "41e58164ec7a"}
{"unit_id": "attrs-none_guard-14--forward", "build": "ok", "head": "e85a8bc35e5e"}
{"unit_id": "click-guard_raise-03--forward", "build": "ok", "head": "f0600626d7f1"}
{"unit_id": "itsdangerous-guard_raise-04--forward", "build": "ok", "head": "b07d00b070b1"}
{"unit_id": "jinja-guard_raise-01--forward", "build": "ok", "head": "6b2d1e06b1f4"}
{"unit_id": "more-itertools-guard_raise-04--forward", "build": "ok", "head": "e439de99b65d"}
{"unit_id": "packaging-guard_raise-01--forward", "build": "ok", "head": "88d0a6a3908c"}
{"unit_id": "python-dotenv-guard_raise-01--forward", "build": "ok", "head": "a76c9d2a839b"}
{"unit_id": "urllib3-guard_raise-04--forward", "build": "ok", "head": "ac0efc4c2f8c"}
{"unit_id": "attrs-none_guard-15--forward", "build": "ok", "head": "b8d06f5966e5"}
{"unit_id": "click-guard_raise-05--forward", "build": "ok", "head": "f94e35df64c6"}
{"unit_id": "itsdangerous-guard_raise-05--forward", "build": "ok", "head": "f14dd5e034e3"}
{"unit_id": "jinja-none_guard-13--forward", "build": "ok", "head": "1525c7d128b1"}
{"unit_id": "more-itertools-guard_raise-05--forward", "build": "ok", "head": "9eeef6956634"}
{"unit_id": "packaging-guard_raise-06--forward", "build": "ok", "head": "bc5ab4031e7c"}
{"unit_id": "python-dotenv-guard_raise-02--forward", "build": "ok", "head": "ca0c88e0c9b0"}
{"unit_id": "urllib3-none_guard-15--forward", "build": "ok", "head": "fd52444d278b"}
{"unit_id": "attrs-none_guard-17--forward", "build": "ok", "head": "757f30b122ac"}
{"unit_id": "click-none_guard-15--forward", "build": "ok", "head": "53d8959193c2"}
{"unit_id": "itsdangerous-guard_raise-06--forward", "build": "ok", "head": "a06518528879"}
{"unit_id": "jinja-none_guard-14--forward", "build": "ok", "head": "bb10441ea662"}
{"unit_id": "more-itertools-none_guard-17--forward", "build": "ok", "head": "0833a241aae7"}
{"unit_id": "packaging-none_guard-13--forward", "build": "ok", "head": "7949ac1c8591"}
{"unit_id": "python-dotenv-guard_raise-04--forward", "build": "ok", "head": "8857c6636479"}
{"unit_id": "urllib3-none_guard-18--forward", "build": "ok", "head": "ee25291fd122"}
built 40 of 40 sampled cases
