COMMAND: .venv/bin/python -m coverage report --include=src/attest/certification/*,src/attest/execution/* --fail-under=90
Name                                        Stmts   Miss  Cover   Missing
-------------------------------------------------------------------------
src/attest/certification/__init__.py            0      0   100%
src/attest/certification/binding.py            24      3    88%   37, 39, 41
src/attest/certification/clustering.py         29      0   100%
src/attest/certification/intent.py            209      3    99%   330, 701, 746
src/attest/certification/policy.py             29      0   100%
src/attest/certification/selection.py          95      1    99%   231
src/attest/certification/types.py             113      0   100%
src/attest/certification/units.py              11      0   100%
src/attest/certification/validate.py          102      0   100%
src/attest/execution/__init__.py                0      0   100%
src/attest/execution/backends.py               34      3    91%   57-61
src/attest/execution/container_adapter.py     120     14    88%   101, 117, 131, 139-140, 142, 211, 298-303, 311
src/attest/execution/container_images.py      255     23    91%   112-113, 143-144, 154, 194-195, 226-227, 234, 237-238, 264, 267-268, 301-302, 313-314, 485, 517, 560, 563
src/attest/execution/controller.py            167     20    88%   107-108, 116-117, 140-141, 145, 175, 228-229, 233-234, 259, 294-295, 299, 302, 318-320
src/attest/execution/local_adapter.py         185     24    87%   87-88, 93, 96-108, 115-123, 148, 162, 177, 198, 226-227
src/attest/execution/protocol.py              187     14    93%   97-98, 102, 117, 121, 149, 158, 160, 202, 267, 274, 277, 322, 351
src/attest/execution/provenance.py             57      5    91%   53, 86, 89, 91, 97
src/attest/execution/types.py                  55      0   100%
-------------------------------------------------------------------------
TOTAL                                        1672    110    93%
COMMAND: .venv/bin/python -m coverage report --include=src/attest/review/* --fail-under=0
Name                                      Stmts   Miss  Cover   Missing
-----------------------------------------------------------------------
src/attest/review/__init__.py                 0      0   100%
src/attest/review/_contract_observer.py      99     99     0%   7-152
src/attest/review/acceptance.py             140     10    93%   61, 112, 167, 180, 196, 206, 224, 240, 242, 246
src/attest/review/binding.py                261     19    93%   63, 167, 209-210, 221-222, 231, 235-236, 242-243, 245, 303, 333, 345, 351, 360, 386, 395
src/attest/review/boundary.py               111     17    85%   72-73, 84-85, 91-93, 99-100, 105, 111, 121-123, 143, 163, 169
src/attest/review/budget.py                 127      1    99%   266
src/attest/review/candidates.py              90      8    91%   107, 110, 113, 126, 141, 163, 170, 173
src/attest/review/certify.py                 89      3    97%   132, 294, 329
src/attest/review/channels.py                29      0   100%
src/attest/review/ci.py                     855     99    88%   175, 177, 220, 222, 227, 235, 261, 343, 532, 577, 583, 588-589, 592, 601, 634, 670, 702-703, 707, 772, 780, 783, 793, 827, 830, 833, 848, 857, 859, 861, 871, 880, 887, 889, 893, 898, 905, 929, 931, 933, 936, 993-994, 998, 1006, 1022, 1042, 1046, 1050, 1062, 1068, 1074, 1079, 1084, 1100, 1103, 1113, 1119, 1126, 1186-1189, 1266-1275, 1299, 1303, 1365-1366, 1395, 1398-1399, 1419, 1422-1423, 1431, 1434-1435, 1459, 1551, 1561-1562, 1567-1573, 1610-1611, 1631-1632, 1735-1738, 1762-1763, 2038-2047, 2283
src/attest/review/config.py                 146      9    94%   184, 201, 203, 205, 207, 209, 211, 298, 303
src/attest/review/contract_context.py       100     19    81%   28, 30, 37-38, 40, 48-61, 98, 108, 133, 137
src/attest/review/contract_runtime.py       273     36    87%   74-76, 107, 130, 145, 148, 157, 161, 167, 186, 200, 209, 219, 237, 239, 261, 266, 284, 286, 290, 297-298, 306-308, 317, 326, 337, 340, 369-370, 372-373, 378-379
src/attest/review/contracts.py             1108    167    85%   174-178, 194, 211, 215, 218, 223-231, 255-258, 273, 275-276, 284-288, 303-304, 424, 478-480, 614, 676, 710, 748, 752, 754-755, 780, 804, 808, 839, 847-848, 898, 972, 980, 1020-1021, 1037, 1041, 1044, 1072, 1094, 1097, 1102-1108, 1110-1119, 1129, 1132, 1134-1139, 1144-1147, 1149, 1160, 1163, 1167-1173, 1180, 1186, 1188, 1200-1205, 1218, 1221-1223, 1285, 1291-1292, 1296, 1304-1305, 1311-1312, 1318-1319, 1348-1349, 1376, 1394, 1398, 1459, 1465, 1490, 1496-1497, 1500, 1521, 1535, 1543, 1546, 1550, 1576, 1640, 1642, 1689, 1708, 1710, 1714, 1723, 1727-1729, 1731, 1733, 1766, 1770-1771, 1784-1785, 1832-1844, 1870-1871, 1873-1876, 1879, 1885-1887
src/attest/review/dedup.py                   73      1    99%   71
src/attest/review/diffs.py                   93      1    99%   147
src/attest/review/eligibility.py             90     10    89%   53, 78, 83, 144, 158-159, 162, 165, 170-171
src/attest/review/evidence.py               235     22    91%   66-67, 261, 266, 279-280, 285, 311-312, 315, 354-355, 372, 376, 380, 387, 395, 409, 415-416, 421, 425
src/attest/review/executor.py              1240    136    89%   603, 681-682, 1078-1081, 1106-1109, 1120-1121, 1132-1136, 1141-1146, 1230-1231, 1256-1257, 1260, 1287, 1338, 1401, 1421, 1436, 1451, 1456-1457, 1473, 1502, 1512, 1531-1541, 1560-1563, 1569-1580, 1623, 1685-1700, 1705, 1708-1709, 1712, 1800, 1804, 1810, 1843, 1910-1911, 1938, 1943, 1952, 2032, 2157-2158, 2163, 2176-2177, 2179, 2245-2248, 2260, 2274-2275, 2372-2373, 2518, 2520-2521, 2524, 2539, 2561, 2579-2581, 2590, 2602, 2768, 2790, 2792, 2802-2803, 2805, 2854, 2882-2883, 2892-2893, 2914, 2958-2959, 2965, 2971-2975, 2985, 3053, 3065, 3074, 3140-3141, 3163, 3283-3284, 3405
src/attest/review/finding_evidence.py       100     20    80%   53, 65-66, 89-90, 100-101, 103, 125-126, 135-136, 199-209
src/attest/review/gate.py                    50      1    98%   31
src/attest/review/gate_level.py             414    120    71%   168, 207-208, 238, 269-270, 315-316, 322, 326, 338-339, 408, 414, 438, 481, 492, 494, 528, 531, 533, 548, 590, 615-623, 641-642, 647, 652-662, 665-673, 679, 690-707, 723, 726, 729-732, 771-777, 811-886, 888-891, 915-1009
src/attest/review/gate_note.py               61      6    90%   93, 97, 99, 115-116, 121
src/attest/review/history.py                 30      3    90%   34-35, 60
src/attest/review/impact.py                 376     29    92%   151, 198, 261-268, 335, 362, 373, 392, 398-401, 408, 468, 520, 532, 535-536, 568, 574-575, 595-596, 603-604, 648, 654, 712
src/attest/review/index.py                  366     43    88%   152, 163, 202, 212-213, 234, 272, 283, 339, 343-344, 379-382, 392, 439, 463-465, 480, 482-483, 536-553, 571-577, 582-583, 589
src/attest/review/intent.py                 734     86    88%   290, 293, 296, 299, 301-302, 323, 336-337, 359, 367, 389, 391, 411-412, 423, 425, 428, 446-447, 482-483, 489-494, 517-518, 520, 556-557, 559, 568, 637, 698-699, 704, 707, 710, 713, 715-716, 725, 761-762, 767-768, 771, 774, 777-778, 780-781, 801-802, 841, 844-845, 902-904, 917-918, 934-935, 938-939, 962, 973, 1023, 1041, 1043-1044, 1051, 1103, 1128-1131, 1147, 1155, 1162, 1228, 1277
src/attest/review/ledger.py                 516     39    92%   88, 94, 143, 164, 179, 209, 230, 277, 372, 377, 452-453, 497, 508, 559, 567-568, 570, 613, 620, 638, 641-642, 660, 681-682, 690, 696, 700, 719, 722, 735, 738-739, 749, 920, 1015, 1038, 1044
src/attest/review/machine.py                 71      6    92%   50, 132, 136, 138, 183-184
src/attest/review/output_contract.py        182      7    96%   209, 271, 415, 503, 516, 528, 594
src/attest/review/planner.py                583     52    91%   245, 283, 301, 334, 348, 362, 372-373, 379, 389, 403, 410, 413, 416, 418, 438, 510, 516, 542-543, 547, 588, 599, 620-621, 625-627, 652, 709, 786, 827-841, 851, 861, 888, 909, 945-948, 985
src/attest/review/probe.py                  277     29    90%   158, 167, 185, 193, 207-208, 254-255, 366-367, 375, 411-412, 414, 427-429, 431, 433, 487, 497-498, 644-645, 652, 674-675, 681-682
src/attest/review/proposer.py               314     18    94%   232, 306-310, 378, 400, 484, 760-762, 765-767, 781-782, 811-812
src/attest/review/ranking.py                 69      3    96%   110-111, 163
src/attest/review/recovery.py                92     10    89%   46, 62, 70, 79, 140-141, 143, 159-160, 168
src/attest/review/report.py                  79     12    85%   48-65, 165, 167-168, 170-171
src/attest/review/run.py                    223      5    98%   106-107, 246-247, 398
src/attest/review/schema.py                  57      1    98%   95
src/attest/review/security.py                 5      0   100%
src/attest/review/status.py                 172      4    98%   65, 146, 334, 337
src/attest/review/structural.py             224     16    93%   190, 245-246, 281-282, 287, 290, 292-293, 296, 328, 333, 336, 482-484
src/attest/review/support.py                183     26    86%   206-211, 215-219, 222, 225, 241-242, 249-252, 285, 339-340, 390, 452, 457, 459
src/attest/review/tier0.py                  124      0   100%
src/attest/review/value_note.py             215     22    90%   115, 137, 180, 382, 387, 389, 392-407
src/attest/review/verification.py           160      5    97%   218, 269, 282-294, 396
src/attest/review/vocabulary.py               7      0   100%
src/attest/review/window.py                  45      0   100%
src/attest/review/workdir.py                 34      0   100%
-----------------------------------------------------------------------
TOTAL                                     10922   1220    89%
COMMAND: .venv/bin/python -m coverage report --include=src/attest/cli/* --fail-under=0
Name                         Stmts   Miss  Cover   Missing
----------------------------------------------------------
src/attest/cli/__init__.py       0      0   100%
src/attest/cli/main.py         347     28    92%   107-108, 231, 311-313, 316, 332-334, 344-349, 396-398, 443, 455, 457, 494-496, 508-510, 516, 523, 556, 798
----------------------------------------------------------
TOTAL                          347     28    92%
COMMAND: .venv/bin/python -m coverage report --include=src/attest/github/* --fail-under=0
Name                                Stmts   Miss  Cover   Missing
-----------------------------------------------------------------
src/attest/github/__init__.py           0      0   100%
src/attest/github/client.py           153     15    90%   70, 112, 118-119, 148, 151, 169, 193, 230-233, 239, 264, 285
src/attest/github/context.py           28      1    96%   24
src/attest/github/presentation.py     257     14    95%   219, 225, 231, 298, 397, 435, 508, 566, 593, 603, 615, 662-663, 686
-----------------------------------------------------------------
TOTAL                                 438     30    93%
COMMAND: .venv/bin/python -m coverage report --include=src/attest/benchmark/* --fail-under=0
Name                                  Stmts   Miss  Cover   Missing
-------------------------------------------------------------------
src/attest/benchmark/__init__.py          0      0   100%
src/attest/benchmark/api.py             471     36    92%   236, 279, 281, 283, 288, 316, 322, 330, 337, 426, 488, 490, 492, 514, 518, 588, 599, 627, 701-704, 767, 904, 911, 914, 937, 953-954, 966-967, 985, 988, 1113, 1159, 1174
src/attest/benchmark/artifacts.py       390     62    84%   121, 136, 173, 177, 179, 199, 236, 246, 269, 295, 312-318, 323, 333, 339, 366, 401, 416, 418, 422, 438, 460-467, 472, 477, 499-500, 507-509, 554, 561-562, 568, 575-576, 592, 634-657, 700
src/attest/benchmark/baselines.py      1391    197    86%   242, 267, 378, 384, 388, 392, 404, 442, 472, 487, 501, 515-518, 620, 668-670, 695, 807-808, 810, 813-814, 816, 890-899, 904, 914, 923, 927, 966, 969, 973, 977, 1001, 1004, 1020-1021, 1103, 1153, 1364-1365, 1372, 1395-1396, 1412-1413, 1426-1427, 1437, 1439, 1443, 1473-1474, 1480-1481, 1486, 1498, 1508-1509, 1569, 1603, 1618-1619, 1667-1670, 1685-1690, 1695, 1747, 1755-1756, 1761, 1780-1781, 1789-1791, 1797-1801, 1810-1813, 1923-1924, 1931, 1972, 1991, 2001, 2018, 2032, 2037, 2045, 2085-2086, 2090, 2095, 2103, 2121, 2125, 2138, 2151, 2157, 2179, 2189, 2209, 2256, 2290, 2294, 2305-2306, 2318, 2357, 2427, 2456, 2488, 2500-2501, 2514, 2518, 2546, 2582, 2622, 2644, 2650, 2657, 2682, 2687, 2698, 2709, 2718, 2726-2729, 2754, 2762, 2765, 2768, 2770, 2778, 2809, 2816, 2826, 2831, 2835-2838, 2857-2858, 2863, 2871-2872, 2877-2878, 2883, 2938, 2997, 3015, 3083, 3090, 3103-3117, 3198, 3210, 3252, 3277, 3311, 3348, 3354, 3360, 3363, 3393, 3397, 3400, 3405-3406, 3461, 3502, 3519, 3623, 3703
src/attest/benchmark/checkpoints.py     465     45    90%   87, 95, 118, 120, 125-126, 195, 218, 292, 303-304, 306-307, 309, 341, 347, 406, 462-463, 489, 498, 505, 507, 512, 524, 562, 567, 599, 619, 623-624, 631, 665, 707, 717, 721, 734, 740-741, 749-750, 787, 810, 820, 844
src/attest/benchmark/corpus.py         1610    230    86%   197, 224, 251, 306, 364, 401, 404-405, 410, 417, 419, 441, 450, 453, 456, 463, 480, 482, 485, 504, 542, 553-559, 566, 587-588, 638-639, 728, 733, 769, 887, 914-915, 1154, 1191, 1236-1237, 1303, 1306-1308, 1324-1327, 1335-1341, 1343-1346, 1366, 1380, 1386, 1449-1450, 1457, 1460-1461, 1466-1467, 1493, 1495, 1497, 1499, 1503, 1505, 1508, 1537-1538, 1551-1552, 1566, 1568, 1572, 1574, 1576, 1609-1610, 1639, 1641, 1645, 1649, 1651, 1653, 1655, 1707-1708, 1755, 1758, 1760, 1778, 1783, 1806, 1825, 1876, 1878, 1901, 1912, 1914, 1920, 1937, 1951-1956, 2003, 2023, 2033-2038, 2041, 2046, 2144, 2149, 2157, 2274-2275, 2281-2282, 2288, 2360, 2366-2367, 2376-2377, 2409-2410, 2414-2425, 2445-2446, 2453, 2459, 2463, 2469, 2473-2474, 2478, 2484, 2489, 2497, 2503, 2516, 2520, 2539, 2542, 2548, 2562, 2570-2571, 2576, 2580, 2628, 2658, 2660, 2681-2682, 2684, 2697-2698, 2703, 2706-2707, 2709, 2716, 2720-2721, 2723, 2728-2731, 2746, 2870-2871, 2873, 2877, 2896, 2902, 2904, 2921-2922, 2930-2931, 2934, 2937-2938, 2940, 2995, 3007, 3022, 3027-3028, 3058-3059, 3072-3073, 3125, 3132, 3158, 3163, 3186-3189, 3229-3230, 3236-3237, 3245, 3248, 3258, 3261
src/attest/benchmark/experiments.py    1501     25    98%   426, 444, 469, 479, 502, 504, 2214, 2520, 3039, 3041, 3075, 3215, 3227, 3637, 3639, 3641, 3643, 3821, 3832, 3834, 3861, 3863, 3985, 4189, 4350
src/attest/benchmark/live.py            864     84    90%   254-255, 282, 337, 391, 400, 403, 409, 416, 481, 483, 487, 490, 536, 557, 628-629, 856, 861, 890, 910, 916, 933, 935, 945-946, 950, 971, 986, 1034, 1039-1043, 1058, 1060, 1062, 1074, 1083-1084, 1088, 1091-1092, 1094, 1104, 1117, 1129, 1133, 1142-1143, 1239-1240, 1382, 1395, 1407, 1422, 1468-1471, 1658, 1686-1692, 1703, 1756, 1764, 1767, 1822, 1826, 1878, 1881, 1884, 1938, 1940, 1944, 1959, 1963, 1977-1978, 2011-2012, 2056, 2071, 2080
src/attest/benchmark/matcher.py          48      1    98%   28
src/attest/benchmark/measurement.py     750    105    86%   150, 152, 159, 168, 174, 210, 239, 242, 247, 250, 252, 254, 264, 267, 274, 280, 335, 338, 341, 345, 348, 350, 352, 362, 365, 372, 418, 420, 422, 426, 430, 436, 439, 498, 502, 504, 506, 510, 512, 516, 518, 520, 522, 526, 530, 532, 541, 558, 561, 569, 596, 602, 607, 615, 623, 655, 663, 669, 725, 735, 741, 756, 773, 782, 784, 786, 808, 810, 821, 823, 825, 841, 993, 1020-1021, 1023, 1045, 1047, 1068, 1071, 1078, 1344, 1346, 1409, 1416, 1563-1564, 1604-1605, 1648-1649, 1689-1690, 1703, 1711, 1720, 1753, 1759, 1765, 1768, 1775-1776, 1782-1783, 1795
src/attest/benchmark/metrics.py         167     10    94%   68, 89, 101, 243, 246, 255, 257, 259, 261, 296
src/attest/benchmark/outcomes.py       1155    128    89%   93, 95, 97, 99, 144, 153, 193, 195, 197, 199, 259, 261, 270, 281, 297, 301, 303, 318, 320, 325, 349, 352, 354, 359, 363, 366, 370, 411, 413, 415, 418-419, 422, 431, 434, 588, 613, 661, 691, 747-748, 794, 809, 811, 826, 855, 929-930, 934, 940, 957-958, 976-986, 1039, 1052, 1061, 1082, 1084, 1089, 1203, 1208, 1253-1257, 1436, 1537, 1615, 1623, 1632, 1649, 1654, 1658, 1665, 1667, 1672, 1676, 1678, 1682, 1693, 1699, 1710, 1725, 1728, 1730, 1740, 1747, 1757, 1759, 1767, 1772, 1774, 1782, 1788, 1792, 1821-1822, 1834-1835, 1850, 1909, 1912, 1921, 1935, 1958, 1962, 1967, 1971, 1977, 1979, 2011, 2013, 2018, 2060, 2097, 2101, 2141, 2162, 2187, 2193, 2202
src/attest/benchmark/prospective.py     265     17    94%   63, 70, 144, 149, 153, 177, 212, 225-226, 263, 280-281, 327, 329, 331, 334, 450
src/attest/benchmark/report.py          479     72    85%   220, 240, 243, 291, 297, 363, 366, 368, 385, 389, 410, 417, 428, 510, 518, 520, 522, 525, 527, 531-532, 585, 653, 859, 1022-1027, 1069, 1072, 1076, 1081, 1101, 1181, 1245-1246, 1253, 1258, 1267, 1279-1290, 1295-1384, 1391-1402
src/attest/benchmark/runner.py          543     83    85%   138, 145, 161-162, 167, 196-201, 238, 299, 434, 436, 440, 503, 552, 557, 562, 564, 568, 572, 576, 578, 594, 599-600, 626, 629, 632, 644, 655, 657, 661-662, 710-711, 766, 768, 772-773, 812-814, 819, 874, 877, 891, 899, 901, 903, 917, 919, 933, 964, 991, 1044, 1046, 1048, 1050, 1052, 1057, 1135-1146, 1226, 1230, 1237, 1241, 1243, 1245, 1253, 1286, 1473-1483, 1501, 1516-1521
src/attest/benchmark/schema.py          439     33    92%   188, 195, 246-247, 255-256, 268, 277, 291-292, 301, 439, 445, 474, 553, 555, 559, 561, 564, 571, 609, 651, 699, 707, 709, 736, 774, 781, 788, 833, 839, 845, 851
src/attest/benchmark/stability.py       444     38    91%   132, 134, 136, 140, 157, 163, 197, 200, 209, 213, 215, 218, 221, 229, 232, 242, 248, 254, 292, 299, 301, 303, 312, 331, 357, 520, 529, 537, 550, 716-717, 837, 899, 935, 943, 1001, 1036, 1090
-------------------------------------------------------------------
TOTAL                                 10982   1166    89%
COMMAND: .venv/bin/python -m coverage report --include=src/attest/core/* --fail-under=0
Name                             Stmts   Miss  Cover   Missing
--------------------------------------------------------------
src/attest/core/__init__.py          8      0   100%
src/attest/core/allocation.py       28      0   100%
src/attest/core/betting.py          25      0   100%
src/attest/core/demo_compat.py      82      0   100%
src/attest/core/engine.py          131      1    99%   63
src/attest/core/exploration.py      13      0   100%
src/attest/core/monitor.py          46      0   100%
src/attest/core/stream.py           18      0   100%
src/attest/core/tables.py           78      0   100%
--------------------------------------------------------------
TOTAL                              429      1    99%
