........................................................................ [  2%]
........................................................................ [  5%]
........................................................................ [  8%]
........................................................................ [ 11%]
........................................................................ [ 14%]
........................................................................ [ 16%]
........................................................................ [ 19%]
........................................................................ [ 22%]
........................................................................ [ 25%]
........................................................................ [ 28%]
........................................................................ [ 30%]
........................................................................ [ 33%]
........................................................................ [ 36%]
........................................................................ [ 39%]
........................................................................ [ 42%]
........................................................................ [ 45%]
........................................................................ [ 47%]
........................................................................ [ 50%]
........................................................................ [ 53%]
........................................................................ [ 56%]
........................................................................ [ 59%]
........................................................................ [ 61%]
........................................................................ [ 64%]
........................................................................ [ 67%]
........................................................................ [ 70%]
........................................................................ [ 73%]
........................................................................ [ 76%]
........................................................................ [ 78%]
........................................................................ [ 81%]
........................................................................ [ 84%]
........................................................................ [ 87%]
........................................................................ [ 90%]
........................................................................ [ 92%]
........................................................................ [ 95%]
........................................................................ [ 98%]
...................................                                      [100%]
================================ tests coverage ================================
_______________ coverage: platform darwin, python 3.12.2-final-0 _______________

Name                                        Stmts   Miss  Cover   Missing
-------------------------------------------------------------------------
src/attest/certification/__init__.py            0      0   100%
src/attest/certification/binding.py            24      3    88%   37, 39, 41
src/attest/certification/clustering.py         29      0   100%
src/attest/certification/intent.py            209      3    99%   330, 701, 746
src/attest/certification/policy.py             29      0   100%
src/attest/certification/selection.py          95      1    99%   231
src/attest/certification/types.py             113      0   100%
src/attest/certification/units.py              11      0   100%
src/attest/certification/validate.py          102      0   100%
src/attest/execution/__init__.py                0      0   100%
src/attest/execution/backends.py               34      3    91%   57-61
src/attest/execution/container_adapter.py     120     14    88%   101, 117, 131, 139-140, 142, 211, 298-303, 311
src/attest/execution/container_images.py      255     23    91%   112-113, 143-144, 154, 194-195, 226-227, 234, 237-238, 264, 267-268, 301-302, 313-314, 485, 517, 560, 563
src/attest/execution/controller.py            167     20    88%   107-108, 116-117, 140-141, 145, 175, 228-229, 233-234, 259, 294-295, 299, 302, 318-320
src/attest/execution/local_adapter.py         185     24    87%   87-88, 93, 96-108, 115-123, 148, 162, 177, 198, 226-227
src/attest/execution/protocol.py              187     14    93%   97-98, 102, 117, 121, 149, 158, 160, 202, 267, 274, 277, 322, 351
src/attest/execution/provenance.py             57      5    91%   53, 86, 89, 91, 97
src/attest/execution/types.py                  55      0   100%
-------------------------------------------------------------------------
TOTAL                                        1672    110    93%
Required test coverage of 90.0% reached. Total coverage: 93.42%
