{"unit_id": "attrs-boundary-09--forward", "build": "ok", "head": "6d4f3e2f4eab"}
{"unit_id": "click-boundary-07--forward", "build": "ok", "head": "5945728b995e"}
{"unit_id": "itsdangerous-boundary-07--forward", "build": "ok", "head": "0380e13bb5eb"}
{"unit_id": "jinja-boundary-09--forward", "build": "ok", "head": "aab4ca9be93e"}
{"unit_id": "more-itertools-boundary-08--forward", "build": "ok", "head": "9f168b824e5e"}
{"unit_id": "packaging-boundary-08--forward", "build": "ok", "head": "b790427cc18f"}
{"unit_id": "python-dotenv-boundary-06--forward", "build": "ok", "head": "c5f0a2df2cc3"}
{"unit_id": "urllib3-boundary-07--forward", "build": "ok", "head": "6b8dbb651d18"}
{"unit_id": "attrs-guard_raise-03--forward", "build": "ok", "head": "d2a6920fdc1e"}
{"unit_id": "click-boundary-10--forward", "build": "ok", "head": "5f0526bdaa51"}
{"unit_id": "itsdangerous-guard_raise-01--forward", "build": "ok", "head": "1b639f76835d"}
{"unit_id": "jinja-boundary-12--forward", "build": "ok", "head": "3786b96a1906"}
{"unit_id": "more-itertools-boundary-10--forward", "build": "ok", "head": "0c27dd7cf71b"}
{"unit_id": "packaging-boundary-11--forward", "build": "ok", "head": "7676965c1fa4"}
{"unit_id": "python-dotenv-boundary-08--forward", "build": "ok", "head": "df33684c118d"}
{"unit_id": "urllib3-guard_raise-03--forward", "build": "ok", "head": "15d3b8d4356f"}
{"unit_id": "attrs-none_guard-14--forward", "build": "ok", "head": "726433ffa329"}
{"unit_id": "click-guard_raise-03--forward", "build": "ok", "head": "39f540b7ef1d"}
{"unit_id": "itsdangerous-guard_raise-04--forward", "build": "ok", "head": "6b1547b50411"}
{"unit_id": "jinja-guard_raise-01--forward", "build": "ok", "head": "d9a4a159382b"}
{"unit_id": "more-itertools-guard_raise-04--forward", "build": "ok", "head": "ffb9be230507"}
{"unit_id": "packaging-guard_raise-01--forward", "build": "ok", "head": "5dea280f5de9"}
{"unit_id": "python-dotenv-guard_raise-01--forward", "build": "ok", "head": "619a64aeb71c"}
{"unit_id": "urllib3-guard_raise-04--forward", "build": "ok", "head": "6effb8df7b56"}
{"unit_id": "attrs-none_guard-15--forward", "build": "ok", "head": "99188b45ebae"}
{"unit_id": "click-guard_raise-05--forward", "build": "ok", "head": "d8962730842f"}
{"unit_id": "itsdangerous-guard_raise-05--forward", "build": "ok", "head": "69c7592d6205"}
{"unit_id": "jinja-none_guard-13--forward", "build": "ok", "head": "b1ad286a5415"}
{"unit_id": "more-itertools-guard_raise-05--forward", "build": "ok", "head": "af17587a76bc"}
{"unit_id": "packaging-guard_raise-06--forward", "build": "ok", "head": "79c6e5c70d98"}
{"unit_id": "python-dotenv-guard_raise-02--forward", "build": "ok", "head": "ff562c60ad07"}
{"unit_id": "urllib3-none_guard-15--forward", "build": "ok", "head": "72f4a6602d11"}
{"unit_id": "attrs-none_guard-17--forward", "build": "ok", "head": "5863c19ad00a"}
{"unit_id": "click-none_guard-15--forward", "build": "ok", "head": "1a4cc358a94c"}
{"unit_id": "itsdangerous-guard_raise-06--forward", "build": "ok", "head": "d7b2ec59383f"}
{"unit_id": "jinja-none_guard-14--forward", "build": "ok", "head": "d423c45c9efa"}
{"unit_id": "more-itertools-none_guard-17--forward", "build": "ok", "head": "06a7919a06e1"}
{"unit_id": "packaging-none_guard-13--forward", "build": "ok", "head": "56b016f6688b"}
{"unit_id": "python-dotenv-guard_raise-04--forward", "build": "ok", "head": "b5a528b0c3b5"}
{"unit_id": "urllib3-none_guard-18--forward", "build": "ok", "head": "9e34793f9cb9"}
built 40 of 40 sampled cases
