Name                                      Stmts   Miss  Cover   Missing
-----------------------------------------------------------------------
src/attest/review/__init__.py                 0      0   100%
src/attest/review/_contract_observer.py      99     99     0%   7-152
src/attest/review/acceptance.py             140     10    93%   61, 112, 167, 180, 196, 206, 224, 240, 242, 246
src/attest/review/binding.py                261     19    93%   63, 167, 209-210, 221-222, 231, 235-236, 242-243, 245, 303, 333, 345, 351, 360, 386, 395
src/attest/review/boundary.py               111     17    85%   72-73, 84-85, 91-93, 99-100, 105, 111, 121-123, 143, 163, 169
src/attest/review/budget.py                 127      1    99%   266
src/attest/review/candidates.py              90      8    91%   107, 110, 113, 126, 141, 163, 170, 173
src/attest/review/certify.py                 89      3    97%   132, 294, 329
src/attest/review/channels.py                29      0   100%
src/attest/review/ci.py                     855     99    88%   175, 177, 220, 222, 227, 235, 261, 343, 532, 577, 583, 588-589, 592, 601, 634, 670, 702-703, 707, 772, 780, 783, 793, 827, 830, 833, 848, 857, 859, 861, 871, 880, 887, 889, 893, 898, 905, 929, 931, 933, 936, 993-994, 998, 1006, 1022, 1042, 1046, 1050, 1062, 1068, 1074, 1079, 1084, 1100, 1103, 1113, 1119, 1126, 1186-1189, 1266-1275, 1299, 1303, 1365-1366, 1395, 1398-1399, 1419, 1422-1423, 1431, 1434-1435, 1459, 1551, 1561-1562, 1567-1573, 1610-1611, 1631-1632, 1735-1738, 1762-1763, 2038-2047, 2283
src/attest/review/config.py                 146      9    94%   184, 201, 203, 205, 207, 209, 211, 298, 303
src/attest/review/contract_context.py       100     19    81%   28, 30, 37-38, 40, 48-61, 98, 108, 133, 137
src/attest/review/contract_runtime.py       273     36    87%   74-76, 107, 130, 145, 148, 157, 161, 167, 186, 200, 209, 219, 237, 239, 261, 266, 284, 286, 290, 297-298, 306-308, 317, 326, 337, 340, 369-370, 372-373, 378-379
src/attest/review/contracts.py             1108    167    85%   174-178, 194, 211, 215, 218, 223-231, 255-258, 273, 275-276, 284-288, 303-304, 424, 478-480, 614, 676, 710, 748, 752, 754-755, 780, 804, 808, 839, 847-848, 898, 972, 980, 1020-1021, 1037, 1041, 1044, 1072, 1094, 1097, 1102-1108, 1110-1119, 1129, 1132, 1134-1139, 1144-1147, 1149, 1160, 1163, 1167-1173, 1180, 1186, 1188, 1200-1205, 1218, 1221-1223, 1285, 1291-1292, 1296, 1304-1305, 1311-1312, 1318-1319, 1348-1349, 1376, 1394, 1398, 1459, 1465, 1490, 1496-1497, 1500, 1521, 1535, 1543, 1546, 1550, 1576, 1640, 1642, 1689, 1708, 1710, 1714, 1723, 1727-1729, 1731, 1733, 1766, 1770-1771, 1784-1785, 1832-1844, 1870-1871, 1873-1876, 1879, 1885-1887
src/attest/review/dedup.py                   73      1    99%   71
src/attest/review/diffs.py                   93      1    99%   147
src/attest/review/eligibility.py             90     10    89%   53, 78, 83, 144, 158-159, 162, 165, 170-171
src/attest/review/evidence.py               235     22    91%   66-67, 261, 266, 279-280, 285, 311-312, 315, 354-355, 372, 376, 380, 387, 395, 409, 415-416, 421, 425
src/attest/review/executor.py              1243    136    89%   603, 681-682, 1078-1081, 1106-1109, 1120-1121, 1132-1136, 1141-1146, 1230-1231, 1256-1257, 1260, 1287, 1338, 1401, 1421, 1436, 1451, 1456-1457, 1473, 1502, 1512, 1531-1541, 1560-1563, 1569-1580, 1625, 1688-1703, 1708, 1711-1712, 1715, 1803, 1807, 1813, 1846, 1915-1916, 1943, 1948, 1957, 2037, 2162-2163, 2168, 2181-2182, 2184, 2250-2253, 2265, 2279-2280, 2377-2378, 2523, 2525-2526, 2529, 2544, 2566, 2584-2586, 2595, 2607, 2773, 2795, 2797, 2807-2808, 2810, 2859, 2887-2888, 2897-2898, 2919, 2963-2964, 2970, 2976-2980, 2990, 3058, 3070, 3079, 3145-3146, 3168, 3288-3289, 3410
src/attest/review/finding_evidence.py       100     20    80%   53, 65-66, 89-90, 100-101, 103, 125-126, 135-136, 199-209
src/attest/review/gate.py                    50      1    98%   31
src/attest/review/gate_level.py             414    120    71%   168, 207-208, 238, 269-270, 315-316, 322, 326, 338-339, 408, 414, 438, 481, 492, 494, 528, 531, 533, 548, 590, 615-623, 641-642, 647, 652-662, 665-673, 679, 690-707, 723, 726, 729-732, 771-777, 811-886, 888-891, 915-1009
src/attest/review/gate_note.py               61      6    90%   93, 97, 99, 115-116, 121
src/attest/review/history.py                 30      3    90%   34-35, 60
src/attest/review/impact.py                 376     29    92%   151, 198, 261-268, 335, 362, 373, 392, 398-401, 408, 468, 520, 532, 535-536, 568, 574-575, 595-596, 603-604, 648, 654, 712
src/attest/review/index.py                  366     43    88%   152, 163, 202, 212-213, 234, 272, 283, 339, 343-344, 379-382, 392, 439, 463-465, 480, 482-483, 536-553, 571-577, 582-583, 589
src/attest/review/intent.py                 734     86    88%   290, 293, 296, 299, 301-302, 323, 336-337, 359, 367, 389, 391, 411-412, 423, 425, 428, 446-447, 482-483, 489-494, 517-518, 520, 556-557, 559, 568, 637, 698-699, 704, 707, 710, 713, 715-716, 725, 761-762, 767-768, 771, 774, 777-778, 780-781, 801-802, 841, 844-845, 902-904, 917-918, 934-935, 938-939, 962, 973, 1023, 1041, 1043-1044, 1051, 1103, 1128-1131, 1147, 1155, 1162, 1228, 1277
src/attest/review/ledger.py                 516     39    92%   88, 94, 143, 164, 179, 209, 230, 277, 372, 377, 452-453, 497, 508, 559, 567-568, 570, 613, 620, 638, 641-642, 660, 681-682, 690, 696, 700, 719, 722, 735, 738-739, 749, 920, 1015, 1038, 1044
src/attest/review/machine.py                 71      6    92%   50, 132, 136, 138, 183-184
src/attest/review/output_contract.py        182      7    96%   209, 271, 415, 503, 516, 528, 594
src/attest/review/planner.py                583     52    91%   245, 283, 301, 334, 348, 362, 372-373, 379, 389, 403, 410, 413, 416, 418, 438, 510, 516, 542-543, 547, 588, 599, 620-621, 625-627, 652, 709, 786, 827-841, 851, 861, 888, 909, 945-948, 985
src/attest/review/probe.py                  277     29    90%   158, 167, 185, 193, 207-208, 254-255, 366-367, 375, 411-412, 414, 427-429, 431, 433, 487, 497-498, 644-645, 652, 674-675, 681-682
src/attest/review/proposer.py               314     18    94%   232, 306-310, 378, 400, 484, 760-762, 765-767, 781-782, 811-812
src/attest/review/ranking.py                 69      3    96%   110-111, 163
src/attest/review/recovery.py                92     10    89%   46, 62, 70, 79, 140-141, 143, 159-160, 168
src/attest/review/report.py                  79     12    85%   48-65, 165, 167-168, 170-171
src/attest/review/run.py                    223      5    98%   106-107, 246-247, 398
src/attest/review/schema.py                  57      1    98%   95
src/attest/review/security.py                 5      0   100%
src/attest/review/status.py                 172      4    98%   65, 146, 334, 337
src/attest/review/structural.py             224     16    93%   190, 245-246, 281-282, 287, 290, 292-293, 296, 328, 333, 336, 482-484
src/attest/review/support.py                183     26    86%   206-211, 215-219, 222, 225, 241-242, 249-252, 285, 339-340, 390, 452, 457, 459
src/attest/review/tier0.py                  124      0   100%
src/attest/review/value_note.py             215     22    90%   115, 137, 180, 382, 387, 389, 392-407
src/attest/review/verification.py           160      5    97%   218, 269, 282-294, 396
src/attest/review/vocabulary.py               7      0   100%
src/attest/review/window.py                  45      0   100%
src/attest/review/workdir.py                 34      0   100%
-----------------------------------------------------------------------
TOTAL                                     10925   1220    89%
