{"protocol_sha256": "55a118ad27ef50e51986212641752e4218f390a05a2cc126247e0cd7075e2e39", "freeze_at": "2026-09-11T20:47:34+00:00", "population": ["more-itertools/more-itertools", "pallets/click", "pallets/itsdangerous", "pallets/jinja", "pypa/packaging", "python-attrs/attrs", "theskumar/python-dotenv", "urllib3/urllib3"], "sampled_units": 24, "trials_recorded": 0, "reserved_usd": 4.5, "headroom_usd": 33.117639999999994}
{"unit_id": "more-itertools/more-itertools#1270", "task_id": "20260911-213840-193a7b91", "recorded_at": "2026-09-11T21:38:40.889364+00:00", "candidates": 1, "eligible": 1, "attempted": 1, "certified": 0, "would_publish": [], "behavior_changes_verified": 0, "behavior_changes_intent_unknown": 1, "failure_categories": {"behavior change, intent unknown": 1}, "units_read": 1, "units_planned": 1, "budget_limited": false, "deferred_reason": null, "spend_usd": 0.090172, "elapsed_s": 40.7, "executor_profile": "linux-container-v1"}
{"unit_id": "more-itertools/more-itertools#1270", "lines": {"red": 0, "value": 1, "gate": 0, "impact": 0}}
{"unit_id": "pallets/click#3861", "task_id": "20260911-213923-7dea224c", "recorded_at": "2026-09-11T21:39:23.147852+00:00", "candidates": 13, "eligible": 13, "attempted": 3, "certified": 0, "would_publish": [], "behavior_changes_verified": 0, "behavior_changes_intent_unknown": 0, "failure_categories": {"no difference at the change": 3}, "units_read": 2, "units_planned": 2, "budget_limited": false, "deferred_reason": null, "spend_usd": 0.293583, "elapsed_s": 79.0, "executor_profile": "linux-container-v1"}
{"unit_id": "pallets/click#3861", "lines": {"red": 0, "value": 0, "gate": 0, "impact": 0}}
{"unit_id": "pallets/itsdangerous#406", "task_id": "20260911-214043-7314ea44", "recorded_at": "2026-09-11T21:40:43.386219+00:00", "candidates": 1, "eligible": 1, "attempted": 1, "certified": 0, "would_publish": [], "behavior_changes_verified": 0, "behavior_changes_intent_unknown": 0, "failure_categories": {"changed lines not executed": 1}, "units_read": 1, "units_planned": 1, "budget_limited": false, "deferred_reason": null, "spend_usd": 0.035676, "elapsed_s": 16.342, "executor_profile": "linux-container-v1"}
{"unit_id": "pallets/itsdangerous#406", "lines": {"red": 0, "value": 0, "gate": 0, "impact": 0}}
{"unit_id": "pallets/jinja#2099", "task_id": "20260911-214059-e8c4ec55", "recorded_at": "2026-09-11T21:40:59.804749+00:00", "candidates": 2, "eligible": 2, "attempted": 2, "certified": 0, "would_publish": [], "behavior_changes_verified": 0, "behavior_changes_intent_unknown": 0, "failure_categories": {"other": 2}, "units_read": 1, "units_planned": 1, "budget_limited": false, "deferred_reason": null, "spend_usd": 0.118599, "elapsed_s": 38.208, "executor_profile": "linux-container-v1"}
{"unit_id": "pallets/jinja#2099", "lines": {"red": 0, "value": 0, "gate": 0, "impact": 0}}
{"unit_id": "pypa/packaging#611", "task_id": "20260911-214138-f45fcbd2", "recorded_at": "2026-09-11T21:41:38.866460+00:00", "candidates": 2, "eligible": 0, "attempted": 0, "certified": 0, "would_publish": [], "behavior_changes_verified": 0, "behavior_changes_intent_unknown": 0, "failure_categories": {}, "units_read": 1, "units_planned": 1, "budget_limited": false, "deferred_reason": null, "spend_usd": 0.037125, "elapsed_s": 13.642, "executor_profile": "linux-container-v1"}
{"unit_id": "pypa/packaging#611", "lines": {"red": 0, "value": 0, "gate": 0, "impact": 0}}
{"unit_id": "python-attrs/attrs#1606", "task_id": "20260911-214154-b822fad7", "recorded_at": "2026-09-11T21:41:54.202451+00:00", "candidates": 0, "eligible": 0, "attempted": 0, "certified": 0, "would_publish": [], "behavior_changes_verified": 0, "behavior_changes_intent_unknown": 0, "failure_categories": {}, "units_read": 1, "units_planned": 1, "budget_limited": false, "deferred_reason": null, "spend_usd": 0.009251, "elapsed_s": 3.714, "executor_profile": ""}
{"unit_id": "python-attrs/attrs#1606", "lines": {"red": 0, "value": 0, "gate": 0, "impact": 0}}
{"unit_id": "theskumar/python-dotenv#680", "task_id": "20260911-214158-6445f92d", "recorded_at": "2026-09-11T21:41:58.667125+00:00", "candidates": 5, "eligible": 5, "attempted": 5, "certified": 0, "would_publish": [], "behavior_changes_verified": 0, "behavior_changes_intent_unknown": 2, "failure_categories": {"probe did not reach the change": 3, "other": 2}, "units_read": 1, "units_planned": 1, "budget_limited": false, "deferred_reason": null, "spend_usd": 0.253907, "elapsed_s": 63.175, "executor_profile": "linux-container-v1"}
{"unit_id": "theskumar/python-dotenv#680", "lines": {"red": 0, "value": 0, "gate": 0, "impact": 0}}
{"unit_id": "urllib3/urllib3#5239", "task_id": "20260911-214302-e2d52bdc", "recorded_at": "2026-09-11T21:43:02.060044+00:00", "candidates": 1, "eligible": 1, "attempted": 1, "certified": 0, "would_publish": [], "behavior_changes_verified": 0, "behavior_changes_intent_unknown": 0, "failure_categories": {"environment or import failure": 1}, "units_read": 1, "units_planned": 1, "budget_limited": false, "deferred_reason": null, "spend_usd": 0.125234, "elapsed_s": 35.06, "executor_profile": "linux-container-v1"}
{"unit_id": "urllib3/urllib3#5239", "lines": {"red": 0, "value": 0, "gate": 0, "impact": 0}}
{"unit_id": "more-itertools/more-itertools#1266", "task_id": "20260911-214338-10aed50c", "recorded_at": "2026-09-11T21:43:38.473670+00:00", "candidates": 0, "eligible": 0, "attempted": 0, "certified": 0, "would_publish": [], "behavior_changes_verified": 0, "behavior_changes_intent_unknown": 0, "failure_categories": {}, "units_read": 1, "units_planned": 1, "budget_limited": false, "deferred_reason": null, "spend_usd": 0.009601, "elapsed_s": 5.634, "executor_profile": ""}
{"unit_id": "more-itertools/more-itertools#1266", "lines": {"red": 0, "value": 0, "gate": 0, "impact": 0}}
{"unit_id": "pallets/click#3858", "task_id": "20260911-214345-44ad0725", "recorded_at": "2026-09-11T21:43:45.076872+00:00", "candidates": 9, "eligible": 9, "attempted": 3, "certified": 0, "would_publish": [], "behavior_changes_verified": 0, "behavior_changes_intent_unknown": 1, "failure_categories": {"no difference at the change": 2, "other": 1}, "units_read": 1, "units_planned": 1, "budget_limited": false, "deferred_reason": null, "spend_usd": 0.29679, "elapsed_s": 56.101, "executor_profile": "linux-container-v1"}
{"unit_id": "pallets/click#3858", "lines": {"red": 0, "value": 0, "gate": 0, "impact": 0}}
{"unit_id": "pallets/itsdangerous#405", "task_id": "20260911-214442-28ac1db8", "recorded_at": "2026-09-11T21:44:42.313484+00:00", "candidates": 0, "eligible": 0, "attempted": 0, "certified": 0, "would_publish": [], "behavior_changes_verified": 0, "behavior_changes_intent_unknown": 0, "failure_categories": {}, "units_read": 1, "units_planned": 3, "budget_limited": true, "deferred_reason": null, "spend_usd": 0.008746, "elapsed_s": 3.066, "executor_profile": ""}
{"unit_id": "pallets/itsdangerous#405", "lines": {"red": 0, "value": 0, "gate": 0, "impact": 0}}
{"unit_id": "pallets/jinja#2098", "task_id": "20260911-214445-cc0a9f9c", "recorded_at": "2026-09-11T21:44:45.488643+00:00", "candidates": 4, "eligible": 0, "attempted": 0, "certified": 0, "would_publish": [], "behavior_changes_verified": 0, "behavior_changes_intent_unknown": 0, "failure_categories": {}, "units_read": 1, "units_planned": 1, "budget_limited": false, "deferred_reason": null, "spend_usd": 0.033301, "elapsed_s": 9.8, "executor_profile": "linux-container-v1"}
{"unit_id": "pallets/jinja#2098", "lines": {"red": 0, "value": 0, "gate": 0, "impact": 0}}
{"unit_id": "pypa/packaging#1392", "task_id": "20260911-214456-f31ba0f0", "recorded_at": "2026-09-11T21:44:56.139399+00:00", "candidates": 0, "eligible": 0, "attempted": 0, "certified": 0, "would_publish": [], "behavior_changes_verified": 0, "behavior_changes_intent_unknown": 0, "failure_categories": {}, "units_read": 1, "units_planned": 1, "budget_limited": false, "deferred_reason": null, "spend_usd": 0.021656, "elapsed_s": 5.185, "executor_profile": ""}
{"unit_id": "pypa/packaging#1392", "lines": {"red": 0, "value": 0, "gate": 0, "impact": 0}}
{"unit_id": "python-attrs/attrs#1603", "task_id": "20260911-214502-fd4b177a", "recorded_at": "2026-09-11T21:45:02.908291+00:00", "candidates": 5, "eligible": 5, "attempted": 3, "certified": 2, "would_publish": ["6febbf922e", "986187b2bb"], "behavior_changes_verified": 0, "behavior_changes_intent_unknown": 0, "failure_categories": {"no difference at the change": 1}, "units_read": 2, "units_planned": 5, "budget_limited": true, "deferred_reason": null, "spend_usd": 0.239738, "elapsed_s": 58.998, "executor_profile": "linux-container-v1"}
{"unit_id": "python-attrs/attrs#1603", "lines": {"red": 2, "value": 0, "gate": 0, "impact": 0}}
{"unit_id": "theskumar/python-dotenv#638", "task_id": "20260911-214602-8b9844e1", "recorded_at": "2026-09-11T21:46:02.930871+00:00", "candidates": 0, "eligible": 0, "attempted": 0, "certified": 0, "would_publish": [], "behavior_changes_verified": 0, "behavior_changes_intent_unknown": 0, "failure_categories": {}, "units_read": 1, "units_planned": 1, "budget_limited": false, "deferred_reason": null, "spend_usd": 0.01264, "elapsed_s": 3.219, "executor_profile": ""}
{"unit_id": "theskumar/python-dotenv#638", "lines": {"red": 0, "value": 0, "gate": 0, "impact": 0}}
{"unit_id": "urllib3/urllib3#5212", "task_id": "20260911-214606-6f547e30", "recorded_at": "2026-09-11T21:46:06.363570+00:00", "candidates": 0, "eligible": 0, "attempted": 0, "certified": 0, "would_publish": [], "behavior_changes_verified": 0, "behavior_changes_intent_unknown": 0, "failure_categories": {}, "units_read": 1, "units_planned": 1, "budget_limited": false, "deferred_reason": null, "spend_usd": 0.014, "elapsed_s": 4.047, "executor_profile": ""}
{"unit_id": "urllib3/urllib3#5212", "lines": {"red": 0, "value": 0, "gate": 0, "impact": 0}}
{"unit_id": "more-itertools/more-itertools#1261", "task_id": "20260911-214611-3a268780", "recorded_at": "2026-09-11T21:46:11.724908+00:00", "candidates": 4, "eligible": 4, "attempted": 3, "certified": 0, "would_publish": [], "behavior_changes_verified": 0, "behavior_changes_intent_unknown": 0, "failure_categories": {"no difference at the change": 3}, "units_read": 1, "units_planned": 1, "budget_limited": false, "deferred_reason": null, "spend_usd": 0.249022, "elapsed_s": 109.719, "executor_profile": "linux-container-v1"}
{"unit_id": "more-itertools/more-itertools#1261", "lines": {"red": 0, "value": 0, "gate": 0, "impact": 0}}
{"unit_id": "pallets/click#3851", "task_id": "20260911-214803-8f0b650e", "recorded_at": "2026-09-11T21:48:03.005140+00:00", "candidates": 9, "eligible": 0, "attempted": 0, "certified": 0, "would_publish": [], "behavior_changes_verified": 0, "behavior_changes_intent_unknown": 0, "failure_categories": {}, "units_read": 2, "units_planned": 5, "budget_limited": true, "deferred_reason": null, "spend_usd": 0.104726, "elapsed_s": 28.024, "executor_profile": "linux-container-v1"}
{"unit_id": "pallets/click#3851", "lines": {"red": 0, "value": 0, "gate": 0, "impact": 0}}
{"unit_id": "pallets/itsdangerous#378", "task_id": "20260911-214832-84e04456", "recorded_at": "2026-09-11T21:48:32.607044+00:00", "candidates": 4, "eligible": 2, "attempted": 2, "certified": 0, "would_publish": [], "behavior_changes_verified": 0, "behavior_changes_intent_unknown": 1, "failure_categories": {"collection failure": 1, "other": 1}, "units_read": 1, "units_planned": 1, "budget_limited": false, "deferred_reason": null, "spend_usd": 0.124088, "elapsed_s": 24.87, "executor_profile": "linux-container-v1"}
{"unit_id": "pallets/itsdangerous#378", "lines": {"red": 0, "value": 0, "gate": 0, "impact": 0}}
{"unit_id": "pallets/jinja#2096", "task_id": "20260911-214857-de103cf2", "recorded_at": "2026-09-11T21:48:57.576117+00:00", "candidates": 4, "eligible": 4, "attempted": 3, "certified": 0, "would_publish": [], "behavior_changes_verified": 0, "behavior_changes_intent_unknown": 0, "failure_categories": {"no difference at the change": 3}, "units_read": 1, "units_planned": 16, "budget_limited": true, "deferred_reason": null, "spend_usd": 0.319782, "elapsed_s": 57.947, "executor_profile": "linux-container-v1"}
{"unit_id": "pallets/jinja#2096", "lines": {"red": 0, "value": 0, "gate": 0, "impact": 2}}
{"unit_id": "pypa/packaging#1384", "task_id": "20260911-214957-5c9b8a51", "recorded_at": "2026-09-11T21:49:57.125401+00:00", "candidates": 0, "eligible": 0, "attempted": 0, "certified": 0, "would_publish": [], "behavior_changes_verified": 0, "behavior_changes_intent_unknown": 0, "failure_categories": {}, "units_read": 1, "units_planned": 1, "budget_limited": false, "deferred_reason": null, "spend_usd": 0.016538, "elapsed_s": 4.926, "executor_profile": ""}
{"unit_id": "pypa/packaging#1384", "lines": {"red": 0, "value": 0, "gate": 0, "impact": 0}}
{"unit_id": "python-attrs/attrs#1571", "task_id": "20260911-215003-84d00b6b", "recorded_at": "2026-09-11T21:50:03.701468+00:00", "candidates": 4, "eligible": 0, "attempted": 0, "certified": 0, "would_publish": [], "behavior_changes_verified": 0, "behavior_changes_intent_unknown": 0, "failure_categories": {}, "units_read": 1, "units_planned": 1, "budget_limited": false, "deferred_reason": null, "spend_usd": 0.04042, "elapsed_s": 17.874, "executor_profile": "linux-container-v1"}
{"unit_id": "python-attrs/attrs#1571", "lines": {"red": 0, "value": 0, "gate": 0, "impact": 0}}
{"unit_id": "theskumar/python-dotenv#640", "task_id": "20260911-215022-a86d8f1d", "recorded_at": "2026-09-11T21:50:22.285646+00:00", "candidates": 2, "eligible": 2, "attempted": 2, "certified": 0, "would_publish": [], "behavior_changes_verified": 0, "behavior_changes_intent_unknown": 2, "failure_categories": {"behavior change, intent unknown": 2}, "units_read": 1, "units_planned": 1, "budget_limited": false, "deferred_reason": null, "spend_usd": 0.070493, "elapsed_s": 39.616, "executor_profile": "linux-container-v1"}
{"unit_id": "theskumar/python-dotenv#640", "lines": {"red": 0, "value": 1, "gate": 0, "impact": 0}}
{"unit_id": "urllib3/urllib3#5221", "task_id": "20260911-215102-fc3b6442", "recorded_at": "2026-09-11T21:51:02.052935+00:00", "candidates": 6, "eligible": 6, "attempted": 3, "certified": 0, "would_publish": [], "behavior_changes_verified": 0, "behavior_changes_intent_unknown": 0, "failure_categories": {"environment or import failure": 3}, "units_read": 1, "units_planned": 1, "budget_limited": false, "deferred_reason": null, "spend_usd": 0.199717, "elapsed_s": 43.605, "executor_profile": "linux-container-v1"}
{"unit_id": "urllib3/urllib3#5221", "lines": {"red": 0, "value": 0, "gate": 0, "impact": 0}}
